2026-07-21 10:35:41.439 | INFO     | N/A | 进入天气查询工具
2026-07-21 10:35:41.446 | INFO     | N/A | 🔍 执行混合检索 | Collection: user_plans | Query: 北京 文化游 3天 适中 游记 行程 | City: 北京
2026-07-21 10:35:41.728 | INFO     | N/A | 混合检索完成 → 召回 0 条
2026-07-21 10:35:41.734 | INFO     | N/A | 🔍 执行混合检索 | Collection: attractions | Query: 北京  景点 历史文化 特色 | City: 北京
2026-07-21 10:35:41.824 | INFO     | N/A | 混合检索完成 → 召回 3 条
2026-07-21 10:35:41.828 | INFO     | N/A | 🔍 执行混合检索 | Collection: classic_routes | Query: 北京 3日游 经典行程 | City: 北京
2026-07-21 10:35:41.878 | INFO     | N/A | 混合检索完成 → 召回 0 条
2026-07-21 10:35:47.623 | INFO     | N/A | 🔍 执行混合检索 | Collection: attractions | Query: 北京素食 北京美食 特色餐厅 不吃辣 | City: 北京
2026-07-21 10:35:47.720 | INFO     | N/A | 混合检索完成 → 召回 3 条
2026-07-21 10:35:47.725 | INFO     | N/A | 🔍 执行混合检索 | Collection: attractions | Query: 北京 天坛 天安门 北海 恭王府 胡同 景点 历史文化 特色 | City: 北京
2026-07-21 10:35:47.809 | INFO     | N/A | 混合检索完成 → 召回 3 条
2026-07-21 10:35:47.812 | INFO     | N/A | 🔍 执行混合检索 | Collection: attractions | Query: 北京必去景点 天坛 天安门 什刹海 胡同 | City: 北京
2026-07-21 10:35:47.885 | INFO     | N/A | 混合检索完成 → 召回 3 条
2026-07-21 10:35:52.141 | INFO     | N/A | 🔍 执行混合检索 | Collection: attractions | Query: 北京 天坛 天安门广场 北海公园 恭王府 景点 历史文化 特色 | City: 北京
2026-07-21 10:35:52.230 | INFO     | N/A | 混合检索完成 → 召回 3 条
2026-07-21 10:35:52.233 | INFO     | N/A | 🔍 执行混合检索 | Collection: attractions | Query: 天坛公园 天安门广场 北海公园 恭王府 南锣鼓巷 | City: 北京
2026-07-21 10:35:52.310 | INFO     | N/A | 混合检索完成 → 召回 3 条
2026-07-21 10:35:57.138 | INFO     | N/A | 进入天气查询工具
2026-07-21 10:35:57.144 | INFO     | N/A | 进入天气查询工具
2026-07-21 10:35:57.145 | INFO     | N/A | 进入天气查询工具
2026-07-21 10:41:05.724 | INFO     | N/A | 进入天气查询工具
2026-07-21 10:41:05.738 | INFO     | N/A | 🔍 执行混合检索 | Collection: user_plans | Query: 北京 文化游 3天 适中节奏 游记 行程 | City: 北京
2026-07-21 10:41:05.770 | INFO     | N/A | 混合检索完成 → 召回 0 条
2026-07-21 10:41:05.775 | INFO     | N/A | 🔍 执行混合检索 | Collection: attractions | Query: 北京 必去景点 故宫 天安门 长城 颐和园 天坛 景点 历史文化 特色 | City: 北京
2026-07-21 10:41:05.860 | INFO     | N/A | 混合检索完成 → 召回 3 条
2026-07-21 10:41:05.863 | INFO     | N/A | 🔍 执行混合检索 | Collection: classic_routes | Query: 北京 3日游 经典行程 | City: 北京
2026-07-21 10:41:05.928 | INFO     | N/A | 混合检索完成 → 召回 0 条
2026-07-21 10:41:10.731 | INFO     | N/A | 🔍 执行混合检索 | Collection: classic_routes | Query: 北京 3日游 经典行程 | City: 北京
2026-07-21 10:41:10.755 | INFO     | N/A | 混合检索完成 → 召回 0 条
2026-07-21 10:41:10.759 | INFO     | N/A | 🔍 执行混合检索 | Collection: attractions | Query: 北京必去景点 天坛 恭王府 北海公园 什刹海 胡同文化 | City: 北京
2026-07-21 10:41:10.825 | INFO     | N/A | 混合检索完成 → 召回 3 条
2026-07-21 10:41:10.828 | INFO     | N/A | 🔍 执行混合检索 | Collection: attractions | Query: 北京特色美食 素食 不吃辣 老北京餐厅推荐 | City: 北京
2026-07-21 10:41:10.904 | INFO     | N/A | 混合检索完成 → 召回 3 条
2026-07-21 10:41:14.403 | INFO     | N/A | 🔍 执行混合检索 | Collection: attractions | Query: 北京 天坛 恭王府 南锣鼓巷 景山公园 国家博物馆 景点 历史文化 特色 | City: 北京
2026-07-21 10:41:14.504 | INFO     | N/A | 混合检索完成 → 召回 3 条
2026-07-21 10:41:14.507 | INFO     | N/A | 🔍 执行混合检索 | Collection: attractions | Query: 北京素食餐厅 老北京小吃 适合不吃辣 传统美食 | City: 北京
2026-07-21 10:41:14.597 | INFO     | N/A | 混合检索完成 → 召回 3 条
2026-07-21 10:41:19.692 | INFO     | N/A | 🔍 执行混合检索 | Collection: attractions | Query: 北京恭王府 王府文化 什刹海 胡同游 | City: 北京
2026-07-21 10:41:19.770 | INFO     | N/A | 混合检索完成 → 召回 3 条
2026-07-21 10:41:19.775 | INFO     | N/A | 🔍 执行混合检索 | Collection: attractions | Query: 北京天坛公园 祈年殿 回音壁 皇家祭祀 | City: 北京
2026-07-21 10:41:19.846 | INFO     | N/A | 混合检索完成 → 召回 3 条
2026-07-21 10:41:52.190 | INFO     | N/A | 进入天气查询工具
2026-07-21 12:35:34.269 | INFO     | N/A | 进入天气查询工具
2026-07-21 12:35:34.271 | INFO     | N/A | 🔍 执行混合检索 | Collection: classic_routes | Query: 北京 3日游 经典行程 | City: 北京
2026-07-21 12:35:34.316 | INFO     | N/A | 混合检索完成 → 召回 0 条
2026-07-21 12:35:34.325 | INFO     | N/A | 🔍 执行混合检索 | Collection: attractions | Query: 北京 故宫 景点 历史文化 特色 | City: 北京
2026-07-21 12:35:34.421 | INFO     | N/A | 混合检索完成 → 召回 3 条
2026-07-21 12:35:34.424 | INFO     | N/A | 🔍 执行混合检索 | Collection: attractions | Query: 北京 长城 景点 历史文化 特色 | City: 北京
2026-07-21 12:35:34.501 | INFO     | N/A | 混合检索完成 → 召回 3 条
2026-07-21 12:35:34.505 | INFO     | N/A | 🔍 执行混合检索 | Collection: user_plans | Query: 北京 文化游 3天 中等预算 游记 行程 | City: 北京
2026-07-21 12:35:34.529 | INFO     | N/A | 混合检索完成 → 召回 0 条
2026-07-21 12:35:39.941 | INFO     | N/A | 🔍 执行混合检索 | Collection: attractions | Query: 北京 天安门 景点 历史文化 特色 | City: 北京
2026-07-21 12:35:40.006 | INFO     | N/A | 混合检索完成 → 召回 3 条
2026-07-21 12:35:40.014 | INFO     | N/A | 🔍 执行混合检索 | Collection: attractions | Query: 北京 北京胡同 南锣鼓巷 什刹海 景点 历史文化 特色 | City: 北京
2026-07-21 12:35:40.102 | INFO     | N/A | 混合检索完成 → 召回 3 条
2026-07-21 12:35:40.107 | INFO     | N/A | 🔍 执行混合检索 | Collection: attractions | Query: 北京素食餐厅 素食推荐 北京美食 | City: 北京
2026-07-21 12:35:40.190 | INFO     | N/A | 混合检索完成 → 召回 3 条
2026-07-21 12:35:40.194 | INFO     | N/A | 🔍 执行混合检索 | Collection: attractions | Query: 北京 天坛 景点 历史文化 特色 | City: 北京
2026-07-21 12:35:40.272 | INFO     | N/A | 混合检索完成 → 召回 3 条
2026-07-21 12:35:40.276 | INFO     | N/A | 🔍 执行混合检索 | Collection: attractions | Query: 北京 国家博物馆 北海公园 景点 历史文化 特色 | City: 北京
2026-07-21 12:35:40.342 | INFO     | N/A | 混合检索完成 → 召回 3 条
2026-07-21 12:35:46.861 | INFO     | N/A | 进入天气查询工具
2026-07-21 12:35:46.866 | INFO     | N/A | 🔍 执行混合检索 | Collection: attractions | Query: 北京 天安门广场 升旗 景点 历史文化 特色 | City: 北京
2026-07-21 12:35:46.887 | INFO     | N/A | 进入天气查询工具
2026-07-21 12:35:46.904 | INFO     | N/A | 进入天气查询工具
2026-07-21 12:35:46.940 | INFO     | N/A | 混合检索完成 → 召回 3 条
2026-07-21 12:35:46.947 | INFO     | N/A | 🔍 执行混合检索 | Collection: attractions | Query: 北京 鸟巢 水立方 北京烤鸭 老北京小吃 景点 历史文化 特色 | City: 北京
2026-07-21 12:35:47.031 | INFO     | N/A | 混合检索完成 → 召回 3 条
2026-07-21 12:35:47.034 | INFO     | N/A | 🔍 执行混合检索 | Collection: attractions | Query: 北京 景山公园 北海公园 恭王府 景点 历史文化 特色 | City: 北京
2026-07-21 12:35:47.108 | INFO     | N/A | 混合检索完成 → 召回 3 条
2026-07-21 12:35:51.707 | INFO     | N/A | 🔍 执行混合检索 | Collection: attractions | Query: 北京天安门广场 天坛公园 北京必去景点 | City: 北京
2026-07-21 12:35:51.780 | INFO     | N/A | 混合检索完成 → 召回 3 条
2026-07-21 12:35:51.784 | INFO     | N/A | 🔍 执行混合检索 | Collection: attractions | Query: 北京素食餐厅 素菜馆 适合素食者的餐厅 | City: 北京
2026-07-21 12:35:51.870 | INFO     | N/A | 混合检索完成 → 召回 3 条
2026-07-21 12:35:51.875 | INFO     | N/A | 🔍 执行混合检索 | Collection: classic_routes | Query: 北京胡同游 什刹海 南锣鼓巷 798艺术区 文化体验 | City: 北京
2026-07-21 12:35:51.924 | INFO     | N/A | 混合检索完成 → 召回 0 条
2026-07-21 12:50:16.936 | INFO     | N/A | 进入天气查询工具
2026-07-21 12:50:16.943 | INFO     | N/A | 🔍 执行混合检索 | Collection: classic_routes | Query: 北京 3日游 经典行程 | City: 北京
2026-07-21 12:50:16.968 | INFO     | N/A | 混合检索完成 → 召回 0 条
2026-07-21 12:50:16.976 | INFO     | N/A | 🔍 执行混合检索 | Collection: attractions | Query: 北京  景点 历史文化 特色 | City: 北京
2026-07-21 12:50:17.059 | INFO     | N/A | 混合检索完成 → 召回 3 条
2026-07-21 12:50:17.064 | INFO     | N/A | 🔍 执行混合检索 | Collection: user_plans | Query: 北京  游记 行程 | City: 北京
2026-07-21 12:50:17.093 | INFO     | N/A | 混合检索完成 → 召回 0 条
2026-07-21 12:50:24.456 | INFO     | N/A | 🔍 执行混合检索 | Collection: attractions | Query: 北京 胡同 雍和宫 什刹海 南锣鼓巷 国家博物馆 景点 历史文化 特色 | City: 北京
2026-07-21 12:50:24.457 | INFO     | N/A | 进入天气查询工具
2026-07-21 12:50:24.460 | INFO     | N/A | 进入天气查询工具
2026-07-21 12:50:24.461 | INFO     | N/A | 进入天气查询工具
2026-07-21 12:50:24.533 | INFO     | N/A | 混合检索完成 → 召回 3 条
2026-07-21 12:50:24.541 | INFO     | N/A | 🔍 执行混合检索 | Collection: user_plans | Query: 北京文化游三日行程推荐 | City: 北京
2026-07-21 12:50:24.596 | INFO     | N/A | 混合检索完成 → 召回 0 条
2026-07-21 12:50:24.600 | INFO     | N/A | 🔍 执行混合检索 | Collection: attractions | Query: 北京 天安门 天坛 北海 圆明园 鸟巢 景点 历史文化 特色 | City: 北京
2026-07-21 12:50:24.673 | INFO     | N/A | 混合检索完成 → 召回 3 条
2026-07-21 12:50:24.677 | INFO     | N/A | 🔍 执行混合检索 | Collection: classic_routes | Query: 北京3日游行程规划文化游 | City: 北京
2026-07-21 12:50:24.700 | INFO     | N/A | 混合检索完成 → 召回 0 条
2026-07-21 13:32:15.184 | INFO     | N/A | 进入天气查询工具
2026-07-21 13:32:15.185 | INFO     | N/A | 进入天气查询工具
2026-07-21 13:32:15.186 | INFO     | N/A | 进入天气查询工具
2026-07-21 13:32:15.188 | INFO     | N/A | 🔍 执行混合检索 | Collection: user_plans | Query: 北京 文化游 适中节奏 3天 游记 行程 | City: 北京
2026-07-21 13:32:15.217 | INFO     | N/A | 混合检索完成 → 召回 0 条
2026-07-21 13:32:15.223 | INFO     | N/A | 🔍 执行混合检索 | Collection: attractions | Query: 北京 热门景点 景点 历史文化 特色 | City: 北京
2026-07-21 13:32:15.297 | INFO     | N/A | 混合检索完成 → 召回 3 条
2026-07-21 13:32:15.300 | INFO     | N/A | 🔍 执行混合检索 | Collection: classic_routes | Query: 北京 3日游 经典行程 | City: 北京
2026-07-21 13:32:15.326 | INFO     | N/A | 混合检索完成 → 召回 0 条
2026-07-21 13:32:21.294 | INFO     | N/A | 🔍 执行混合检索 | Collection: attractions | Query: 北京 天安门 天坛 北海公园 胡同 景点 历史文化 特色 | City: 北京
2026-07-21 13:32:21.358 | INFO     | N/A | 混合检索完成 → 召回 3 条
2026-07-21 13:32:21.364 | INFO     | N/A | 🔍 执行混合检索 | Collection: attractions | Query: 北京美食 餐厅推荐 素食 不吃辣 | City: 北京
2026-07-21 13:32:21.434 | INFO     | N/A | 混合检索完成 → 召回 3 条
2026-07-21 13:32:21.439 | INFO     | N/A | 🔍 执行混合检索 | Collection: attractions | Query: 北京 美食 餐厅 烤鸭 小吃 景点 历史文化 特色 | City: 北京
2026-07-21 13:32:21.512 | INFO     | N/A | 混合检索完成 → 召回 3 条
2026-07-21 13:32:21.517 | INFO     | N/A | 🔍 执行混合检索 | Collection: classic_routes | Query: 北京3日游行程 故宫 长城 天坛 文化游 | City: 北京
2026-07-21 13:32:21.546 | INFO     | N/A | 混合检索完成 → 召回 0 条
2026-07-21 13:32:25.354 | INFO     | N/A | 🔍 执行混合检索 | Collection: attractions | Query: 北京 天坛 天安门 什刹海 南锣鼓巷 国家博物馆 景山公园 景点 历史文化 特色 | City: 北京
2026-07-21 13:32:25.439 | INFO     | N/A | 混合检索完成 → 召回 3 条
2026-07-21 13:32:30.492 | INFO     | N/A | 🔍 执行混合检索 | Collection: attractions | Query: 北京 国家博物馆 景山公园 北海公园 景点 历史文化 特色 | City: 北京
2026-07-21 13:32:30.558 | INFO     | N/A | 混合检索完成 → 召回 3 条
2026-07-21 13:32:30.565 | INFO     | N/A | 🔍 执行混合检索 | Collection: attractions | Query: 北京 什刹海 胡同 南锣鼓巷 景点 历史文化 特色 | City: 北京
2026-07-21 13:32:30.635 | INFO     | N/A | 混合检索完成 → 召回 3 条
2026-07-21 13:32:30.639 | INFO     | N/A | 🔍 执行混合检索 | Collection: attractions | Query: 北京 天坛 景点 历史文化 特色 | City: 北京
2026-07-21 13:32:30.710 | INFO     | N/A | 混合检索完成 → 召回 3 条
2026-07-21 13:32:30.713 | INFO     | N/A | 🔍 执行混合检索 | Collection: attractions | Query: 北京 天安门广场 景点 历史文化 特色 | City: 北京
2026-07-21 13:32:30.786 | INFO     | N/A | 混合检索完成 → 召回 3 条
2026-07-21 13:33:14.452 | INFO     | N/A | 🔍 执行混合检索 | Collection: classic_routes | Query: 北京 3日游 经典行程 | City: 北京
2026-07-21 13:33:14.457 | INFO     | N/A | 进入天气查询工具
2026-07-21 13:33:14.458 | INFO     | N/A | 进入天气查询工具
2026-07-21 13:33:14.459 | INFO     | N/A | 进入天气查询工具
2026-07-21 13:33:14.487 | INFO     | N/A | 混合检索完成 → 召回 0 条
2026-07-21 13:33:18.937 | INFO     | N/A | 🔍 执行混合检索 | Collection: user_plans | Query: 北京  游记 行程 | City: 北京
2026-07-21 13:33:18.961 | INFO     | N/A | 混合检索完成 → 召回 0 条
2026-07-21 13:33:18.964 | INFO     | N/A | 🔍 执行混合检索 | Collection: attractions | Query: 北京  景点 历史文化 特色 | City: 北京
2026-07-21 13:33:19.039 | INFO     | N/A | 混合检索完成 → 召回 3 条
2026-07-21 13:33:19.041 | INFO     | N/A | 🔍 执行混合检索 | Collection: attractions | Query: 北京素食餐厅 素食友好 不吃辣 | City: 北京
2026-07-21 13:33:19.115 | INFO     | N/A | 混合检索完成 → 召回 3 条
2026-07-21 13:38:44.106 | INFO     | N/A | 进入天气查询工具
2026-07-21 13:38:44.109 | INFO     | N/A | 🔍 执行混合检索 | Collection: classic_routes | Query: 北京 3日游 经典行程 | City: 北京
2026-07-21 13:38:44.114 | INFO     | N/A | 进入天气查询工具
2026-07-21 13:38:44.117 | INFO     | N/A | 进入天气查询工具
2026-07-21 13:38:44.136 | INFO     | N/A | 混合检索完成 → 召回 0 条
2026-07-21 13:38:44.144 | INFO     | N/A | 🔍 执行混合检索 | Collection: attractions | Query: 北京  景点 历史文化 特色 | City: 北京
2026-07-21 13:38:44.216 | INFO     | N/A | 混合检索完成 → 召回 3 条
2026-07-21 13:38:44.220 | INFO     | N/A | 🔍 执行混合检索 | Collection: user_plans | Query: 北京  游记 行程 | City: 北京
2026-07-21 13:38:44.247 | INFO     | N/A | 混合检索完成 → 召回 0 条
2026-07-21 13:38:49.002 | INFO     | N/A | 🔍 执行混合检索 | Collection: classic_routes | Query: 北京 经典三日游 文化之旅 行程规划 | City: 北京
2026-07-21 13:38:49.027 | INFO     | N/A | 混合检索完成 → 召回 0 条
2026-07-21 13:38:49.031 | INFO     | N/A | 🔍 执行混合检索 | Collection: attractions | Query: 北京 天坛 天安门 北海公园 景点 | City: 北京
2026-07-21 13:38:49.099 | INFO     | N/A | 混合检索完成 → 召回 3 条
2026-07-21 13:38:49.103 | INFO     | N/A | 🔍 执行混合检索 | Collection: attractions | Query: 北京 美食 素食 餐厅 推荐 | City: 北京
2026-07-21 13:38:49.175 | INFO     | N/A | 混合检索完成 → 召回 3 条
2026-07-21 13:38:54.090 | INFO     | N/A | 🔍 执行混合检索 | Collection: attractions | Query: 北京 天坛 景点 历史文化 特色 | City: 北京
2026-07-21 13:38:54.166 | INFO     | N/A | 混合检索完成 → 召回 3 条
2026-07-21 13:38:54.171 | INFO     | N/A | 🔍 执行混合检索 | Collection: attractions | Query: 北京 北海公园 恭王府 什刹海 景点 历史文化 特色 | City: 北京
2026-07-21 13:38:54.254 | INFO     | N/A | 混合检索完成 → 召回 3 条
2026-07-21 13:38:54.257 | INFO     | N/A | 🔍 执行混合检索 | Collection: attractions | Query: 北京 北京 素食 餐厅 景点 历史文化 特色 | City: 北京
2026-07-21 13:38:54.346 | INFO     | N/A | 混合检索完成 → 召回 3 条
2026-07-21 13:38:54.350 | INFO     | N/A | 🔍 执行混合检索 | Collection: attractions | Query: 北京 天安门 景点 历史文化 特色 | City: 北京
2026-07-21 13:38:54.453 | INFO     | N/A | 混合检索完成 → 召回 3 条
2026-07-21 13:38:58.331 | INFO     | N/A | 🔍 执行混合检索 | Collection: attractions | Query: 北京素食餐厅 素食馆 素菜 功德林 静心莲 | City: 北京
2026-07-21 13:38:58.405 | INFO     | N/A | 混合检索完成 → 召回 3 条
2026-07-21 13:38:58.408 | INFO     | N/A | 🔍 执行混合检索 | Collection: attractions | Query: 天坛公园 天安门广场 北海公园 什刹海 恭王府 南锣鼓巷 | City: 北京
2026-07-21 13:38:58.482 | INFO     | N/A | 混合检索完成 → 召回 3 条
2026-07-21 13:39:46.110 | INFO     | N/A | 🔍 执行混合检索 | Collection: classic_routes | Query: 北京 3日游 经典行程 | City: 北京
2026-07-21 13:39:46.113 | INFO     | N/A | 进入天气查询工具
2026-07-21 13:39:46.115 | INFO     | N/A | 进入天气查询工具
2026-07-21 13:39:46.115 | INFO     | N/A | 进入天气查询工具
2026-07-21 13:39:46.131 | INFO     | N/A | 混合检索完成 → 召回 0 条
2026-07-21 13:39:46.135 | INFO     | N/A | 🔍 执行混合检索 | Collection: attractions | Query: 北京  景点 历史文化 特色 | City: 北京
2026-07-21 13:39:46.201 | INFO     | N/A | 混合检索完成 → 召回 3 条
2026-07-21 13:39:50.612 | INFO     | N/A | 🔍 执行混合检索 | Collection: attractions | Query: 北京 景山公园 北海公园 景点 历史文化 特色 | City: 北京
2026-07-21 13:39:50.702 | INFO     | N/A | 混合检索完成 → 召回 3 条
2026-07-21 13:39:50.707 | INFO     | N/A | 🔍 执行混合检索 | Collection: attractions | Query: 北京 天坛 景点 历史文化 特色 | City: 北京
2026-07-21 13:39:50.839 | INFO     | N/A | 混合检索完成 → 召回 3 条
2026-07-21 13:39:50.845 | INFO     | N/A | 🔍 执行混合检索 | Collection: user_plans | Query: 北京 素食 文化游 游记 行程 | City: 北京
2026-07-21 13:39:50.871 | INFO     | N/A | 混合检索完成 → 召回 0 条
2026-07-21 13:39:50.875 | INFO     | N/A | 🔍 执行混合检索 | Collection: attractions | Query: 北京 恭王府 什刹海 南锣鼓巷 景点 历史文化 特色 | City: 北京
2026-07-21 13:39:50.945 | INFO     | N/A | 混合检索完成 → 召回 3 条
2026-07-21 13:41:43.398 | INFO     | N/A | 进入天气查询工具
2026-07-21 13:41:43.401 | INFO     | N/A | 进入天气查询工具
2026-07-21 13:41:43.405 | INFO     | N/A | 进入天气查询工具
2026-07-21 13:41:43.408 | INFO     | N/A | 🔍 执行混合检索 | Collection: attractions | Query: 北京 长城 景点 历史文化 特色 | City: 北京
2026-07-21 13:41:43.480 | INFO     | N/A | 混合检索完成 → 召回 3 条
2026-07-21 13:41:43.489 | INFO     | N/A | 🔍 执行混合检索 | Collection: user_plans | Query: 北京 文化游 素食 不吃辣 中等预算 游记 行程 | City: 北京
2026-07-21 13:41:43.523 | INFO     | N/A | 混合检索完成 → 召回 0 条
2026-07-21 13:41:43.532 | INFO     | N/A | 🔍 执行混合检索 | Collection: attractions | Query: 北京 故宫 景点 历史文化 特色 | City: 北京
2026-07-21 13:41:43.601 | INFO     | N/A | 混合检索完成 → 召回 3 条
2026-07-21 13:41:43.606 | INFO     | N/A | 🔍 执行混合检索 | Collection: classic_routes | Query: 北京 3日游 经典行程 | City: 北京
2026-07-21 13:41:43.635 | INFO     | N/A | 混合检索完成 → 召回 0 条
2026-07-21 13:41:43.640 | INFO     | N/A | 🔍 执行混合检索 | Collection: attractions | Query: 北京 天坛 景点 历史文化 特色 | City: 北京
2026-07-21 13:41:43.708 | INFO     | N/A | 混合检索完成 → 召回 3 条
2026-07-21 13:41:50.440 | INFO     | N/A | 🔍 执行混合检索 | Collection: attractions | Query: 北京 胡同 国家博物馆 北海公园 景点 历史文化 特色 | City: 北京
2026-07-21 13:41:50.519 | INFO     | N/A | 混合检索完成 → 召回 3 条
2026-07-21 13:41:50.525 | INFO     | N/A | 🔍 执行混合检索 | Collection: attractions | Query: 北京 恭王府 什刹海 南锣鼓巷 景点 历史文化 特色 | City: 北京
2026-07-21 13:41:50.595 | INFO     | N/A | 混合检索完成 → 召回 3 条
2026-07-21 13:41:50.601 | INFO     | N/A | 🔍 执行混合检索 | Collection: attractions | Query: 北京素食餐厅 素菜馆 推荐 | City: 北京
2026-07-21 13:41:50.671 | INFO     | N/A | 混合检索完成 → 召回 3 条
2026-07-21 13:41:50.676 | INFO     | N/A | 🔍 执行混合检索 | Collection: classic_routes | Query: 北京美食 餐厅推荐 老北京小吃 | City: 北京
2026-07-21 13:41:50.725 | INFO     | N/A | 混合检索完成 → 召回 0 条
2026-07-21 13:41:50.729 | INFO     | N/A | 🔍 执行混合检索 | Collection: attractions | Query: 北京 天安门 升旗 景点 历史文化 特色 | City: 北京
2026-07-21 13:41:50.808 | INFO     | N/A | 混合检索完成 → 召回 3 条
2026-07-21 13:41:55.224 | INFO     | N/A | 🔍 执行混合检索 | Collection: attractions | Query: 北京天安门广场 国家博物馆 北海公园 | City: 北京
2026-07-21 13:41:55.298 | INFO     | N/A | 混合检索完成 → 召回 3 条
2026-07-21 13:41:55.302 | INFO     | N/A | 🔍 执行混合检索 | Collection: attractions | Query: 北京老北京美食 烤鸭 炸酱面 涮羊肉 餐厅推荐 | City: 北京
2026-07-21 13:41:55.404 | INFO     | N/A | 混合检索完成 → 召回 3 条
2026-07-21 13:42:00.945 | INFO     | N/A | 🔍 执行混合检索 | Collection: user_plans | Query: 北京恭王府 什刹海 南锣鼓巷 胡同游 天坛公园 | City: 北京
2026-07-21 13:42:00.981 | INFO     | N/A | 混合检索完成 → 召回 0 条
2026-07-21 13:42:00.984 | INFO     | N/A | 🔍 执行混合检索 | Collection: attractions | Query: 北京素食餐厅 素食 素菜馆 功德林 静心莲 | City: 北京
2026-07-21 13:42:01.055 | INFO     | N/A | 混合检索完成 → 召回 3 条
2026-07-21 13:42:35.412 | INFO     | N/A | 进入天气查询工具
2026-07-21 13:42:35.414 | INFO     | N/A | 进入天气查询工具
2026-07-21 13:42:35.425 | INFO     | N/A | 进入天气查询工具
2026-07-21 13:42:35.425 | INFO     | N/A | 🔍 执行混合检索 | Collection: classic_routes | Query: 北京 3日游 经典行程 | City: 北京
2026-07-21 13:42:35.453 | INFO     | N/A | 混合检索完成 → 召回 0 条
2026-07-21 13:42:35.458 | INFO     | N/A | 🔍 执行混合检索 | Collection: attractions | Query: 北京  景点 历史文化 特色 | City: 北京
2026-07-21 13:42:35.533 | INFO     | N/A | 混合检索完成 → 召回 3 条
2026-07-21 13:42:41.034 | INFO     | N/A | 🔍 执行混合检索 | Collection: attractions | Query: 北京 天坛 景点 历史文化 特色 | City: 北京
2026-07-21 13:42:41.117 | INFO     | N/A | 混合检索完成 → 召回 3 条
2026-07-21 13:42:41.124 | INFO     | N/A | 🔍 执行混合检索 | Collection: attractions | Query: 北京 景山公园 景点 历史文化 特色 | City: 北京
2026-07-21 13:42:41.207 | INFO     | N/A | 混合检索完成 → 召回 3 条
2026-07-21 13:42:41.213 | INFO     | N/A | 🔍 执行混合检索 | Collection: attractions | Query: 北京 恭王府 景点 历史文化 特色 | City: 北京
2026-07-21 13:42:41.283 | INFO     | N/A | 混合检索完成 → 召回 3 条
2026-07-21 13:42:41.287 | INFO     | N/A | 🔍 执行混合检索 | Collection: attractions | Query: 北京 北海公园 景点 历史文化 特色 | City: 北京
2026-07-21 13:42:41.362 | INFO     | N/A | 混合检索完成 → 召回 3 条
2026-07-21 13:54:03.798 | INFO     | N/A | 进入天气查询工具
2026-07-21 13:54:03.800 | INFO     | N/A | 🔍 执行混合检索 | Collection: classic_routes | Query: 北京 3日游 经典行程 | City: 北京
2026-07-21 13:54:03.825 | INFO     | N/A | 混合检索完成 → 召回 0 条
2026-07-21 13:54:03.828 | INFO     | N/A | 🔍 执行混合检索 | Collection: attractions | Query: 北京 必去景点 景点 历史文化 特色 | City: 北京
2026-07-21 13:54:03.892 | INFO     | N/A | 混合检索完成 → 召回 3 条
2026-07-21 13:54:03.896 | INFO     | N/A | 🔍 执行混合检索 | Collection: user_plans | Query: 北京 文化游 中等预算 适中节奏 游记 行程 | City: 北京
2026-07-21 13:54:03.921 | INFO     | N/A | 混合检索完成 → 召回 0 条
2026-07-21 13:54:07.878 | INFO     | N/A | 🔍 执行混合检索 | Collection: attractions | Query: 北京 天坛 北海公园 恭王府 什刹海 景点 历史文化 特色 | City: 北京
2026-07-21 13:54:07.957 | INFO     | N/A | 混合检索完成 → 召回 3 条
2026-07-21 13:54:07.963 | INFO     | N/A | 🔍 执行混合检索 | Collection: attractions | Query: 北京 天安门 景山公园 南锣鼓巷 国家博物馆 景点 历史文化 特色 | City: 北京
2026-07-21 13:54:08.048 | INFO     | N/A | 混合检索完成 → 召回 3 条
2026-07-21 13:54:08.053 | INFO     | N/A | 🔍 执行混合检索 | Collection: attractions | Query: 北京素食餐厅 不吃辣 推荐 地址 人均 | City: 北京
2026-07-21 13:54:08.146 | INFO     | N/A | 混合检索完成 → 召回 3 条
2026-07-21 13:54:11.487 | INFO     | N/A | 🔍 执行混合检索 | Collection: attractions | Query: 北京素食餐厅 老北京小吃 素食馆 地址 人均 | City: 北京
2026-07-21 13:54:11.554 | INFO     | N/A | 混合检索完成 → 召回 3 条
2026-07-21 13:54:11.558 | INFO     | N/A | 🔍 执行混合检索 | Collection: attractions | Query: 北京天坛 天安门 恭王府 景点门票 开放时间 | City: 北京
2026-07-21 13:54:11.646 | INFO     | N/A | 混合检索完成 → 召回 3 条
2026-07-21 13:54:19.788 | INFO     | N/A | 🔍 执行混合检索 | Collection: classic_routes | Query: 北京三日游 文化游 故宫 长城 天坛 | City: 北京
2026-07-21 13:54:19.810 | INFO     | N/A | 混合检索完成 → 召回 0 条
2026-07-21 13:54:19.813 | INFO     | N/A | 🔍 执行混合检索 | Collection: user_plans | Query: 北京3天 文化游 中等预算 素食 不吃辣 | City: 北京
2026-07-21 13:54:19.837 | INFO     | N/A | 混合检索完成 → 召回 0 条
2026-07-21 14:07:57.980 | INFO     | N/A | 进入天气查询工具
2026-07-21 14:07:57.991 | INFO     | N/A | 🔍 执行混合检索 | Collection: classic_routes | Query: 北京 3日游 经典行程 | City: 北京
2026-07-21 14:07:58.015 | INFO     | N/A | 混合检索完成 → 召回 0 条
2026-07-21 14:07:58.021 | INFO     | N/A | 🔍 执行混合检索 | Collection: attractions | Query: 北京  景点 历史文化 特色 | City: 北京
2026-07-21 14:07:58.092 | INFO     | N/A | 混合检索完成 → 召回 3 条
2026-07-21 14:07:58.096 | INFO     | N/A | 🔍 执行混合检索 | Collection: user_plans | Query: 北京 文化游 素食 不吃辣 中等预算 游记 行程 | City: 北京
2026-07-21 14:07:58.120 | INFO     | N/A | 混合检索完成 → 召回 0 条
2026-07-21 14:08:04.252 | INFO     | N/A | 🔍 执行混合检索 | Collection: attractions | Query: 北京 什刹海 胡同 南锣鼓巷 景点 历史文化 特色 | City: 北京
2026-07-21 14:08:04.330 | INFO     | N/A | 混合检索完成 → 召回 3 条
2026-07-21 14:08:04.339 | INFO     | N/A | 🔍 执行混合检索 | Collection: attractions | Query: 北京素食餐厅推荐 素食馆 | City: 北京
2026-07-21 14:08:04.423 | INFO     | N/A | 混合检索完成 → 召回 3 条
2026-07-21 14:08:04.427 | INFO     | N/A | 🔍 执行混合检索 | Collection: attractions | Query: 北京 天坛 景点 历史文化 特色 | City: 北京
2026-07-21 14:08:04.496 | INFO     | N/A | 混合检索完成 → 召回 3 条
2026-07-21 14:08:04.503 | INFO     | N/A | 🔍 执行混合检索 | Collection: attractions | Query: 北京 国家博物馆 恭王府 景点 历史文化 特色 | City: 北京
2026-07-21 14:08:04.581 | INFO     | N/A | 混合检索完成 → 召回 3 条
2026-07-21 14:08:04.584 | INFO     | N/A | 🔍 执行混合检索 | Collection: attractions | Query: 北京 天安门 景点 历史文化 特色 | City: 北京
2026-07-21 14:08:04.647 | INFO     | N/A | 混合检索完成 → 召回 3 条
2026-07-21 14:08:09.503 | INFO     | N/A | 进入天气查询工具
2026-07-21 14:08:09.509 | INFO     | N/A | 进入天气查询工具
2026-07-21 14:08:09.509 | INFO     | N/A | 进入天气查询工具
