2026-07-09 14:15:58.859 | INFO     | N/A | 🔍 执行混合检索 | Collection: attractions | Query: 北京 著名景点 景点 历史文化 特色 | City: 北京
2026-07-09 14:15:59.261 | INFO     | N/A | 混合检索完成 → 召回 3 条
2026-07-09 14:21:59.210 | INFO     | N/A | 🔍 执行混合检索 | Collection: attractions | Query: 北京 景点 景点 历史文化 特色 | City: 北京
2026-07-09 14:21:59.448 | INFO     | N/A | 混合检索完成 → 召回 3 条
2026-07-09 14:48:06.911 | INFO     | N/A | 进入天气查询工具
2026-07-09 14:48:06.925 | INFO     | N/A | 🔍 执行混合检索 | Collection: attractions | Query: 北京  景点 历史文化 特色 | City: 北京
2026-07-09 14:48:07.007 | INFO     | N/A | 混合检索完成 → 召回 3 条
2026-07-09 14:48:07.013 | INFO     | N/A | 🔍 执行混合检索 | Collection: classic_routes | Query: 北京 2日游 经典行程 | City: 北京
2026-07-09 14:48:07.060 | INFO     | N/A | 混合检索完成 → 召回 0 条
2026-07-09 14:48:07.064 | INFO     | N/A | 🔍 执行混合检索 | Collection: user_plans | Query: 北京 文化游 2天 中等预算 游记 行程 | City: 北京
2026-07-09 14:48:07.100 | INFO     | N/A | 混合检索完成 → 召回 0 条
2026-07-09 14:48:12.124 | INFO     | N/A | 🔍 执行混合检索 | Collection: attractions | Query: 北京特色美食 烤鸭 炸酱面 涮羊肉 老北京小吃 餐厅推荐 | City: 北京
2026-07-09 14:48:12.218 | INFO     | N/A | 混合检索完成 → 召回 3 条
2026-07-09 14:48:12.222 | INFO     | N/A | 🔍 执行混合检索 | Collection: attractions | Query: 北京必去景点 天安门 故宫 长城 天坛 颐和园 文化历史 | City: 北京
2026-07-09 14:48:12.311 | INFO     | N/A | 混合检索完成 → 召回 3 条
2026-07-09 14:48:18.216 | INFO     | N/A | 🔍 执行混合检索 | Collection: attractions | Query: 北京 天坛 恭王府 北海公园 什刹海 南锣鼓巷 景点 历史文化 特色 | City: 北京
2026-07-09 14:48:18.301 | INFO     | N/A | 混合检索完成 → 召回 3 条
2026-07-09 14:48:18.305 | INFO     | N/A | 🔍 执行混合检索 | Collection: attractions | Query: 北京 烤鸭 炸酱面 北京小吃 美食 景点 历史文化 特色 | City: 北京
2026-07-09 14:48:18.378 | INFO     | N/A | 混合检索完成 → 召回 3 条
2026-07-09 14:48:23.852 | INFO     | N/A | 🔍 执行混合检索 | Collection: attractions | Query: 天坛 历史文化 世界文化遗产 北京 | City: 北京
2026-07-09 14:48:23.932 | INFO     | N/A | 混合检索完成 → 召回 3 条
2026-07-09 14:48:23.937 | INFO     | N/A | 🔍 执行混合检索 | Collection: attractions | Query: 北京素食餐厅 素菜 不吃辣 美食 老字号 | City: 北京
2026-07-09 14:48:24.022 | INFO     | N/A | 混合检索完成 → 召回 3 条
2026-07-09 14:48:59.309 | INFO     | N/A | 进入天气查询工具
2026-07-09 14:48:59.329 | INFO     | N/A | 🔍 执行混合检索 | Collection: attractions | Query: 北京  景点 历史文化 特色 | City: 北京
2026-07-09 14:48:59.428 | INFO     | N/A | 混合检索完成 → 召回 3 条
2026-07-09 14:48:59.433 | INFO     | N/A | 🔍 执行混合检索 | Collection: classic_routes | Query: 北京 2日游 经典行程 | City: 北京
2026-07-09 14:48:59.465 | INFO     | N/A | 混合检索完成 → 召回 0 条
2026-07-09 14:49:04.502 | INFO     | N/A | 🔍 执行混合检索 | Collection: user_plans | Query: 北京  游记 行程 | City: 北京
2026-07-09 14:49:04.534 | INFO     | N/A | 混合检索完成 → 召回 0 条
2026-07-09 15:30:19.059 | INFO     | N/A | 进入天气查询工具
2026-07-09 15:30:19.068 | INFO     | N/A | 🔍 执行混合检索 | Collection: attractions | Query: 北京  景点 历史文化 特色 | City: 北京
2026-07-09 15:30:19.161 | INFO     | N/A | 混合检索完成 → 召回 3 条
2026-07-09 15:30:19.168 | INFO     | N/A | 🔍 执行混合检索 | Collection: classic_routes | Query: 北京 3日游 经典行程 | City: 北京
2026-07-09 15:30:19.198 | INFO     | N/A | 混合检索完成 → 召回 0 条
2026-07-09 15:30:19.202 | INFO     | N/A | 🔍 执行混合检索 | Collection: user_plans | Query: 北京 文化游 经典 3天 中等 游记 行程 | City: 北京
2026-07-09 15:30:19.229 | INFO     | N/A | 混合检索完成 → 召回 0 条
2026-07-09 15:30:25.101 | INFO     | N/A | 🔍 执行混合检索 | Collection: attractions | Query: 北京 天安门 天坛 什刹海 胡同 景点 历史文化 特色 | City: 北京
2026-07-09 15:30:25.189 | INFO     | N/A | 混合检索完成 → 召回 3 条
2026-07-09 15:30:25.193 | INFO     | N/A | 🔍 执行混合检索 | Collection: classic_routes | Query: 北京经典三日游攻略 天安门 故宫 长城 | City: 北京
2026-07-09 15:30:25.216 | INFO     | N/A | 混合检索完成 → 召回 0 条
2026-07-09 15:30:25.220 | INFO     | N/A | 🔍 执行混合检索 | Collection: attractions | Query: 北京美食 素食 不吃辣 推荐餐厅 | City: 北京
2026-07-09 15:30:25.296 | INFO     | N/A | 混合检索完成 → 召回 3 条
2026-07-09 15:33:32.487 | INFO     | N/A | 进入天气查询工具
2026-07-09 15:33:32.501 | INFO     | N/A | 🔍 执行混合检索 | Collection: classic_routes | Query: 北京 3日游 经典行程 | City: 北京
2026-07-09 15:33:32.544 | INFO     | N/A | 混合检索完成 → 召回 0 条
2026-07-09 15:33:32.547 | INFO     | N/A | 🔍 执行混合检索 | Collection: user_plans | Query: 北京 文化游 经典 3天 中等预算 游记 行程 | City: 北京
2026-07-09 15:33:32.574 | INFO     | N/A | 混合检索完成 → 召回 0 条
2026-07-09 15:33:32.578 | INFO     | N/A | 🔍 执行混合检索 | Collection: attractions | Query: 北京 经典必去景点 景点 历史文化 特色 | City: 北京
2026-07-09 15:33:32.657 | INFO     | N/A | 混合检索完成 → 召回 3 条
2026-07-09 18:04:24.988 | INFO     | N/A | 进入天气查询工具
2026-07-09 18:04:25.003 | INFO     | N/A | 🔍 执行混合检索 | Collection: classic_routes | Query: 北京 2日游 经典行程 | City: 北京
2026-07-09 18:04:25.089 | INFO     | N/A | 混合检索完成 → 召回 0 条
2026-07-09 18:04:25.099 | INFO     | N/A | 🔍 执行混合检索 | Collection: attractions | Query: 北京  景点 历史文化 特色 | City: 北京
2026-07-09 18:04:25.182 | INFO     | N/A | 混合检索完成 → 召回 3 条
2026-07-09 18:04:25.185 | INFO     | N/A | 🔍 执行混合检索 | Collection: user_plans | Query: 北京 文化游 2天 北京 游记 行程 | City: 北京
2026-07-09 18:04:25.215 | INFO     | N/A | 混合检索完成 → 召回 0 条
2026-07-09 18:04:31.271 | INFO     | N/A | 🔍 执行混合检索 | Collection: attractions | Query: 北京 天坛 北海 什刹海 南锣鼓巷 天安门 景点 历史文化 特色 | City: 北京
2026-07-09 18:04:31.355 | INFO     | N/A | 混合检索完成 → 召回 3 条
2026-07-09 18:04:31.362 | INFO     | N/A | 🔍 执行混合检索 | Collection: attractions | Query: 北京特色美食 素食 北京烤鸭 故宫附近餐厅 | City: 北京
2026-07-09 18:04:31.446 | INFO     | N/A | 混合检索完成 → 召回 3 条
2026-07-09 18:04:31.449 | INFO     | N/A | 🔍 执行混合检索 | Collection: attractions | Query: 北京 国家博物馆 景山公园 恭王府 雍和宫 景点 历史文化 特色 | City: 北京
2026-07-09 18:04:31.526 | INFO     | N/A | 混合检索完成 → 召回 3 条
2026-07-09 18:04:35.850 | INFO     | N/A | 🔍 执行混合检索 | Collection: user_plans | Query: 北京2日游 文化游 故宫 天安门 天坛 颐和园 | City: 北京
2026-07-09 18:04:35.888 | INFO     | N/A | 混合检索完成 → 召回 0 条
2026-07-09 18:04:35.892 | INFO     | N/A | 🔍 执行混合检索 | Collection: classic_routes | Query: 北京2天旅游攻略 经典行程 文化游 | City: 北京
2026-07-09 18:04:35.923 | INFO     | N/A | 混合检索完成 → 召回 0 条
2026-07-09 18:04:42.279 | INFO     | N/A | 🔍 执行混合检索 | Collection: attractions | Query: 北京素食餐厅 素食馆 北京美食推荐 前门 王府井 | City: 北京
2026-07-09 18:04:42.357 | INFO     | N/A | 混合检索完成 → 召回 3 条
2026-07-09 18:05:20.829 | INFO     | N/A | 进入天气查询工具
2026-07-09 18:05:20.836 | INFO     | N/A | 🔍 执行混合检索 | Collection: classic_routes | Query: 北京 2日游 经典行程 | City: 北京
2026-07-09 18:05:20.864 | INFO     | N/A | 混合检索完成 → 召回 0 条
2026-07-09 18:05:20.877 | INFO     | N/A | 🔍 执行混合检索 | Collection: attractions | Query: 北京  景点 历史文化 特色 | City: 北京
2026-07-09 18:05:20.948 | INFO     | N/A | 混合检索完成 → 召回 3 条
2026-07-09 18:05:24.652 | INFO     | N/A | 🔍 执行混合检索 | Collection: user_plans | Query: 北京 文化游 素食 不吃辣 2天 游记 行程 | City: 北京
2026-07-09 18:05:24.680 | INFO     | N/A | 混合检索完成 → 召回 0 条
2026-07-09 19:02:01.329 | INFO     | N/A | 进入天气查询工具
2026-07-09 19:02:01.347 | INFO     | N/A | 进入天气查询工具
2026-07-09 19:02:01.348 | INFO     | N/A | 进入天气查询工具
2026-07-09 19:02:01.349 | INFO     | N/A | 进入天气查询工具
2026-07-09 19:02:01.370 | INFO     | N/A | 🔍 执行混合检索 | Collection: user_plans | Query: 广州 中等预算 适中节奏 游记 行程 | City: 广州
2026-07-09 19:02:01.406 | INFO     | N/A | 混合检索完成 → 召回 0 条
2026-07-09 19:02:01.411 | INFO     | N/A | 🔍 执行混合检索 | Collection: classic_routes | Query: 广州 3日游 经典行程 | City: 广州
2026-07-09 19:02:01.496 | INFO     | N/A | 混合检索完成 → 召回 1 条
2026-07-09 19:02:01.527 | INFO     | N/A | 🔍 执行混合检索 | Collection: user_plans | Query: 广州 文化游 中等预算 适中节奏 游记 行程 | City: 广州
2026-07-09 19:02:01.563 | INFO     | N/A | 混合检索完成 → 召回 0 条
2026-07-09 19:02:01.574 | INFO     | N/A | 🔍 执行混合检索 | Collection: attractions | Query: 广州  景点 历史文化 特色 | City: 广州
2026-07-09 19:02:01.609 | INFO     | N/A | 混合检索完成 → 召回 15 条
2026-07-09 19:02:01.609 | INFO     | N/A | 开始重排序 Top-12 → Top-10
2026-07-09 19:02:02.004 | INFO     | N/A | ✅ 重排序完成，最终返回 10 条结果
2026-07-09 19:02:02.013 | INFO     | N/A | 🔍 执行混合检索 | Collection: classic_routes | Query: 广州 3日游 经典行程 | City: 广州
2026-07-09 19:02:02.090 | INFO     | N/A | 混合检索完成 → 召回 1 条
2026-07-09 19:02:02.096 | INFO     | N/A | 🔍 执行混合检索 | Collection: classic_routes | Query: 广州 3日游 经典行程 | City: 广州
2026-07-09 19:02:02.165 | INFO     | N/A | 混合检索完成 → 召回 1 条
2026-07-09 19:02:02.170 | INFO     | N/A | 🔍 执行混合检索 | Collection: classic_routes | Query: 广州 3日游 经典行程 | City: 广州
2026-07-09 19:02:02.243 | INFO     | N/A | 混合检索完成 → 召回 1 条
2026-07-09 19:02:02.247 | INFO     | N/A | 🔍 执行混合检索 | Collection: attractions | Query: 广州  景点 历史文化 特色 | City: 广州
2026-07-09 19:02:02.272 | INFO     | N/A | 混合检索完成 → 召回 15 条
2026-07-09 19:02:02.272 | INFO     | N/A | 开始重排序 Top-12 → Top-10
2026-07-09 19:02:02.361 | INFO     | N/A | ✅ 重排序完成，最终返回 10 条结果
2026-07-09 19:02:02.365 | INFO     | N/A | 🔍 执行混合检索 | Collection: attractions | Query: 广州  景点 历史文化 特色 | City: 广州
2026-07-09 19:02:02.386 | INFO     | N/A | 混合检索完成 → 召回 15 条
2026-07-09 19:02:02.386 | INFO     | N/A | 开始重排序 Top-12 → Top-10
2026-07-09 19:02:02.480 | INFO     | N/A | ✅ 重排序完成，最终返回 10 条结果
2026-07-09 19:02:02.617 | INFO     | N/A | 🔍 执行混合检索 | Collection: user_plans | Query: 广州 中等预算 适中节奏 游记 行程 | City: 广州
2026-07-09 19:02:02.639 | INFO     | N/A | 混合检索完成 → 召回 0 条
2026-07-09 19:02:02.648 | INFO     | N/A | 🔍 执行混合检索 | Collection: user_plans | Query: 广州 文化游 3天 中等预算 游记 行程 | City: 广州
2026-07-09 19:02:02.675 | INFO     | N/A | 混合检索完成 → 召回 0 条
2026-07-09 19:02:14.671 | INFO     | N/A | 🔍 执行混合检索 | Collection: attractions | Query: 广州 陈家祠 石室圣心大教堂 中山纪念堂 长隆野生动物世界 景点 历史文化 特色 | City: 广州
2026-07-09 19:02:14.708 | INFO     | N/A | 混合检索完成 → 召回 15 条
2026-07-09 19:02:14.708 | INFO     | N/A | 开始重排序 Top-12 → Top-5
2026-07-09 19:02:14.819 | INFO     | N/A | ✅ 重排序完成，最终返回 5 条结果
2026-07-09 19:02:14.828 | INFO     | N/A | 🔍 执行混合检索 | Collection: attractions | Query: 广州 广州美食 早茶 老字号 景点 历史文化 特色 | City: 广州
2026-07-09 19:02:14.858 | INFO     | N/A | 混合检索完成 → 召回 15 条
2026-07-09 19:02:14.858 | INFO     | N/A | 开始重排序 Top-12 → Top-5
2026-07-09 19:02:14.955 | INFO     | N/A | ✅ 重排序完成，最终返回 5 条结果
2026-07-09 19:02:15.003 | INFO     | N/A | 🔍 执行混合检索 | Collection: attractions | Query: 广州 越秀公园 景点 历史文化 特色 | City: 广州
2026-07-09 19:02:15.030 | INFO     | N/A | 混合检索完成 → 召回 15 条
2026-07-09 19:02:15.030 | INFO     | N/A | 开始重排序 Top-12 → Top-3
2026-07-09 19:02:15.129 | INFO     | N/A | ✅ 重排序完成，最终返回 3 条结果
2026-07-09 19:02:15.140 | INFO     | N/A | 🔍 执行混合检索 | Collection: attractions | Query: 广州 长隆野生动物世界 景点 历史文化 特色 | City: 广州
2026-07-09 19:02:15.167 | INFO     | N/A | 混合检索完成 → 召回 15 条
2026-07-09 19:02:15.167 | INFO     | N/A | 开始重排序 Top-12 → Top-3
2026-07-09 19:02:15.266 | INFO     | N/A | ✅ 重排序完成，最终返回 3 条结果
2026-07-09 19:02:15.272 | INFO     | N/A | 🔍 执行混合检索 | Collection: attractions | Query: 广州 广州塔 景点 历史文化 特色 | City: 广州
2026-07-09 19:02:15.297 | INFO     | N/A | 混合检索完成 → 召回 15 条
2026-07-09 19:02:15.297 | INFO     | N/A | 开始重排序 Top-12 → Top-3
2026-07-09 19:02:15.394 | INFO     | N/A | ✅ 重排序完成，最终返回 3 条结果
2026-07-09 19:02:15.400 | INFO     | N/A | 🔍 执行混合检索 | Collection: attractions | Query: 广州 沙面 景点 历史文化 特色 | City: 广州
2026-07-09 19:02:15.429 | INFO     | N/A | 混合检索完成 → 召回 15 条
2026-07-09 19:02:15.429 | INFO     | N/A | 开始重排序 Top-12 → Top-3
2026-07-09 19:02:15.519 | INFO     | N/A | ✅ 重排序完成，最终返回 3 条结果
2026-07-09 19:02:15.525 | INFO     | N/A | 🔍 执行混合检索 | Collection: attractions | Query: 广州 陈家祠 景点 历史文化 特色 | City: 广州
2026-07-09 19:02:15.549 | INFO     | N/A | 混合检索完成 → 召回 15 条
2026-07-09 19:02:15.549 | INFO     | N/A | 开始重排序 Top-12 → Top-3
2026-07-09 19:02:15.641 | INFO     | N/A | ✅ 重排序完成，最终返回 3 条结果
2026-07-09 19:02:15.652 | INFO     | N/A | 🔍 执行混合检索 | Collection: attractions | Query: 广州 石室圣心大教堂 景点 历史文化 特色 | City: 广州
2026-07-09 19:02:15.676 | INFO     | N/A | 混合检索完成 → 召回 15 条
2026-07-09 19:02:15.677 | INFO     | N/A | 开始重排序 Top-12 → Top-3
2026-07-09 19:02:15.776 | INFO     | N/A | ✅ 重排序完成，最终返回 3 条结果
2026-07-09 19:02:15.782 | INFO     | N/A | 🔍 执行混合检索 | Collection: attractions | Query: 广州 沙面 景点 历史文化 特色 | City: 广州
2026-07-09 19:02:15.806 | INFO     | N/A | 混合检索完成 → 召回 15 条
2026-07-09 19:02:15.806 | INFO     | N/A | 开始重排序 Top-12 → Top-5
2026-07-09 19:02:15.896 | INFO     | N/A | ✅ 重排序完成，最终返回 5 条结果
2026-07-09 19:02:15.901 | INFO     | N/A | 🔍 执行混合检索 | Collection: attractions | Query: 广州 石室圣心大教堂 景点 历史文化 特色 | City: 广州
2026-07-09 19:02:15.923 | INFO     | N/A | 混合检索完成 → 召回 15 条
2026-07-09 19:02:15.924 | INFO     | N/A | 开始重排序 Top-12 → Top-5
2026-07-09 19:02:16.019 | INFO     | N/A | ✅ 重排序完成，最终返回 5 条结果
2026-07-09 19:02:16.025 | INFO     | N/A | 🔍 执行混合检索 | Collection: attractions | Query: 广州 中山纪念堂 景点 历史文化 特色 | City: 广州
2026-07-09 19:02:16.047 | INFO     | N/A | 混合检索完成 → 召回 15 条
2026-07-09 19:02:16.048 | INFO     | N/A | 开始重排序 Top-12 → Top-5
2026-07-09 19:02:16.139 | INFO     | N/A | ✅ 重排序完成，最终返回 5 条结果
2026-07-09 19:02:16.150 | INFO     | N/A | 🔍 执行混合检索 | Collection: attractions | Query: 广州 北京路步行街 景点 历史文化 特色 | City: 广州
2026-07-09 19:02:16.194 | INFO     | N/A | 混合检索完成 → 召回 15 条
2026-07-09 19:02:16.195 | INFO     | N/A | 开始重排序 Top-12 → Top-3
2026-07-09 19:02:16.293 | INFO     | N/A | ✅ 重排序完成，最终返回 3 条结果
2026-07-09 19:02:16.299 | INFO     | N/A | 🔍 执行混合检索 | Collection: attractions | Query: 广州 陈家祠 景点 历史文化 特色 | City: 广州
2026-07-09 19:02:16.324 | INFO     | N/A | 混合检索完成 → 召回 15 条
2026-07-09 19:02:16.324 | INFO     | N/A | 开始重排序 Top-12 → Top-5
2026-07-09 19:02:16.415 | INFO     | N/A | ✅ 重排序完成，最终返回 5 条结果
2026-07-09 19:02:16.421 | INFO     | N/A | 🔍 执行混合检索 | Collection: attractions | Query: 广州 素食 景点 历史文化 特色 | City: 广州
2026-07-09 19:02:16.445 | INFO     | N/A | 混合检索完成 → 召回 15 条
2026-07-09 19:02:16.445 | INFO     | N/A | 开始重排序 Top-12 → Top-5
2026-07-09 19:02:16.535 | INFO     | N/A | ✅ 重排序完成，最终返回 5 条结果
2026-07-09 19:02:16.541 | INFO     | N/A | 🔍 执行混合检索 | Collection: attractions | Query: 广州 中山纪念堂 景点 历史文化 特色 | City: 广州
2026-07-09 19:02:16.564 | INFO     | N/A | 混合检索完成 → 召回 15 条
2026-07-09 19:02:16.564 | INFO     | N/A | 开始重排序 Top-12 → Top-5
2026-07-09 19:02:16.658 | INFO     | N/A | ✅ 重排序完成，最终返回 5 条结果
2026-07-09 19:02:16.665 | INFO     | N/A | 🔍 执行混合检索 | Collection: attractions | Query: 广州 石室圣心大教堂 景点 历史文化 特色 | City: 广州
2026-07-09 19:02:16.689 | INFO     | N/A | 混合检索完成 → 召回 15 条
2026-07-09 19:02:16.689 | INFO     | N/A | 开始重排序 Top-12 → Top-5
2026-07-09 19:02:16.787 | INFO     | N/A | ✅ 重排序完成，最终返回 5 条结果
2026-07-09 19:02:16.796 | INFO     | N/A | 🔍 执行混合检索 | Collection: attractions | Query: 广州 长隆野生动物世界 景点 历史文化 特色 | City: 广州
2026-07-09 19:02:16.826 | INFO     | N/A | 混合检索完成 → 召回 15 条
2026-07-09 19:02:16.827 | INFO     | N/A | 开始重排序 Top-12 → Top-5
2026-07-09 19:02:16.923 | INFO     | N/A | ✅ 重排序完成，最终返回 5 条结果
2026-07-09 19:02:16.928 | INFO     | N/A | 🔍 执行混合检索 | Collection: attractions | Query: 广州 陈家祠 景点 历史文化 特色 | City: 广州
2026-07-09 19:02:16.950 | INFO     | N/A | 混合检索完成 → 召回 15 条
2026-07-09 19:02:16.951 | INFO     | N/A | 开始重排序 Top-12 → Top-5
2026-07-09 19:02:17.043 | INFO     | N/A | ✅ 重排序完成，最终返回 5 条结果
2026-07-09 19:02:19.284 | INFO     | N/A | 🔍 执行混合检索 | Collection: attractions | Query: 广州长隆野生动物世界门票 珠江夜游 广州塔门票 | City: 广州
2026-07-09 19:02:19.322 | INFO     | N/A | 混合检索完成 → 召回 15 条
2026-07-09 19:02:19.322 | INFO     | N/A | 开始重排序 Top-12 → Top-5
2026-07-09 19:02:19.418 | INFO     | N/A | ✅ 重排序完成，最终返回 5 条结果
2026-07-09 19:02:19.422 | INFO     | N/A | 🔍 执行混合检索 | Collection: attractions | Query: 广州早茶推荐 老字号餐厅 地址人均 | City: 广州
2026-07-09 19:02:19.449 | INFO     | N/A | 混合检索完成 → 召回 15 条
2026-07-09 19:02:19.449 | INFO     | N/A | 开始重排序 Top-12 → Top-5
2026-07-09 19:02:19.547 | INFO     | N/A | ✅ 重排序完成，最终返回 5 条结果
2026-07-09 19:02:24.116 | INFO     | N/A | 🔍 执行混合检索 | Collection: attractions | Query: 广州文化景点 历史古迹 荔枝湾 黄埔古港 | City: 广州
2026-07-09 19:02:24.149 | INFO     | N/A | 混合检索完成 → 召回 15 条
2026-07-09 19:02:24.150 | INFO     | N/A | 开始重排序 Top-12 → Top-5
2026-07-09 19:02:24.253 | INFO     | N/A | ✅ 重排序完成，最终返回 5 条结果
2026-07-09 19:02:24.264 | INFO     | N/A | 🔍 执行混合检索 | Collection: attractions | Query: 广州素食餐厅 素食推荐 不吃辣 | City: 广州
2026-07-09 19:02:24.295 | INFO     | N/A | 混合检索完成 → 召回 15 条
2026-07-09 19:02:24.295 | INFO     | N/A | 开始重排序 Top-12 → Top-5
2026-07-09 19:02:24.401 | INFO     | N/A | ✅ 重排序完成，最终返回 5 条结果
2026-07-09 19:02:24.406 | INFO     | N/A | 🔍 执行混合检索 | Collection: attractions | Query: 陈家祠 广州 门票 开放时间 | City: 广州
2026-07-09 19:02:24.446 | INFO     | N/A | 混合检索完成 → 召回 15 条
2026-07-09 19:02:24.446 | INFO     | N/A | 开始重排序 Top-12 → Top-5
2026-07-09 19:02:24.549 | INFO     | N/A | ✅ 重排序完成，最终返回 5 条结果
2026-07-09 19:02:24.561 | INFO     | N/A | 🔍 执行混合检索 | Collection: attractions | Query: 广州 广东省博物馆 景点 历史文化 特色 | City: 广州
2026-07-09 19:02:24.594 | INFO     | N/A | 混合检索完成 → 召回 15 条
2026-07-09 19:02:24.595 | INFO     | N/A | 开始重排序 Top-12 → Top-3
2026-07-09 19:02:24.698 | INFO     | N/A | ✅ 重排序完成，最终返回 3 条结果
2026-07-09 19:02:24.707 | INFO     | N/A | 🔍 执行混合检索 | Collection: attractions | Query: 广州塔 门票 价格 开放时间 | City: 广州
2026-07-09 19:02:24.738 | INFO     | N/A | 混合检索完成 → 召回 15 条
2026-07-09 19:02:24.738 | INFO     | N/A | 开始重排序 Top-12 → Top-5
2026-07-09 19:02:24.838 | INFO     | N/A | ✅ 重排序完成，最终返回 5 条结果
2026-07-09 19:02:24.843 | INFO     | N/A | 🔍 执行混合检索 | Collection: attractions | Query: 广州陈家祠 门票 开放时间 | City: 广州
2026-07-09 19:02:24.869 | INFO     | N/A | 混合检索完成 → 召回 15 条
2026-07-09 19:02:24.870 | INFO     | N/A | 开始重排序 Top-12 → Top-5
2026-07-09 19:02:24.968 | INFO     | N/A | ✅ 重排序完成，最终返回 5 条结果
2026-07-09 19:02:24.972 | INFO     | N/A | 🔍 执行混合检索 | Collection: attractions | Query: 广州美食推荐 早茶 粤菜 餐厅 | City: 广州
2026-07-09 19:02:25.000 | INFO     | N/A | 混合检索完成 → 召回 15 条
2026-07-09 19:02:25.000 | INFO     | N/A | 开始重排序 Top-12 → Top-5
2026-07-09 19:02:25.095 | INFO     | N/A | ✅ 重排序完成，最终返回 5 条结果
2026-07-09 19:02:25.101 | INFO     | N/A | 🔍 执行混合检索 | Collection: attractions | Query: 广州美食 特色餐厅 推荐 | City: 广州
2026-07-09 19:02:25.130 | INFO     | N/A | 混合检索完成 → 召回 15 条
2026-07-09 19:02:25.131 | INFO     | N/A | 开始重排序 Top-12 → Top-5
2026-07-09 19:02:25.223 | INFO     | N/A | ✅ 重排序完成，最终返回 5 条结果
2026-07-09 19:02:25.229 | INFO     | N/A | 🔍 执行混合检索 | Collection: attractions | Query: 广州 中山纪念堂 景点 历史文化 特色 | City: 广州
2026-07-09 19:02:25.254 | INFO     | N/A | 混合检索完成 → 召回 15 条
2026-07-09 19:02:25.254 | INFO     | N/A | 开始重排序 Top-12 → Top-3
2026-07-09 19:02:25.350 | INFO     | N/A | ✅ 重排序完成，最终返回 3 条结果
2026-07-09 19:02:29.746 | INFO     | N/A | 🔍 执行混合检索 | Collection: attractions | Query: 广州 煲仔饭 云吞面 牛杂 粤菜 人均 | City: 广州
2026-07-09 19:02:29.786 | INFO     | N/A | 混合检索完成 → 召回 15 条
2026-07-09 19:02:29.787 | INFO     | N/A | 开始重排序 Top-12 → Top-5
2026-07-09 19:02:29.877 | INFO     | N/A | ✅ 重排序完成，最终返回 5 条结果
2026-07-09 19:02:29.882 | INFO     | N/A | 🔍 执行混合检索 | Collection: attractions | Query: 广州早茶 陶陶居 点都德 广州酒家 推荐 | City: 广州
2026-07-09 19:02:29.911 | INFO     | N/A | 混合检索完成 → 召回 15 条
2026-07-09 19:02:29.911 | INFO     | N/A | 开始重排序 Top-12 → Top-5
2026-07-09 19:02:30.006 | INFO     | N/A | ✅ 重排序完成，最终返回 5 条结果
2026-07-09 19:02:32.399 | INFO     | N/A | 🔍 执行混合检索 | Collection: attractions | Query: 广州素食馆 素菜 素食餐厅 推荐 | City: 广州
2026-07-09 19:02:32.422 | INFO     | N/A | 混合检索完成 → 召回 15 条
2026-07-09 19:02:32.422 | INFO     | N/A | 开始重排序 Top-12 → Top-5
2026-07-09 19:02:32.513 | INFO     | N/A | ✅ 重排序完成，最终返回 5 条结果
2026-07-09 19:02:32.516 | INFO     | N/A | 🔍 执行混合检索 | Collection: attractions | Query: 广州 六榕寺 光孝寺 文化景点 | City: 广州
2026-07-09 19:02:32.544 | INFO     | N/A | 混合检索完成 → 召回 15 条
2026-07-09 19:02:32.544 | INFO     | N/A | 开始重排序 Top-12 → Top-5
2026-07-09 19:02:32.633 | INFO     | N/A | ✅ 重排序完成，最终返回 5 条结果
2026-07-09 19:02:34.221 | INFO     | N/A | 🔍 执行混合检索 | Collection: attractions | Query: 广州 陶陶居 广州酒家 景点 历史文化 特色 | City: 广州
2026-07-09 19:02:34.250 | INFO     | N/A | 混合检索完成 → 召回 15 条
2026-07-09 19:02:34.250 | INFO     | N/A | 开始重排序 Top-12 → Top-3
2026-07-09 19:02:34.348 | INFO     | N/A | ✅ 重排序完成，最终返回 3 条结果
2026-07-09 19:02:34.353 | INFO     | N/A | 🔍 执行混合检索 | Collection: attractions | Query: 广州 银记肠粉 南信双皮奶 景点 历史文化 特色 | City: 广州
2026-07-09 19:02:34.383 | INFO     | N/A | 混合检索完成 → 召回 15 条
2026-07-09 19:02:34.383 | INFO     | N/A | 开始重排序 Top-12 → Top-3
2026-07-09 19:02:34.483 | INFO     | N/A | ✅ 重排序完成，最终返回 3 条结果
2026-07-09 19:02:34.487 | INFO     | N/A | 🔍 执行混合检索 | Collection: attractions | Query: 广州 点都德 早茶 景点 历史文化 特色 | City: 广州
2026-07-09 19:02:34.514 | INFO     | N/A | 混合检索完成 → 召回 15 条
2026-07-09 19:02:34.514 | INFO     | N/A | 开始重排序 Top-12 → Top-3
2026-07-09 19:02:34.609 | INFO     | N/A | ✅ 重排序完成，最终返回 3 条结果
2026-07-09 19:02:51.095 | INFO     | N/A | 进入天气查询工具
2026-07-09 19:02:51.095 | INFO     | N/A | 🔍 执行混合检索 | Collection: classic_routes | Query: 广州 3日游 经典行程 | City: 广州
2026-07-09 19:02:51.112 | INFO     | N/A | 进入天气查询工具
2026-07-09 19:02:51.117 | INFO     | N/A | 进入天气查询工具
2026-07-09 19:02:51.118 | INFO     | N/A | 进入天气查询工具
2026-07-09 19:02:51.171 | INFO     | N/A | 混合检索完成 → 召回 1 条
2026-07-09 19:02:51.176 | INFO     | N/A | 🔍 执行混合检索 | Collection: user_plans | Query: 广州 3天 中等预算 适中节奏 游记 行程 | City: 广州
2026-07-09 19:02:51.202 | INFO     | N/A | 混合检索完成 → 召回 0 条
2026-07-09 19:02:59.038 | INFO     | N/A | 🔍 执行混合检索 | Collection: attractions | Query: 广州 越秀公园 景点 历史文化 特色 | City: 广州
2026-07-09 19:02:59.059 | INFO     | N/A | 混合检索完成 → 召回 15 条
2026-07-09 19:02:59.059 | INFO     | N/A | 开始重排序 Top-12 → Top-5
2026-07-09 19:02:59.149 | INFO     | N/A | ✅ 重排序完成，最终返回 5 条结果
2026-07-09 19:02:59.157 | INFO     | N/A | 🔍 执行混合检索 | Collection: attractions | Query: 广州 陈家祠 景点 历史文化 特色 | City: 广州
2026-07-09 19:02:59.196 | INFO     | N/A | 混合检索完成 → 召回 15 条
2026-07-09 19:02:59.196 | INFO     | N/A | 开始重排序 Top-12 → Top-5
2026-07-09 19:02:59.285 | INFO     | N/A | ✅ 重排序完成，最终返回 5 条结果
2026-07-09 19:02:59.290 | INFO     | N/A | 🔍 执行混合检索 | Collection: attractions | Query: 广州 广州塔 景点 历史文化 特色 | City: 广州
2026-07-09 19:02:59.312 | INFO     | N/A | 混合检索完成 → 召回 15 条
2026-07-09 19:02:59.312 | INFO     | N/A | 开始重排序 Top-12 → Top-5
2026-07-09 19:02:59.398 | INFO     | N/A | ✅ 重排序完成，最终返回 5 条结果
2026-07-09 19:02:59.403 | INFO     | N/A | 🔍 执行混合检索 | Collection: attractions | Query: 广州 石室圣心大教堂 景点 历史文化 特色 | City: 广州
2026-07-09 19:02:59.428 | INFO     | N/A | 混合检索完成 → 召回 15 条
2026-07-09 19:02:59.428 | INFO     | N/A | 开始重排序 Top-12 → Top-5
2026-07-09 19:02:59.525 | INFO     | N/A | ✅ 重排序完成，最终返回 5 条结果
2026-07-09 19:02:59.531 | INFO     | N/A | 🔍 执行混合检索 | Collection: attractions | Query: 广州 中山纪念堂 景点 历史文化 特色 | City: 广州
2026-07-09 19:02:59.558 | INFO     | N/A | 混合检索完成 → 召回 15 条
2026-07-09 19:02:59.559 | INFO     | N/A | 开始重排序 Top-12 → Top-5
2026-07-09 19:02:59.650 | INFO     | N/A | ✅ 重排序完成，最终返回 5 条结果
2026-07-09 19:02:59.655 | INFO     | N/A | 🔍 执行混合检索 | Collection: attractions | Query: 广州 长隆野生动物世界 景点 历史文化 特色 | City: 广州
2026-07-09 19:02:59.676 | INFO     | N/A | 混合检索完成 → 召回 15 条
2026-07-09 19:02:59.677 | INFO     | N/A | 开始重排序 Top-12 → Top-5
2026-07-09 19:02:59.771 | INFO     | N/A | ✅ 重排序完成，最终返回 5 条结果
2026-07-09 19:02:59.777 | INFO     | N/A | 🔍 执行混合检索 | Collection: attractions | Query: 广州 北京路步行街 景点 历史文化 特色 | City: 广州
2026-07-09 19:02:59.805 | INFO     | N/A | 混合检索完成 → 召回 15 条
2026-07-09 19:02:59.806 | INFO     | N/A | 开始重排序 Top-12 → Top-5
2026-07-09 19:02:59.901 | INFO     | N/A | ✅ 重排序完成，最终返回 5 条结果
2026-07-09 19:02:59.906 | INFO     | N/A | 🔍 执行混合检索 | Collection: attractions | Query: 广州 广东省博物馆 景点 历史文化 特色 | City: 广州
2026-07-09 19:02:59.935 | INFO     | N/A | 混合检索完成 → 召回 15 条
2026-07-09 19:02:59.935 | INFO     | N/A | 开始重排序 Top-12 → Top-5
2026-07-09 19:03:00.036 | INFO     | N/A | ✅ 重排序完成，最终返回 5 条结果
2026-07-09 19:03:00.041 | INFO     | N/A | 🔍 执行混合检索 | Collection: attractions | Query: 广州 沙面 景点 历史文化 特色 | City: 广州
2026-07-09 19:03:00.073 | INFO     | N/A | 混合检索完成 → 召回 15 条
2026-07-09 19:03:00.074 | INFO     | N/A | 开始重排序 Top-12 → Top-5
2026-07-09 19:03:00.165 | INFO     | N/A | ✅ 重排序完成，最终返回 5 条结果
2026-07-09 19:03:00.263 | INFO     | N/A | 🔍 执行混合检索 | Collection: attractions | Query: 广州 点都德 地址 景点 历史文化 特色 | City: 广州
2026-07-09 19:03:00.284 | INFO     | N/A | 混合检索完成 → 召回 15 条
2026-07-09 19:03:00.284 | INFO     | N/A | 开始重排序 Top-12 → Top-3
2026-07-09 19:03:00.374 | INFO     | N/A | ✅ 重排序完成，最终返回 3 条结果
2026-07-09 19:03:06.597 | INFO     | N/A | 🔍 执行混合检索 | Collection: attractions | Query: 广州  景点 历史文化 特色 | City: 广州
2026-07-09 19:03:06.620 | INFO     | N/A | 混合检索完成 → 召回 15 条
2026-07-09 19:03:06.621 | INFO     | N/A | 开始重排序 Top-12 → Top-10
2026-07-09 19:03:06.633 | INFO     | N/A | 进入天气查询工具
2026-07-09 19:03:06.709 | INFO     | N/A | ✅ 重排序完成，最终返回 10 条结果
2026-07-09 19:03:06.719 | INFO     | N/A | 🔍 执行混合检索 | Collection: classic_routes | Query: 广州 3日游 经典行程 | City: 广州
2026-07-09 19:03:06.801 | INFO     | N/A | 混合检索完成 → 召回 1 条
2026-07-09 19:03:06.808 | INFO     | N/A | 🔍 执行混合检索 | Collection: user_plans | Query: 广州 中等预算 适中节奏 3天 游记 行程 | City: 广州
2026-07-09 19:03:06.834 | INFO     | N/A | 混合检索完成 → 召回 0 条
2026-07-09 19:03:13.837 | INFO     | N/A | 🔍 执行混合检索 | Collection: attractions | Query: 广州特色美食 早茶 粤菜 推荐餐厅 | City: 广州
2026-07-09 19:03:13.859 | INFO     | N/A | 混合检索完成 → 召回 15 条
2026-07-09 19:03:13.860 | INFO     | N/A | 开始重排序 Top-12 → Top-10
2026-07-09 19:03:13.897 | INFO     | N/A | 进入天气查询工具
2026-07-09 19:03:13.901 | INFO     | N/A | 进入天气查询工具
2026-07-09 19:03:13.912 | INFO     | N/A | 进入天气查询工具
2026-07-09 19:03:13.915 | INFO     | N/A | 进入天气查询工具
2026-07-09 19:03:13.976 | INFO     | N/A | ✅ 重排序完成，最终返回 10 条结果
2026-07-09 19:03:13.989 | INFO     | N/A | 🔍 执行混合检索 | Collection: attractions | Query: 广州塔 门票价格 开放时间 | City: 广州
2026-07-09 19:03:14.025 | INFO     | N/A | 混合检索完成 → 召回 15 条
2026-07-09 19:03:14.025 | INFO     | N/A | 开始重排序 Top-12 → Top-5
2026-07-09 19:03:14.136 | INFO     | N/A | ✅ 重排序完成，最终返回 5 条结果
2026-07-09 19:03:14.145 | INFO     | N/A | 🔍 执行混合检索 | Collection: attractions | Query: 广州 陈家祠 门票 开放时间 | City: 广州
2026-07-09 19:03:14.178 | INFO     | N/A | 混合检索完成 → 召回 15 条
2026-07-09 19:03:14.179 | INFO     | N/A | 开始重排序 Top-12 → Top-5
2026-07-09 19:03:14.286 | INFO     | N/A | ✅ 重排序完成，最终返回 5 条结果
2026-07-09 19:03:14.304 | INFO     | N/A | 🔍 执行混合检索 | Collection: classic_routes | Query: 广州 3日游 经典行程 | City: 广州
2026-07-09 19:03:14.380 | INFO     | N/A | 混合检索完成 → 召回 1 条
2026-07-09 19:03:14.383 | INFO     | N/A | 🔍 执行混合检索 | Collection: attractions | Query: 广州  景点 历史文化 特色 | City: 广州
2026-07-09 19:03:14.403 | INFO     | N/A | 混合检索完成 → 召回 15 条
2026-07-09 19:03:14.404 | INFO     | N/A | 开始重排序 Top-12 → Top-10
2026-07-09 19:03:14.499 | INFO     | N/A | ✅ 重排序完成，最终返回 10 条结果
2026-07-09 19:03:14.505 | INFO     | N/A | 🔍 执行混合检索 | Collection: user_plans | Query: 广州  游记 行程 | City: 广州
2026-07-09 19:03:14.528 | INFO     | N/A | 混合检索完成 → 召回 0 条
2026-07-09 19:03:14.536 | INFO     | N/A | 🔍 执行混合检索 | Collection: attractions | Query: 广州 文化景点 景点 历史文化 特色 | City: 广州
2026-07-09 19:03:14.560 | INFO     | N/A | 混合检索完成 → 召回 15 条
2026-07-09 19:03:14.561 | INFO     | N/A | 开始重排序 Top-12 → Top-8
2026-07-09 19:03:14.657 | INFO     | N/A | ✅ 重排序完成，最终返回 8 条结果
2026-07-09 19:03:14.662 | INFO     | N/A | 🔍 执行混合检索 | Collection: user_plans | Query: 广州 3天 中等 适中 游记 行程 | City: 广州
2026-07-09 19:03:14.686 | INFO     | N/A | 混合检索完成 → 召回 0 条
2026-07-09 19:03:14.690 | INFO     | N/A | 🔍 执行混合检索 | Collection: attractions | Query: 广州  景点 历史文化 特色 | City: 广州
2026-07-09 19:03:14.736 | INFO     | N/A | 混合检索完成 → 召回 15 条
2026-07-09 19:03:14.736 | INFO     | N/A | 开始重排序 Top-12 → Top-10
2026-07-09 19:03:14.828 | INFO     | N/A | ✅ 重排序完成，最终返回 10 条结果
2026-07-09 19:03:14.841 | INFO     | N/A | 🔍 执行混合检索 | Collection: classic_routes | Query: 广州 3日游 经典行程 | City: 广州
2026-07-09 19:03:14.912 | INFO     | N/A | 混合检索完成 → 召回 1 条
2026-07-09 19:03:14.916 | INFO     | N/A | 🔍 执行混合检索 | Collection: attractions | Query: 广州 必去景点 景点 历史文化 特色 | City: 广州
2026-07-09 19:03:14.949 | INFO     | N/A | 混合检索完成 → 召回 15 条
2026-07-09 19:03:14.949 | INFO     | N/A | 开始重排序 Top-12 → Top-8
2026-07-09 19:03:15.044 | INFO     | N/A | ✅ 重排序完成，最终返回 8 条结果
2026-07-09 19:03:15.058 | INFO     | N/A | 🔍 执行混合检索 | Collection: user_plans | Query: 广州 文化游 3天 中等预算 游记 行程 | City: 广州
2026-07-09 19:03:15.101 | INFO     | N/A | 混合检索完成 → 召回 0 条
2026-07-09 19:03:17.661 | INFO     | N/A | 🔍 执行混合检索 | Collection: attractions | Query: 广州 美食 餐厅 老字号 早茶 粤菜 烧腊 云吞面 | City: 广州
2026-07-09 19:03:17.705 | INFO     | N/A | 混合检索完成 → 召回 15 条
2026-07-09 19:03:17.705 | INFO     | N/A | 开始重排序 Top-12 → Top-10
2026-07-09 19:03:17.803 | INFO     | N/A | ✅ 重排序完成，最终返回 10 条结果
2026-07-09 19:03:26.421 | INFO     | N/A | 🔍 执行混合检索 | Collection: attractions | Query: 广州 中山纪念堂 景点 历史文化 特色 | City: 广州
2026-07-09 19:03:26.448 | INFO     | N/A | 混合检索完成 → 召回 15 条
2026-07-09 19:03:26.448 | INFO     | N/A | 开始重排序 Top-12 → Top-3
2026-07-09 19:03:26.552 | INFO     | N/A | ✅ 重排序完成，最终返回 3 条结果
2026-07-09 19:03:26.560 | INFO     | N/A | 🔍 执行混合检索 | Collection: attractions | Query: 广州早茶推荐 老字号餐厅 人均消费 | City: 广州
2026-07-09 19:03:26.590 | INFO     | N/A | 混合检索完成 → 召回 15 条
2026-07-09 19:03:26.590 | INFO     | N/A | 开始重排序 Top-12 → Top-5
2026-07-09 19:03:26.680 | INFO     | N/A | ✅ 重排序完成，最终返回 5 条结果
2026-07-09 19:03:26.689 | INFO     | N/A | 🔍 执行混合检索 | Collection: attractions | Query: 广州 长隆野生动物世界 景点 历史文化 特色 | City: 广州
2026-07-09 19:03:26.711 | INFO     | N/A | 混合检索完成 → 召回 15 条
2026-07-09 19:03:26.712 | INFO     | N/A | 开始重排序 Top-12 → Top-3
2026-07-09 19:03:26.813 | INFO     | N/A | ✅ 重排序完成，最终返回 3 条结果
2026-07-09 19:03:26.824 | INFO     | N/A | 🔍 执行混合检索 | Collection: attractions | Query: 广州 石室圣心大教堂 景点 历史文化 特色 | City: 广州
2026-07-09 19:03:26.849 | INFO     | N/A | 混合检索完成 → 召回 15 条
2026-07-09 19:03:26.849 | INFO     | N/A | 开始重排序 Top-12 → Top-3
2026-07-09 19:03:26.941 | INFO     | N/A | ✅ 重排序完成，最终返回 3 条结果
2026-07-09 19:03:26.946 | INFO     | N/A | 🔍 执行混合检索 | Collection: attractions | Query: 广州 陈家祠 景点 历史文化 特色 | City: 广州
2026-07-09 19:03:26.967 | INFO     | N/A | 混合检索完成 → 召回 15 条
2026-07-09 19:03:26.968 | INFO     | N/A | 开始重排序 Top-12 → Top-3
2026-07-09 19:03:27.072 | INFO     | N/A | ✅ 重排序完成，最终返回 3 条结果
2026-07-09 19:03:27.110 | INFO     | N/A | 🔍 执行混合检索 | Collection: attractions | Query: 广州 中山纪念堂 景点 历史文化 特色 | City: 广州
2026-07-09 19:03:27.153 | INFO     | N/A | 混合检索完成 → 召回 15 条
2026-07-09 19:03:27.153 | INFO     | N/A | 开始重排序 Top-12 → Top-3
2026-07-09 19:03:27.272 | INFO     | N/A | ✅ 重排序完成，最终返回 3 条结果
2026-07-09 19:03:27.291 | INFO     | N/A | 🔍 执行混合检索 | Collection: attractions | Query: 广州 石室圣心大教堂 景点 历史文化 特色 | City: 广州
2026-07-09 19:03:27.328 | INFO     | N/A | 混合检索完成 → 召回 15 条
2026-07-09 19:03:27.328 | INFO     | N/A | 开始重排序 Top-12 → Top-3
2026-07-09 19:03:27.456 | INFO     | N/A | ✅ 重排序完成，最终返回 3 条结果
2026-07-09 19:03:27.464 | INFO     | N/A | 🔍 执行混合检索 | Collection: attractions | Query: 广州 陈家祠 中山纪念堂 石室圣心大教堂 景点 历史文化 特色 | City: 广州
2026-07-09 19:03:27.529 | INFO     | N/A | 混合检索完成 → 召回 15 条
2026-07-09 19:03:27.530 | INFO     | N/A | 开始重排序 Top-12 → Top-5
2026-07-09 19:03:27.670 | INFO     | N/A | ✅ 重排序完成，最终返回 5 条结果
2026-07-09 19:03:27.678 | INFO     | N/A | 🔍 执行混合检索 | Collection: attractions | Query: 广州 荔湾湖公园 景点 历史文化 特色 | City: 广州
2026-07-09 19:03:27.712 | INFO     | N/A | 混合检索完成 → 召回 15 条
2026-07-09 19:03:27.712 | INFO     | N/A | 开始重排序 Top-12 → Top-3
2026-07-09 19:03:27.833 | INFO     | N/A | ✅ 重排序完成，最终返回 3 条结果
2026-07-09 19:03:27.839 | INFO     | N/A | 🔍 执行混合检索 | Collection: attractions | Query: 广州 特色美食 早茶 粤菜 糖水 | City: 广州
2026-07-09 19:03:27.885 | INFO     | N/A | 混合检索完成 → 召回 15 条
2026-07-09 19:03:27.885 | INFO     | N/A | 开始重排序 Top-12 → Top-5
2026-07-09 19:03:28.007 | INFO     | N/A | ✅ 重排序完成，最终返回 5 条结果
2026-07-09 19:03:28.015 | INFO     | N/A | 🔍 执行混合检索 | Collection: attractions | Query: 广州 陈家祠 景点 历史文化 特色 | City: 广州
2026-07-09 19:03:28.056 | INFO     | N/A | 混合检索完成 → 召回 15 条
2026-07-09 19:03:28.057 | INFO     | N/A | 开始重排序 Top-12 → Top-3
2026-07-09 19:03:28.182 | INFO     | N/A | ✅ 重排序完成，最终返回 3 条结果
2026-07-09 19:03:28.195 | INFO     | N/A | 🔍 执行混合检索 | Collection: attractions | Query: 广州 珠江夜游 景点 历史文化 特色 | City: 广州
2026-07-09 19:03:28.230 | INFO     | N/A | 混合检索完成 → 召回 15 条
2026-07-09 19:03:28.230 | INFO     | N/A | 开始重排序 Top-12 → Top-3
2026-07-09 19:03:28.357 | INFO     | N/A | ✅ 重排序完成，最终返回 3 条结果
2026-07-09 19:03:28.364 | INFO     | N/A | 🔍 执行混合检索 | Collection: attractions | Query: 广州 长隆 珠江夜游 荔湾湖 广州美食 景点 历史文化 特色 | City: 广州
2026-07-09 19:03:28.410 | INFO     | N/A | 混合检索完成 → 召回 15 条
2026-07-09 19:03:28.410 | INFO     | N/A | 开始重排序 Top-12 → Top-5
2026-07-09 19:03:28.555 | INFO     | N/A | ✅ 重排序完成，最终返回 5 条结果
2026-07-09 19:03:28.574 | INFO     | N/A | 🔍 执行混合检索 | Collection: attractions | Query: 广州 必去景点 标志性 老城区 | City: 广州
2026-07-09 19:03:28.614 | INFO     | N/A | 混合检索完成 → 召回 15 条
2026-07-09 19:03:28.615 | INFO     | N/A | 开始重排序 Top-12 → Top-5
2026-07-09 19:03:28.747 | INFO     | N/A | ✅ 重排序完成，最终返回 5 条结果
2026-07-09 19:03:28.785 | INFO     | N/A | 🔍 执行混合检索 | Collection: attractions | Query: 荔湾湖公园 陈家祠 门票价格 | City: 广州
2026-07-09 19:03:28.830 | INFO     | N/A | 混合检索完成 → 召回 15 条
2026-07-09 19:03:28.831 | INFO     | N/A | 开始重排序 Top-12 → Top-5
2026-07-09 19:03:28.953 | INFO     | N/A | ✅ 重排序完成，最终返回 5 条结果
2026-07-09 19:03:28.959 | INFO     | N/A | 🔍 执行混合检索 | Collection: attractions | Query: 广州 點都德 广州酒家 莲香楼 地址 人均 | City: 广州
2026-07-09 19:03:29.004 | INFO     | N/A | 混合检索完成 → 召回 15 条
2026-07-09 19:03:29.004 | INFO     | N/A | 开始重排序 Top-12 → Top-5
2026-07-09 19:03:29.134 | INFO     | N/A | ✅ 重排序完成，最终返回 5 条结果
2026-07-09 19:03:29.159 | INFO     | N/A | 🔍 执行混合检索 | Collection: attractions | Query: 石室圣心大教堂 门票 开放时间 | City: 广州
2026-07-09 19:03:29.202 | INFO     | N/A | 混合检索完成 → 召回 15 条
2026-07-09 19:03:29.203 | INFO     | N/A | 开始重排序 Top-12 → Top-5
2026-07-09 19:03:29.327 | INFO     | N/A | ✅ 重排序完成，最终返回 5 条结果
2026-07-09 19:03:33.270 | INFO     | N/A | 🔍 执行混合检索 | Collection: attractions | Query: 广州塔 门票价格 开放时间 | City: 广州
2026-07-09 19:03:33.293 | INFO     | N/A | 混合检索完成 → 召回 15 条
2026-07-09 19:03:33.293 | INFO     | N/A | 开始重排序 Top-12 → Top-3
2026-07-09 19:03:33.384 | INFO     | N/A | ✅ 重排序完成，最终返回 3 条结果
2026-07-09 19:03:33.387 | INFO     | N/A | 🔍 执行混合检索 | Collection: attractions | Query: 广州 陈家祠 门票 开放时间 攻略 | City: 广州
2026-07-09 19:03:33.413 | INFO     | N/A | 混合检索完成 → 召回 15 条
2026-07-09 19:03:33.413 | INFO     | N/A | 开始重排序 Top-12 → Top-3
2026-07-09 19:03:33.504 | INFO     | N/A | ✅ 重排序完成，最终返回 3 条结果
2026-07-09 19:03:33.509 | INFO     | N/A | 🔍 执行混合检索 | Collection: attractions | Query: 广州 粤菜 早茶 老字号 美食 推荐餐厅 | City: 广州
2026-07-09 19:03:33.538 | INFO     | N/A | 混合检索完成 → 召回 15 条
2026-07-09 19:03:33.539 | INFO     | N/A | 开始重排序 Top-12 → Top-5
2026-07-09 19:03:33.637 | INFO     | N/A | ✅ 重排序完成，最终返回 5 条结果
2026-07-09 19:04:06.286 | INFO     | N/A | 进入天气查询工具
2026-07-09 19:04:06.293 | INFO     | N/A | 🔍 执行混合检索 | Collection: user_plans | Query: 广州  游记 行程 | City: 广州
2026-07-09 19:04:06.323 | INFO     | N/A | 混合检索完成 → 召回 0 条
2026-07-09 19:04:06.332 | INFO     | N/A | 进入天气查询工具
2026-07-09 19:04:06.332 | INFO     | N/A | 🔍 执行混合检索 | Collection: classic_routes | Query: 广州 3日游 经典行程 | City: 广州
2026-07-09 19:04:06.356 | INFO     | N/A | 进入天气查询工具
2026-07-09 19:04:06.359 | INFO     | N/A | 进入天气查询工具
2026-07-09 19:04:06.405 | INFO     | N/A | 混合检索完成 → 召回 1 条
2026-07-09 19:04:06.408 | INFO     | N/A | 🔍 执行混合检索 | Collection: attractions | Query: 广州  景点 历史文化 特色 | City: 广州
2026-07-09 19:04:06.432 | INFO     | N/A | 混合检索完成 → 召回 15 条
2026-07-09 19:04:06.433 | INFO     | N/A | 开始重排序 Top-12 → Top-10
2026-07-09 19:04:06.529 | INFO     | N/A | ✅ 重排序完成，最终返回 10 条结果
2026-07-09 19:04:06.539 | INFO     | N/A | 🔍 执行混合检索 | Collection: attractions | Query: 广州  景点 历史文化 特色 | City: 广州
2026-07-09 19:04:06.563 | INFO     | N/A | 混合检索完成 → 召回 15 条
2026-07-09 19:04:06.563 | INFO     | N/A | 开始重排序 Top-12 → Top-10
2026-07-09 19:04:06.655 | INFO     | N/A | ✅ 重排序完成，最终返回 10 条结果
2026-07-09 19:04:10.564 | INFO     | N/A | 进入天气查询工具
2026-07-09 19:04:10.565 | INFO     | N/A | 进入天气查询工具
2026-07-09 19:04:10.579 | INFO     | N/A | 进入天气查询工具
2026-07-09 19:04:14.700 | INFO     | N/A | 🔍 执行混合检索 | Collection: classic_routes | Query: 广州 3日游 经典行程 | City: 广州
2026-07-09 19:04:14.701 | INFO     | N/A | 进入天气查询工具
2026-07-09 19:04:14.770 | INFO     | N/A | 混合检索完成 → 召回 1 条
2026-07-09 19:04:14.775 | INFO     | N/A | 🔍 执行混合检索 | Collection: attractions | Query: 广州  景点 历史文化 特色 | City: 广州
2026-07-09 19:04:14.799 | INFO     | N/A | 混合检索完成 → 召回 15 条
2026-07-09 19:04:14.800 | INFO     | N/A | 开始重排序 Top-12 → Top-10
2026-07-09 19:04:14.916 | INFO     | N/A | ✅ 重排序完成，最终返回 10 条结果
2026-07-09 19:04:16.897 | INFO     | N/A | 🔍 执行混合检索 | Collection: user_plans | Query: 广州  游记 行程 | City: 广州
2026-07-09 19:04:16.923 | INFO     | N/A | 混合检索完成 → 召回 0 条
2026-07-09 19:08:14.749 | INFO     | N/A | 进入天气查询工具
2026-07-09 19:08:14.756 | INFO     | N/A | 🔍 执行混合检索 | Collection: classic_routes | Query: 广州 3日游 经典行程 | City: 广州
2026-07-09 19:08:14.757 | INFO     | N/A | 进入天气查询工具
2026-07-09 19:08:14.758 | INFO     | N/A | 进入天气查询工具
2026-07-09 19:08:14.830 | INFO     | N/A | 混合检索完成 → 召回 1 条
2026-07-09 19:08:14.838 | INFO     | N/A | 🔍 执行混合检索 | Collection: user_plans | Query: 广州 中等预算 适中节奏 3天 游记 行程 | City: 广州
2026-07-09 19:08:14.877 | INFO     | N/A | 混合检索完成 → 召回 0 条
2026-07-09 19:08:14.881 | INFO     | N/A | 🔍 执行混合检索 | Collection: attractions | Query: 广州  景点 历史文化 特色 | City: 广州
2026-07-09 19:08:14.924 | INFO     | N/A | 混合检索完成 → 召回 15 条
2026-07-09 19:08:14.925 | INFO     | N/A | 开始重排序 Top-12 → Top-10
2026-07-09 19:08:15.060 | INFO     | N/A | ✅ 重排序完成，最终返回 10 条结果
2026-07-09 19:08:15.071 | INFO     | N/A | 🔍 执行混合检索 | Collection: classic_routes | Query: 广州 3日游 经典行程 | City: 广州
2026-07-09 19:08:15.148 | INFO     | N/A | 混合检索完成 → 召回 1 条
2026-07-09 19:08:15.153 | INFO     | N/A | 🔍 执行混合检索 | Collection: user_plans | Query: 广州 文化游 中等预算 3天 游记 行程 | City: 广州
2026-07-09 19:08:15.177 | INFO     | N/A | 混合检索完成 → 召回 0 条
2026-07-09 19:08:15.179 | INFO     | N/A | 🔍 执行混合检索 | Collection: user_plans | Query: 广州 文化游 适中节奏 中等预算 游记 行程 | City: 广州
2026-07-09 19:08:15.203 | INFO     | N/A | 混合检索完成 → 召回 0 条
2026-07-09 19:08:15.206 | INFO     | N/A | 🔍 执行混合检索 | Collection: classic_routes | Query: 广州 3日游 经典行程 | City: 广州
2026-07-09 19:08:15.284 | INFO     | N/A | 混合检索完成 → 召回 1 条
2026-07-09 19:08:15.288 | INFO     | N/A | 🔍 执行混合检索 | Collection: attractions | Query: 广州  景点 历史文化 特色 | City: 广州
2026-07-09 19:08:15.315 | INFO     | N/A | 混合检索完成 → 召回 15 条
2026-07-09 19:08:15.315 | INFO     | N/A | 开始重排序 Top-12 → Top-15
2026-07-09 19:08:15.415 | INFO     | N/A | ✅ 重排序完成，最终返回 12 条结果
2026-07-09 19:08:28.710 | INFO     | N/A | 进入天气查询工具
2026-07-09 19:08:28.782 | INFO     | N/A | 🔍 执行混合检索 | Collection: attractions | Query: 广州  景点 历史文化 特色 | City: 广州
2026-07-09 19:08:28.810 | INFO     | N/A | 混合检索完成 → 召回 15 条
2026-07-09 19:08:28.811 | INFO     | N/A | 开始重排序 Top-12 → Top-20
2026-07-09 19:08:28.907 | INFO     | N/A | ✅ 重排序完成，最终返回 12 条结果
2026-07-09 19:08:28.917 | INFO     | N/A | 🔍 执行混合检索 | Collection: classic_routes | Query: 广州 3日游 经典行程 | City: 广州
2026-07-09 19:08:28.997 | INFO     | N/A | 混合检索完成 → 召回 1 条
2026-07-09 19:08:29.006 | INFO     | N/A | 🔍 执行混合检索 | Collection: user_plans | Query: 广州 中等预算 适中节奏 3天 游记 行程 | City: 广州
2026-07-09 19:08:29.034 | INFO     | N/A | 混合检索完成 → 召回 0 条
2026-07-09 19:08:29.063 | INFO     | N/A | 🔍 执行混合检索 | Collection: attractions | Query: 广州 广州塔 门票 景点 历史文化 特色 | City: 广州
2026-07-09 19:08:29.093 | INFO     | N/A | 混合检索完成 → 召回 15 条
2026-07-09 19:08:29.093 | INFO     | N/A | 开始重排序 Top-12 → Top-5
2026-07-09 19:08:29.191 | INFO     | N/A | ✅ 重排序完成，最终返回 5 条结果
2026-07-09 19:08:29.197 | INFO     | N/A | 🔍 执行混合检索 | Collection: attractions | Query: 广州 珠江夜游 景点 历史文化 特色 | City: 广州
2026-07-09 19:08:29.252 | INFO     | N/A | 混合检索完成 → 召回 15 条
2026-07-09 19:08:29.252 | INFO     | N/A | 开始重排序 Top-12 → Top-5
2026-07-09 19:08:29.350 | INFO     | N/A | ✅ 重排序完成，最终返回 5 条结果
2026-07-09 19:08:29.358 | INFO     | N/A | 🔍 执行混合检索 | Collection: attractions | Query: 广州 石室圣心大教堂 景点 历史文化 特色 | City: 广州
2026-07-09 19:08:29.395 | INFO     | N/A | 混合检索完成 → 召回 15 条
2026-07-09 19:08:29.395 | INFO     | N/A | 开始重排序 Top-12 → Top-5
2026-07-09 19:08:29.521 | INFO     | N/A | ✅ 重排序完成，最终返回 5 条结果
2026-07-09 19:08:29.527 | INFO     | N/A | 🔍 执行混合检索 | Collection: attractions | Query: 广州 早茶 茶楼 推荐 | City: 广州
2026-07-09 19:08:29.565 | INFO     | N/A | 混合检索完成 → 召回 15 条
2026-07-09 19:08:29.566 | INFO     | N/A | 开始重排序 Top-12 → Top-5
2026-07-09 19:08:29.689 | INFO     | N/A | ✅ 重排序完成，最终返回 5 条结果
2026-07-09 19:08:29.700 | INFO     | N/A | 🔍 执行混合检索 | Collection: attractions | Query: 广州美食 餐厅推荐 老字号 粤菜 | City: 广州
2026-07-09 19:08:29.738 | INFO     | N/A | 混合检索完成 → 召回 15 条
2026-07-09 19:08:29.739 | INFO     | N/A | 开始重排序 Top-12 → Top-10
2026-07-09 19:08:29.863 | INFO     | N/A | ✅ 重排序完成，最终返回 10 条结果
2026-07-09 19:08:29.876 | INFO     | N/A | 🔍 执行混合检索 | Collection: attractions | Query: 广州 推荐餐厅 美食 老字号 | City: 广州
2026-07-09 19:08:29.933 | INFO     | N/A | 混合检索完成 → 召回 15 条
2026-07-09 19:08:29.934 | INFO     | N/A | 开始重排序 Top-12 → Top-5
2026-07-09 19:08:30.059 | INFO     | N/A | ✅ 重排序完成，最终返回 5 条结果
2026-07-09 19:08:30.070 | INFO     | N/A | 🔍 执行混合检索 | Collection: attractions | Query: 广州 陈家祠 景点 历史文化 特色 | City: 广州
2026-07-09 19:08:30.102 | INFO     | N/A | 混合检索完成 → 召回 15 条
2026-07-09 19:08:30.103 | INFO     | N/A | 开始重排序 Top-12 → Top-5
2026-07-09 19:08:30.225 | INFO     | N/A | ✅ 重排序完成，最终返回 5 条结果
2026-07-09 19:08:30.233 | INFO     | N/A | 🔍 执行混合检索 | Collection: attractions | Query: 广州 沙面 景点 历史文化 特色 | City: 广州
2026-07-09 19:08:30.282 | INFO     | N/A | 混合检索完成 → 召回 15 条
2026-07-09 19:08:30.282 | INFO     | N/A | 开始重排序 Top-12 → Top-5
2026-07-09 19:08:30.409 | INFO     | N/A | ✅ 重排序完成，最终返回 5 条结果
2026-07-09 19:08:30.417 | INFO     | N/A | 🔍 执行混合检索 | Collection: attractions | Query: 广州 长隆野生动物世界 景点 历史文化 特色 | City: 广州
2026-07-09 19:08:30.454 | INFO     | N/A | 混合检索完成 → 召回 15 条
2026-07-09 19:08:30.454 | INFO     | N/A | 开始重排序 Top-12 → Top-5
2026-07-09 19:08:30.580 | INFO     | N/A | ✅ 重排序完成，最终返回 5 条结果
2026-07-09 19:08:30.587 | INFO     | N/A | 🔍 执行混合检索 | Collection: attractions | Query: 广州 石室圣心大教堂 景点 历史文化 特色 | City: 广州
2026-07-09 19:08:30.619 | INFO     | N/A | 混合检索完成 → 召回 15 条
2026-07-09 19:08:30.620 | INFO     | N/A | 开始重排序 Top-12 → Top-5
2026-07-09 19:08:30.751 | INFO     | N/A | ✅ 重排序完成，最终返回 5 条结果
2026-07-09 19:08:30.760 | INFO     | N/A | 🔍 执行混合检索 | Collection: attractions | Query: 广州 珠江夜游 景点 历史文化 特色 | City: 广州
2026-07-09 19:08:30.798 | INFO     | N/A | 混合检索完成 → 召回 15 条
2026-07-09 19:08:30.799 | INFO     | N/A | 开始重排序 Top-12 → Top-5
2026-07-09 19:08:30.929 | INFO     | N/A | ✅ 重排序完成，最终返回 5 条结果
2026-07-09 19:08:30.943 | INFO     | N/A | 🔍 执行混合检索 | Collection: attractions | Query: 广州 中山纪念堂 景点 历史文化 特色 | City: 广州
2026-07-09 19:08:30.977 | INFO     | N/A | 混合检索完成 → 召回 15 条
2026-07-09 19:08:30.978 | INFO     | N/A | 开始重排序 Top-12 → Top-5
2026-07-09 19:08:31.100 | INFO     | N/A | ✅ 重排序完成，最终返回 5 条结果
2026-07-09 19:08:31.107 | INFO     | N/A | 🔍 执行混合检索 | Collection: attractions | Query: 广州 陈家祠 景点 历史文化 特色 | City: 广州
2026-07-09 19:08:31.141 | INFO     | N/A | 混合检索完成 → 召回 15 条
2026-07-09 19:08:31.142 | INFO     | N/A | 开始重排序 Top-12 → Top-5
2026-07-09 19:08:31.261 | INFO     | N/A | ✅ 重排序完成，最终返回 5 条结果
2026-07-09 19:08:31.267 | INFO     | N/A | 🔍 执行混合检索 | Collection: attractions | Query: 广州 石室圣心大教堂 景点 历史文化 特色 | City: 广州
2026-07-09 19:08:31.324 | INFO     | N/A | 混合检索完成 → 召回 15 条
2026-07-09 19:08:31.325 | INFO     | N/A | 开始重排序 Top-12 → Top-5
2026-07-09 19:08:31.448 | INFO     | N/A | ✅ 重排序完成，最终返回 5 条结果
2026-07-09 19:08:31.455 | INFO     | N/A | 🔍 执行混合检索 | Collection: attractions | Query: 广州 越秀公园 中山纪念堂 景点 历史文化 特色 | City: 广州
2026-07-09 19:08:31.506 | INFO     | N/A | 混合检索完成 → 召回 15 条
2026-07-09 19:08:31.506 | INFO     | N/A | 开始重排序 Top-12 → Top-5
2026-07-09 19:08:31.635 | INFO     | N/A | ✅ 重排序完成，最终返回 5 条结果
2026-07-09 19:08:31.643 | INFO     | N/A | 🔍 执行混合检索 | Collection: attractions | Query: 广州 广州塔 景点 历史文化 特色 | City: 广州
2026-07-09 19:08:31.680 | INFO     | N/A | 混合检索完成 → 召回 15 条
2026-07-09 19:08:31.681 | INFO     | N/A | 开始重排序 Top-12 → Top-5
2026-07-09 19:08:31.805 | INFO     | N/A | ✅ 重排序完成，最终返回 5 条结果
2026-07-09 19:08:31.814 | INFO     | N/A | 🔍 执行混合检索 | Collection: attractions | Query: 广州 珠江夜游 景点 历史文化 特色 | City: 广州
2026-07-09 19:08:31.854 | INFO     | N/A | 混合检索完成 → 召回 15 条
2026-07-09 19:08:31.855 | INFO     | N/A | 开始重排序 Top-12 → Top-5
2026-07-09 19:08:31.975 | INFO     | N/A | ✅ 重排序完成，最终返回 5 条结果
2026-07-09 19:08:31.982 | INFO     | N/A | 🔍 执行混合检索 | Collection: attractions | Query: 广州 北京路步行街 景点 历史文化 特色 | City: 广州
2026-07-09 19:08:32.016 | INFO     | N/A | 混合检索完成 → 召回 15 条
2026-07-09 19:08:32.016 | INFO     | N/A | 开始重排序 Top-12 → Top-5
2026-07-09 19:08:32.138 | INFO     | N/A | ✅ 重排序完成，最终返回 5 条结果
2026-07-09 19:08:32.153 | INFO     | N/A | 🔍 执行混合检索 | Collection: attractions | Query: 广州 长隆野生动物世界 景点 历史文化 特色 | City: 广州
2026-07-09 19:08:32.192 | INFO     | N/A | 混合检索完成 → 召回 15 条
2026-07-09 19:08:32.192 | INFO     | N/A | 开始重排序 Top-12 → Top-5
2026-07-09 19:08:32.322 | INFO     | N/A | ✅ 重排序完成，最终返回 5 条结果
2026-07-09 19:08:38.744 | INFO     | N/A | 🔍 执行混合检索 | Collection: attractions | Query: 广州 广州塔 景点 历史文化 特色 | City: 广州
2026-07-09 19:08:38.768 | INFO     | N/A | 混合检索完成 → 召回 15 条
2026-07-09 19:08:38.769 | INFO     | N/A | 开始重排序 Top-12 → Top-5
2026-07-09 19:08:38.858 | INFO     | N/A | ✅ 重排序完成，最终返回 5 条结果
2026-07-09 19:08:38.865 | INFO     | N/A | 🔍 执行混合检索 | Collection: attractions | Query: 广州 中山纪念堂 越秀公园 景点 历史文化 特色 | City: 广州
2026-07-09 19:08:38.889 | INFO     | N/A | 混合检索完成 → 召回 15 条
2026-07-09 19:08:38.890 | INFO     | N/A | 开始重排序 Top-12 → Top-5
2026-07-09 19:08:38.983 | INFO     | N/A | ✅ 重排序完成，最终返回 5 条结果
2026-07-09 19:08:38.991 | INFO     | N/A | 🔍 执行混合检索 | Collection: attractions | Query: 广州 沙面 石室圣心大教堂 景点 历史文化 特色 | City: 广州
2026-07-09 19:08:39.017 | INFO     | N/A | 混合检索完成 → 召回 15 条
2026-07-09 19:08:39.018 | INFO     | N/A | 开始重排序 Top-12 → Top-5
2026-07-09 19:08:39.112 | INFO     | N/A | ✅ 重排序完成，最终返回 5 条结果
2026-07-09 19:08:39.118 | INFO     | N/A | 🔍 执行混合检索 | Collection: attractions | Query: 广州 陈家祠 景点 历史文化 特色 | City: 广州
2026-07-09 19:08:39.140 | INFO     | N/A | 混合检索完成 → 召回 15 条
2026-07-09 19:08:39.141 | INFO     | N/A | 开始重排序 Top-12 → Top-5
2026-07-09 19:08:39.240 | INFO     | N/A | ✅ 重排序完成，最终返回 5 条结果
2026-07-09 19:08:39.244 | INFO     | N/A | 🔍 执行混合检索 | Collection: attractions | Query: 广州特色美食 早茶 烧腊 肠粉 双皮奶 | City: 广州
2026-07-09 19:08:39.269 | INFO     | N/A | 混合检索完成 → 召回 15 条
2026-07-09 19:08:39.270 | INFO     | N/A | 开始重排序 Top-12 → Top-5
2026-07-09 19:08:39.362 | INFO     | N/A | ✅ 重排序完成，最终返回 5 条结果
2026-07-09 19:08:39.366 | INFO     | N/A | 🔍 执行混合检索 | Collection: attractions | Query: 广州陈家祠 门票 开放时间 | City: 广州
2026-07-09 19:08:39.386 | INFO     | N/A | 混合检索完成 → 召回 15 条
2026-07-09 19:08:39.386 | INFO     | N/A | 开始重排序 Top-12 → Top-5
2026-07-09 19:08:39.474 | INFO     | N/A | ✅ 重排序完成，最终返回 5 条结果
2026-07-09 19:08:42.643 | INFO     | N/A | 🔍 执行混合检索 | Collection: attractions | Query: 广州 上下九 南信 广州酒家 莲香楼 景点 历史文化 特色 | City: 广州
2026-07-09 19:08:42.687 | INFO     | N/A | 混合检索完成 → 召回 15 条
2026-07-09 19:08:42.687 | INFO     | N/A | 开始重排序 Top-12 → Top-5
2026-07-09 19:08:42.786 | INFO     | N/A | ✅ 重排序完成，最终返回 5 条结果
2026-07-09 19:08:42.790 | INFO     | N/A | 🔍 执行混合检索 | Collection: attractions | Query: 广州 广州美食 早茶 推荐餐厅 景点 历史文化 特色 | City: 广州
2026-07-09 19:08:42.810 | INFO     | N/A | 混合检索完成 → 召回 15 条
2026-07-09 19:08:42.811 | INFO     | N/A | 开始重排序 Top-12 → Top-5
2026-07-09 19:08:42.911 | INFO     | N/A | ✅ 重排序完成，最终返回 5 条结果
2026-07-09 19:08:45.331 | INFO     | N/A | 🔍 执行混合检索 | Collection: attractions | Query: 广州 长隆野生动物世界 景点 历史文化 特色 | City: 广州
2026-07-09 19:08:45.369 | INFO     | N/A | 混合检索完成 → 召回 15 条
2026-07-09 19:08:45.369 | INFO     | N/A | 开始重排序 Top-12 → Top-5
2026-07-09 19:08:45.472 | INFO     | N/A | ✅ 重排序完成，最终返回 5 条结果
2026-07-09 19:08:45.479 | INFO     | N/A | 🔍 执行混合检索 | Collection: attractions | Query: 广州 珠江夜游 景点 历史文化 特色 | City: 广州
2026-07-09 19:08:45.515 | INFO     | N/A | 混合检索完成 → 召回 15 条
2026-07-09 19:08:45.515 | INFO     | N/A | 开始重排序 Top-12 → Top-5
2026-07-09 19:08:45.642 | INFO     | N/A | ✅ 重排序完成，最终返回 5 条结果
2026-07-09 19:08:45.653 | INFO     | N/A | 🔍 执行混合检索 | Collection: classic_routes | Query: 广州 3天2晚 旅游攻略 行程安排 | City: 广州
2026-07-09 19:08:45.743 | INFO     | N/A | 混合检索完成 → 召回 1 条
2026-07-09 19:08:45.749 | INFO     | N/A | 🔍 执行混合检索 | Collection: attractions | Query: 广州珠江夜游 长隆 门票价格 | City: 广州
2026-07-09 19:08:45.779 | INFO     | N/A | 混合检索完成 → 召回 15 条
2026-07-09 19:08:45.780 | INFO     | N/A | 开始重排序 Top-12 → Top-5
2026-07-09 19:08:45.902 | INFO     | N/A | ✅ 重排序完成，最终返回 5 条结果
2026-07-09 19:08:45.906 | INFO     | N/A | 🔍 执行混合检索 | Collection: attractions | Query: 广州特色美食 早茶 推荐餐厅 | City: 广州
2026-07-09 19:08:45.942 | INFO     | N/A | 混合检索完成 → 召回 15 条
2026-07-09 19:08:45.942 | INFO     | N/A | 开始重排序 Top-12 → Top-5
2026-07-09 19:08:46.063 | INFO     | N/A | ✅ 重排序完成，最终返回 5 条结果
2026-07-09 19:09:02.918 | INFO     | N/A | 进入天气查询工具
2026-07-09 19:09:02.927 | INFO     | N/A | 🔍 执行混合检索 | Collection: classic_routes | Query: 广州 3日游 经典行程 | City: 广州
2026-07-09 19:09:03.007 | INFO     | N/A | 混合检索完成 → 召回 1 条
2026-07-09 19:09:03.011 | INFO     | N/A | 🔍 执行混合检索 | Collection: user_plans | Query: 广州  游记 行程 | City: 广州
2026-07-09 19:09:03.040 | INFO     | N/A | 混合检索完成 → 召回 0 条
2026-07-09 19:09:03.045 | INFO     | N/A | 🔍 执行混合检索 | Collection: attractions | Query: 广州  景点 历史文化 特色 | City: 广州
2026-07-09 19:09:03.072 | INFO     | N/A | 混合检索完成 → 召回 15 条
2026-07-09 19:09:03.073 | INFO     | N/A | 开始重排序 Top-12 → Top-10
2026-07-09 19:09:03.170 | INFO     | N/A | ✅ 重排序完成，最终返回 10 条结果
2026-07-09 19:09:10.095 | INFO     | N/A | 🔍 执行混合检索 | Collection: attractions | Query: 广州 陈家祠 景点 历史文化 特色 | City: 广州
2026-07-09 19:09:10.120 | INFO     | N/A | 混合检索完成 → 召回 15 条
2026-07-09 19:09:10.120 | INFO     | N/A | 开始重排序 Top-12 → Top-5
2026-07-09 19:09:10.214 | INFO     | N/A | ✅ 重排序完成，最终返回 5 条结果
2026-07-09 19:09:10.218 | INFO     | N/A | 🔍 执行混合检索 | Collection: attractions | Query: 广州 珠江夜游 景点 历史文化 特色 | City: 广州
2026-07-09 19:09:10.240 | INFO     | N/A | 混合检索完成 → 召回 15 条
2026-07-09 19:09:10.241 | INFO     | N/A | 开始重排序 Top-12 → Top-5
2026-07-09 19:09:10.330 | INFO     | N/A | ✅ 重排序完成，最终返回 5 条结果
2026-07-09 19:09:10.339 | INFO     | N/A | 🔍 执行混合检索 | Collection: attractions | Query: 广州 石室圣心大教堂 景点 历史文化 特色 | City: 广州
2026-07-09 19:09:10.365 | INFO     | N/A | 混合检索完成 → 召回 15 条
2026-07-09 19:09:10.366 | INFO     | N/A | 开始重排序 Top-12 → Top-5
2026-07-09 19:09:10.465 | INFO     | N/A | ✅ 重排序完成，最终返回 5 条结果
2026-07-09 19:09:10.469 | INFO     | N/A | 🔍 执行混合检索 | Collection: attractions | Query: 广州 中山纪念堂 景点 历史文化 特色 | City: 广州
2026-07-09 19:09:10.489 | INFO     | N/A | 混合检索完成 → 召回 15 条
2026-07-09 19:09:10.490 | INFO     | N/A | 开始重排序 Top-12 → Top-5
2026-07-09 19:09:10.593 | INFO     | N/A | ✅ 重排序完成，最终返回 5 条结果
2026-07-09 19:09:10.598 | INFO     | N/A | 🔍 执行混合检索 | Collection: attractions | Query: 广州 广州塔 景点 历史文化 特色 | City: 广州
2026-07-09 19:09:10.624 | INFO     | N/A | 混合检索完成 → 召回 15 条
2026-07-09 19:09:10.625 | INFO     | N/A | 开始重排序 Top-12 → Top-5
2026-07-09 19:09:10.724 | INFO     | N/A | ✅ 重排序完成，最终返回 5 条结果
2026-07-09 19:09:12.758 | INFO     | N/A | 🔍 执行混合检索 | Collection: attractions | Query: 广州 长隆野生动物世界 景点 历史文化 特色 | City: 广州
2026-07-09 19:09:12.785 | INFO     | N/A | 混合检索完成 → 召回 15 条
2026-07-09 19:09:12.786 | INFO     | N/A | 开始重排序 Top-12 → Top-5
2026-07-09 19:09:12.809 | INFO     | N/A | 进入天气查询工具
2026-07-09 19:09:12.885 | INFO     | N/A | ✅ 重排序完成，最终返回 5 条结果
2026-07-09 19:09:12.980 | INFO     | N/A | 🔍 执行混合检索 | Collection: classic_routes | Query: 广州 3日游 经典行程 | City: 广州
2026-07-09 19:09:13.100 | INFO     | N/A | 混合检索完成 → 召回 1 条
2026-07-09 19:09:13.107 | INFO     | N/A | 🔍 执行混合检索 | Collection: user_plans | Query: 广州 3天 中等预算 适中节奏 游记 行程 | City: 广州
2026-07-09 19:09:13.142 | INFO     | N/A | 混合检索完成 → 召回 0 条
2026-07-09 19:09:13.146 | INFO     | N/A | 🔍 执行混合检索 | Collection: attractions | Query: 广州  景点 历史文化 特色 | City: 广州
2026-07-09 19:09:13.183 | INFO     | N/A | 混合检索完成 → 召回 15 条
2026-07-09 19:09:13.183 | INFO     | N/A | 开始重排序 Top-12 → Top-10
2026-07-09 19:09:13.304 | INFO     | N/A | ✅ 重排序完成，最终返回 10 条结果
2026-07-09 19:09:22.043 | INFO     | N/A | 🔍 执行混合检索 | Collection: attractions | Query: 广州 长隆野生动物世界 门票 价格 | City: 广州
2026-07-09 19:09:22.069 | INFO     | N/A | 混合检索完成 → 召回 15 条
2026-07-09 19:09:22.070 | INFO     | N/A | 开始重排序 Top-12 → Top-5
2026-07-09 19:09:22.122 | INFO     | N/A | 进入天气查询工具
2026-07-09 19:09:22.183 | INFO     | N/A | ✅ 重排序完成，最终返回 5 条结果
2026-07-09 19:09:22.194 | INFO     | N/A | 🔍 执行混合检索 | Collection: attractions | Query: 陈家祠 门票 开放时间 广州 | City: 广州
2026-07-09 19:09:22.232 | INFO     | N/A | 混合检索完成 → 召回 15 条
2026-07-09 19:09:22.232 | INFO     | N/A | 开始重排序 Top-12 → Top-5
2026-07-09 19:09:22.361 | INFO     | N/A | ✅ 重排序完成，最终返回 5 条结果
2026-07-09 19:09:22.374 | INFO     | N/A | 🔍 执行混合检索 | Collection: attractions | Query: 广州 早茶 推荐 餐厅 地址 人均 | City: 广州
2026-07-09 19:09:22.415 | INFO     | N/A | 混合检索完成 → 召回 15 条
2026-07-09 19:09:22.416 | INFO     | N/A | 开始重排序 Top-12 → Top-5
2026-07-09 19:09:22.544 | INFO     | N/A | ✅ 重排序完成，最终返回 5 条结果
2026-07-09 19:09:22.565 | INFO     | N/A | 🔍 执行混合检索 | Collection: attractions | Query: 广州 中山纪念堂 景点 历史文化 特色 | City: 广州
2026-07-09 19:09:22.603 | INFO     | N/A | 混合检索完成 → 召回 15 条
2026-07-09 19:09:22.603 | INFO     | N/A | 开始重排序 Top-12 → Top-3
2026-07-09 19:09:22.752 | INFO     | N/A | ✅ 重排序完成，最终返回 3 条结果
2026-07-09 19:09:22.759 | INFO     | N/A | 🔍 执行混合检索 | Collection: attractions | Query: 广州 陈家祠 景点 历史文化 特色 | City: 广州
2026-07-09 19:09:22.798 | INFO     | N/A | 混合检索完成 → 召回 15 条
2026-07-09 19:09:22.798 | INFO     | N/A | 开始重排序 Top-12 → Top-3
2026-07-09 19:09:22.936 | INFO     | N/A | ✅ 重排序完成，最终返回 3 条结果
2026-07-09 19:09:22.942 | INFO     | N/A | 🔍 执行混合检索 | Collection: attractions | Query: 广州美食推荐 老字号餐厅 早茶 粤菜 | City: 广州
2026-07-09 19:09:22.973 | INFO     | N/A | 混合检索完成 → 召回 15 条
2026-07-09 19:09:22.973 | INFO     | N/A | 开始重排序 Top-12 → Top-5
2026-07-09 19:09:23.103 | INFO     | N/A | ✅ 重排序完成，最终返回 5 条结果
2026-07-09 19:09:23.110 | INFO     | N/A | 🔍 执行混合检索 | Collection: attractions | Query: 广州 长隆野生动物世界 景点 历史文化 特色 | City: 广州
2026-07-09 19:09:23.149 | INFO     | N/A | 混合检索完成 → 召回 15 条
2026-07-09 19:09:23.150 | INFO     | N/A | 开始重排序 Top-12 → Top-3
2026-07-09 19:09:23.297 | INFO     | N/A | ✅ 重排序完成，最终返回 3 条结果
2026-07-09 19:09:23.309 | INFO     | N/A | 🔍 执行混合检索 | Collection: attractions | Query: 广州 石室圣心大教堂 景点 历史文化 特色 | City: 广州
2026-07-09 19:09:23.347 | INFO     | N/A | 混合检索完成 → 召回 15 条
2026-07-09 19:09:23.347 | INFO     | N/A | 开始重排序 Top-12 → Top-3
2026-07-09 19:09:23.479 | INFO     | N/A | ✅ 重排序完成，最终返回 3 条结果
2026-07-09 19:09:23.484 | INFO     | N/A | 🔍 执行混合检索 | Collection: attractions | Query: 广州  景点 历史文化 特色 | City: 广州
2026-07-09 19:09:23.517 | INFO     | N/A | 混合检索完成 → 召回 15 条
2026-07-09 19:09:23.517 | INFO     | N/A | 开始重排序 Top-12 → Top-10
2026-07-09 19:09:23.639 | INFO     | N/A | ✅ 重排序完成，最终返回 10 条结果
2026-07-09 19:09:23.649 | INFO     | N/A | 🔍 执行混合检索 | Collection: user_plans | Query: 广州 文化游 美食游 城市游 游记 行程 | City: 广州
2026-07-09 19:09:23.690 | INFO     | N/A | 混合检索完成 → 召回 0 条
2026-07-09 19:09:23.697 | INFO     | N/A | 🔍 执行混合检索 | Collection: classic_routes | Query: 广州 3日游 经典行程 | City: 广州
2026-07-09 19:09:23.779 | INFO     | N/A | 混合检索完成 → 召回 1 条
2026-07-09 19:09:26.959 | INFO     | N/A | 进入天气查询工具
2026-07-09 19:09:32.063 | INFO     | N/A | 🔍 执行混合检索 | Collection: attractions | Query: 广州 陈家祠 门票 开放时间 | City: 广州
2026-07-09 19:09:32.090 | INFO     | N/A | 混合检索完成 → 召回 15 条
2026-07-09 19:09:32.091 | INFO     | N/A | 开始重排序 Top-12 → Top-3
2026-07-09 19:09:32.190 | INFO     | N/A | ✅ 重排序完成，最终返回 3 条结果
2026-07-09 19:09:32.204 | INFO     | N/A | 🔍 执行混合检索 | Collection: attractions | Query: 广州 美食 餐厅 推荐 人均 | City: 广州
2026-07-09 19:09:32.241 | INFO     | N/A | 混合检索完成 → 召回 15 条
2026-07-09 19:09:32.242 | INFO     | N/A | 开始重排序 Top-12 → Top-5
2026-07-09 19:09:32.351 | INFO     | N/A | ✅ 重排序完成，最终返回 5 条结果
2026-07-09 19:09:32.357 | INFO     | N/A | 🔍 执行混合检索 | Collection: attractions | Query: 广州 长隆野生动物世界 门票 价格 | City: 广州
2026-07-09 19:09:32.390 | INFO     | N/A | 混合检索完成 → 召回 15 条
2026-07-09 19:09:32.391 | INFO     | N/A | 开始重排序 Top-12 → Top-3
2026-07-09 19:09:32.505 | INFO     | N/A | ✅ 重排序完成，最终返回 3 条结果
2026-07-09 19:09:32.511 | INFO     | N/A | 🔍 执行混合检索 | Collection: attractions | Query: 广州 中山纪念堂 门票 | City: 广州
2026-07-09 19:09:32.548 | INFO     | N/A | 混合检索完成 → 召回 15 条
2026-07-09 19:09:32.549 | INFO     | N/A | 开始重排序 Top-12 → Top-3
2026-07-09 19:09:32.666 | INFO     | N/A | ✅ 重排序完成，最终返回 3 条结果
2026-07-09 19:09:32.673 | INFO     | N/A | 🔍 执行混合检索 | Collection: attractions | Query: 广州 珠江夜游 门票 价格 | City: 广州
2026-07-09 19:09:32.708 | INFO     | N/A | 混合检索完成 → 召回 15 条
2026-07-09 19:09:32.709 | INFO     | N/A | 开始重排序 Top-12 → Top-3
2026-07-09 19:09:32.827 | INFO     | N/A | ✅ 重排序完成，最终返回 3 条结果
2026-07-09 19:09:32.834 | INFO     | N/A | 🔍 执行混合检索 | Collection: attractions | Query: 广州  景点 历史文化 特色 | City: 广州
2026-07-09 19:09:32.866 | INFO     | N/A | 混合检索完成 → 召回 15 条
2026-07-09 19:09:32.866 | INFO     | N/A | 开始重排序 Top-12 → Top-10
2026-07-09 19:09:32.990 | INFO     | N/A | ✅ 重排序完成，最终返回 10 条结果
2026-07-09 19:09:32.996 | INFO     | N/A | 🔍 执行混合检索 | Collection: attractions | Query: 广州 石室圣心大教堂 门票 | City: 广州
2026-07-09 19:09:33.029 | INFO     | N/A | 混合检索完成 → 召回 15 条
2026-07-09 19:09:33.030 | INFO     | N/A | 开始重排序 Top-12 → Top-3
2026-07-09 19:09:33.153 | INFO     | N/A | ✅ 重排序完成，最终返回 3 条结果
2026-07-09 19:09:33.158 | INFO     | N/A | 🔍 执行混合检索 | Collection: classic_routes | Query: 广州 3日游 经典行程 | City: 广州
2026-07-09 19:09:33.236 | INFO     | N/A | 混合检索完成 → 召回 1 条
2026-07-09 19:09:58.733 | INFO     | N/A | 进入天气查询工具
2026-07-09 19:09:58.741 | INFO     | N/A | 🔍 执行混合检索 | Collection: user_plans | Query: 广州  游记 行程 | City: 广州
2026-07-09 19:09:58.763 | INFO     | N/A | 混合检索完成 → 召回 0 条
2026-07-09 19:09:58.769 | INFO     | N/A | 🔍 执行混合检索 | Collection: classic_routes | Query: 广州 3日游 经典行程 | City: 广州
2026-07-09 19:09:58.855 | INFO     | N/A | 混合检索完成 → 召回 1 条
2026-07-09 19:09:58.859 | INFO     | N/A | 🔍 执行混合检索 | Collection: attractions | Query: 广州  景点 历史文化 特色 | City: 广州
2026-07-09 19:09:58.881 | INFO     | N/A | 混合检索完成 → 召回 15 条
2026-07-09 19:09:58.881 | INFO     | N/A | 开始重排序 Top-12 → Top-10
2026-07-09 19:09:58.972 | INFO     | N/A | ✅ 重排序完成，最终返回 10 条结果
2026-07-09 19:10:00.591 | INFO     | N/A | 🔍 执行混合检索 | Collection: attractions | Query: 广州  景点 历史文化 特色 | City: 广州
2026-07-09 19:10:00.592 | INFO     | N/A | 进入天气查询工具
2026-07-09 19:10:00.618 | INFO     | N/A | 混合检索完成 → 召回 15 条
2026-07-09 19:10:00.619 | INFO     | N/A | 开始重排序 Top-12 → Top-5
2026-07-09 19:10:00.725 | INFO     | N/A | ✅ 重排序完成，最终返回 5 条结果
2026-07-09 19:10:05.905 | INFO     | N/A | 进入天气查询工具
2026-07-09 19:10:09.781 | INFO     | N/A | 🔍 执行混合检索 | Collection: classic_routes | Query: 广州 3日游 经典行程 | City: 广州
2026-07-09 19:10:09.791 | INFO     | N/A | 进入天气查询工具
2026-07-09 19:10:09.791 | INFO     | N/A | 进入天气查询工具
2026-07-09 19:10:09.792 | INFO     | N/A | 进入天气查询工具
2026-07-09 19:10:09.856 | INFO     | N/A | 混合检索完成 → 召回 1 条
2026-07-09 19:10:09.861 | INFO     | N/A | 🔍 执行混合检索 | Collection: user_plans | Query: 广州  游记 行程 | City: 广州
2026-07-09 19:10:09.884 | INFO     | N/A | 混合检索完成 → 召回 0 条
2026-07-09 19:10:12.359 | INFO     | N/A | 🔍 执行混合检索 | Collection: attractions | Query: 广州 陈家祠 广州塔 沙面 石室圣心大教堂 越秀公园 中山纪念堂 广东省博物馆 北京路 上下九 景点 历史文化 特色 | City: 广州
2026-07-09 19:10:12.388 | INFO     | N/A | 混合检索完成 → 召回 15 条
2026-07-09 19:10:12.389 | INFO     | N/A | 开始重排序 Top-12 → Top-10
2026-07-09 19:10:12.508 | INFO     | N/A | ✅ 重排序完成，最终返回 10 条结果
2026-07-09 19:10:29.060 | INFO     | N/A | 进入天气查询工具
2026-07-09 19:10:31.707 | INFO     | N/A | 🔍 执行混合检索 | Collection: classic_routes | Query: 广州 3日游 经典行程 | City: 广州
2026-07-09 19:10:31.772 | INFO     | N/A | 混合检索完成 → 召回 1 条
2026-07-09 19:10:31.777 | INFO     | N/A | 🔍 执行混合检索 | Collection: attractions | Query: 广州  景点 历史文化 特色 | City: 广州
2026-07-09 19:10:31.805 | INFO     | N/A | 混合检索完成 → 召回 15 条
2026-07-09 19:10:31.805 | INFO     | N/A | 开始重排序 Top-12 → Top-10
2026-07-09 19:10:31.900 | INFO     | N/A | ✅ 重排序完成，最终返回 10 条结果
2026-07-09 19:10:37.930 | INFO     | N/A | 🔍 执行混合检索 | Collection: attractions | Query: 广州  景点 历史文化 特色 | City: 广州
2026-07-09 19:10:37.930 | INFO     | N/A | 进入天气查询工具
2026-07-09 19:10:37.956 | INFO     | N/A | 混合检索完成 → 召回 15 条
2026-07-09 19:10:37.957 | INFO     | N/A | 开始重排序 Top-12 → Top-5
2026-07-09 19:10:38.042 | INFO     | N/A | ✅ 重排序完成，最终返回 5 条结果
2026-07-09 19:10:41.216 | INFO     | N/A | 🔍 执行混合检索 | Collection: user_plans | Query: 广州 文化游 美食游 城市游 3天 游记 行程 | City: 广州
2026-07-09 19:10:41.260 | INFO     | N/A | 混合检索完成 → 召回 0 条
2026-07-09 19:12:26.078 | INFO     | N/A | 进入天气查询工具
2026-07-09 19:12:26.086 | INFO     | N/A | 🔍 执行混合检索 | Collection: user_plans | Query: 广州 中等预算 适中节奏 游记 行程 | City: 广州
2026-07-09 19:12:26.111 | INFO     | N/A | 混合检索完成 → 召回 0 条
2026-07-09 19:12:26.118 | INFO     | N/A | 🔍 执行混合检索 | Collection: attractions | Query: 广州  景点 历史文化 特色 | City: 广州
2026-07-09 19:12:26.146 | INFO     | N/A | 混合检索完成 → 召回 15 条
2026-07-09 19:12:26.147 | INFO     | N/A | 开始重排序 Top-12 → Top-10
2026-07-09 19:12:26.240 | INFO     | N/A | ✅ 重排序完成，最终返回 10 条结果
2026-07-09 19:12:26.244 | INFO     | N/A | 🔍 执行混合检索 | Collection: classic_routes | Query: 广州 3日游 经典行程 | City: 广州
2026-07-09 19:12:26.313 | INFO     | N/A | 混合检索完成 → 召回 1 条
2026-07-09 19:12:32.368 | INFO     | N/A | 🔍 执行混合检索 | Collection: attractions | Query: 广州 石室圣心大教堂 景点 历史文化 特色 | City: 广州
2026-07-09 19:12:32.394 | INFO     | N/A | 混合检索完成 → 召回 15 条
2026-07-09 19:12:32.394 | INFO     | N/A | 开始重排序 Top-12 → Top-5
2026-07-09 19:12:32.489 | INFO     | N/A | ✅ 重排序完成，最终返回 5 条结果
2026-07-09 19:12:32.493 | INFO     | N/A | 🔍 执行混合检索 | Collection: attractions | Query: 广州 中山纪念堂 景点 历史文化 特色 | City: 广州
2026-07-09 19:12:32.514 | INFO     | N/A | 混合检索完成 → 召回 15 条
2026-07-09 19:12:32.514 | INFO     | N/A | 开始重排序 Top-12 → Top-5
2026-07-09 19:12:32.605 | INFO     | N/A | ✅ 重排序完成，最终返回 5 条结果
2026-07-09 19:12:32.611 | INFO     | N/A | 🔍 执行混合检索 | Collection: attractions | Query: 广州 珠江夜游 景点 历史文化 特色 | City: 广州
2026-07-09 19:12:32.639 | INFO     | N/A | 混合检索完成 → 召回 15 条
2026-07-09 19:12:32.640 | INFO     | N/A | 开始重排序 Top-12 → Top-5
2026-07-09 19:12:32.731 | INFO     | N/A | ✅ 重排序完成，最终返回 5 条结果
2026-07-09 19:12:32.736 | INFO     | N/A | 🔍 执行混合检索 | Collection: attractions | Query: 广州 陈家祠 景点 历史文化 特色 | City: 广州
2026-07-09 19:12:32.782 | INFO     | N/A | 混合检索完成 → 召回 15 条
2026-07-09 19:12:32.782 | INFO     | N/A | 开始重排序 Top-12 → Top-5
2026-07-09 19:12:32.892 | INFO     | N/A | ✅ 重排序完成，最终返回 5 条结果
2026-07-09 19:12:32.897 | INFO     | N/A | 🔍 执行混合检索 | Collection: attractions | Query: 广州 长隆野生动物世界 景点 历史文化 特色 | City: 广州
2026-07-09 19:12:32.929 | INFO     | N/A | 混合检索完成 → 召回 15 条
2026-07-09 19:12:32.930 | INFO     | N/A | 开始重排序 Top-12 → Top-5
2026-07-09 19:12:33.037 | INFO     | N/A | ✅ 重排序完成，最终返回 5 条结果
2026-07-09 19:12:37.328 | INFO     | N/A | 🔍 执行混合检索 | Collection: attractions | Query: 广州 广州塔 门票 价格 景点 历史文化 特色 | City: 广州
2026-07-09 19:12:37.357 | INFO     | N/A | 混合检索完成 → 召回 15 条
2026-07-09 19:12:37.357 | INFO     | N/A | 开始重排序 Top-12 → Top-5
2026-07-09 19:12:37.452 | INFO     | N/A | ✅ 重排序完成，最终返回 5 条结果
2026-07-09 19:12:37.460 | INFO     | N/A | 🔍 执行混合检索 | Collection: attractions | Query: 广州 广州美食 推荐 餐厅 景点 历史文化 特色 | City: 广州
2026-07-09 19:12:37.487 | INFO     | N/A | 混合检索完成 → 召回 15 条
2026-07-09 19:12:37.487 | INFO     | N/A | 开始重排序 Top-12 → Top-5
2026-07-09 19:12:37.578 | INFO     | N/A | ✅ 重排序完成，最终返回 5 条结果
2026-07-09 19:12:37.581 | INFO     | N/A | 🔍 执行混合检索 | Collection: attractions | Query: 广州 陈家祠 门票 开放时间 景点 历史文化 特色 | City: 广州
2026-07-09 19:12:37.605 | INFO     | N/A | 混合检索完成 → 召回 15 条
2026-07-09 19:12:37.605 | INFO     | N/A | 开始重排序 Top-12 → Top-5
2026-07-09 19:12:37.702 | INFO     | N/A | ✅ 重排序完成，最终返回 5 条结果
2026-07-09 19:12:37.706 | INFO     | N/A | 🔍 执行混合检索 | Collection: classic_routes | Query: 广州3天旅游行程 美食 景点 推荐 | City: 广州
2026-07-09 19:12:37.774 | INFO     | N/A | 混合检索完成 → 召回 1 条
2026-07-09 19:13:11.656 | INFO     | N/A | 进入天气查询工具
2026-07-09 19:13:11.666 | INFO     | N/A | 🔍 执行混合检索 | Collection: attractions | Query: 广州 必去景点 景点 历史文化 特色 | City: 广州
2026-07-09 19:13:11.694 | INFO     | N/A | 混合检索完成 → 召回 15 条
2026-07-09 19:13:11.694 | INFO     | N/A | 开始重排序 Top-12 → Top-10
2026-07-09 19:13:11.792 | INFO     | N/A | ✅ 重排序完成，最终返回 10 条结果
2026-07-09 19:13:11.796 | INFO     | N/A | 🔍 执行混合检索 | Collection: user_plans | Query: 广州 文化游 美食游 城市游 3天 游记 行程 | City: 广州
2026-07-09 19:13:11.824 | INFO     | N/A | 混合检索完成 → 召回 0 条
2026-07-09 19:13:11.828 | INFO     | N/A | 🔍 执行混合检索 | Collection: classic_routes | Query: 广州 3日游 经典行程 | City: 广州
2026-07-09 19:13:11.911 | INFO     | N/A | 混合检索完成 → 召回 1 条
2026-07-09 19:13:15.935 | INFO     | N/A | 🔍 执行混合检索 | Collection: attractions | Query: 广州 陈家祠 石室圣心大教堂 中山纪念堂 珠江夜游 景点 历史文化 特色 | City: 广州
2026-07-09 19:13:15.964 | INFO     | N/A | 混合检索完成 → 召回 15 条
2026-07-09 19:13:15.965 | INFO     | N/A | 开始重排序 Top-12 → Top-5
2026-07-09 19:13:16.074 | INFO     | N/A | ✅ 重排序完成，最终返回 5 条结果
2026-07-09 19:13:20.142 | INFO     | N/A | 🔍 执行混合检索 | Collection: attractions | Query: 广州 长隆野生动物世界 珠江夜游 荔湾湖公园 景点 历史文化 特色 | City: 广州
2026-07-09 19:13:20.167 | INFO     | N/A | 混合检索完成 → 召回 15 条
2026-07-09 19:13:20.167 | INFO     | N/A | 开始重排序 Top-12 → Top-5
2026-07-09 19:13:20.269 | INFO     | N/A | ✅ 重排序完成，最终返回 5 条结果
2026-07-09 19:13:20.275 | INFO     | N/A | 🔍 执行混合检索 | Collection: attractions | Query: 广州美食 餐厅 推荐 老字号 早茶 烧腊 糖水 | City: 广州
2026-07-09 19:13:20.296 | INFO     | N/A | 混合检索完成 → 召回 15 条
2026-07-09 19:13:20.297 | INFO     | N/A | 开始重排序 Top-12 → Top-5
2026-07-09 19:13:20.388 | INFO     | N/A | ✅ 重排序完成，最终返回 5 条结果
2026-07-09 19:13:46.909 | INFO     | N/A | 进入天气查询工具
2026-07-09 19:13:46.915 | INFO     | N/A | 🔍 执行混合检索 | Collection: classic_routes | Query: 广州 3日游 经典行程 | City: 广州
2026-07-09 19:13:46.980 | INFO     | N/A | 混合检索完成 → 召回 1 条
2026-07-09 19:13:46.986 | INFO     | N/A | 🔍 执行混合检索 | Collection: user_plans | Query: 广州 3天 中等预算 适中节奏 游记 行程 | City: 广州
2026-07-09 19:13:47.011 | INFO     | N/A | 混合检索完成 → 召回 0 条
2026-07-09 19:13:47.015 | INFO     | N/A | 🔍 执行混合检索 | Collection: attractions | Query: 广州  景点 历史文化 特色 | City: 广州
2026-07-09 19:13:47.037 | INFO     | N/A | 混合检索完成 → 召回 15 条
2026-07-09 19:13:47.037 | INFO     | N/A | 开始重排序 Top-12 → Top-10
2026-07-09 19:13:47.130 | INFO     | N/A | ✅ 重排序完成，最终返回 10 条结果
2026-07-09 19:13:52.404 | INFO     | N/A | 🔍 执行混合检索 | Collection: attractions | Query: 广州 沙面 景点 历史文化 特色 | City: 广州
2026-07-09 19:13:52.440 | INFO     | N/A | 混合检索完成 → 召回 15 条
2026-07-09 19:13:52.440 | INFO     | N/A | 开始重排序 Top-12 → Top-5
2026-07-09 19:13:52.525 | INFO     | N/A | ✅ 重排序完成，最终返回 5 条结果
2026-07-09 19:13:52.533 | INFO     | N/A | 🔍 执行混合检索 | Collection: attractions | Query: 广州 长隆野生动物世界 景点 历史文化 特色 | City: 广州
2026-07-09 19:13:52.561 | INFO     | N/A | 混合检索完成 → 召回 15 条
2026-07-09 19:13:52.561 | INFO     | N/A | 开始重排序 Top-12 → Top-5
2026-07-09 19:13:52.652 | INFO     | N/A | ✅ 重排序完成，最终返回 5 条结果
2026-07-09 19:13:52.655 | INFO     | N/A | 🔍 执行混合检索 | Collection: attractions | Query: 广州 石室圣心大教堂 景点 历史文化 特色 | City: 广州
2026-07-09 19:13:52.677 | INFO     | N/A | 混合检索完成 → 召回 15 条
2026-07-09 19:13:52.677 | INFO     | N/A | 开始重排序 Top-12 → Top-5
2026-07-09 19:13:52.767 | INFO     | N/A | ✅ 重排序完成，最终返回 5 条结果
2026-07-09 19:13:52.771 | INFO     | N/A | 🔍 执行混合检索 | Collection: attractions | Query: 广州 陈家祠 景点 历史文化 特色 | City: 广州
2026-07-09 19:13:52.796 | INFO     | N/A | 混合检索完成 → 召回 15 条
2026-07-09 19:13:52.796 | INFO     | N/A | 开始重排序 Top-12 → Top-5
2026-07-09 19:13:52.881 | INFO     | N/A | ✅ 重排序完成，最终返回 5 条结果
2026-07-09 19:14:27.182 | INFO     | N/A | 进入天气查询工具
2026-07-09 19:14:27.190 | INFO     | N/A | 🔍 执行混合检索 | Collection: attractions | Query: 广州 必去景点 景点 历史文化 特色 | City: 广州
2026-07-09 19:14:27.217 | INFO     | N/A | 混合检索完成 → 召回 15 条
2026-07-09 19:14:27.218 | INFO     | N/A | 开始重排序 Top-12 → Top-8
2026-07-09 19:14:27.308 | INFO     | N/A | ✅ 重排序完成，最终返回 8 条结果
2026-07-09 19:14:27.313 | INFO     | N/A | 🔍 执行混合检索 | Collection: user_plans | Query: 广州 文化游 中等预算 游记 行程 | City: 广州
2026-07-09 19:14:27.343 | INFO     | N/A | 混合检索完成 → 召回 0 条
2026-07-09 19:14:27.350 | INFO     | N/A | 🔍 执行混合检索 | Collection: classic_routes | Query: 广州 3日游 经典行程 | City: 广州
2026-07-09 19:14:27.431 | INFO     | N/A | 混合检索完成 → 召回 1 条
2026-07-09 19:14:34.580 | INFO     | N/A | 🔍 执行混合检索 | Collection: attractions | Query: 广州 石室圣心大教堂 景点 历史文化 特色 | City: 广州
2026-07-09 19:14:34.607 | INFO     | N/A | 混合检索完成 → 召回 15 条
2026-07-09 19:14:34.607 | INFO     | N/A | 开始重排序 Top-12 → Top-5
2026-07-09 19:14:34.706 | INFO     | N/A | ✅ 重排序完成，最终返回 5 条结果
2026-07-09 19:14:34.718 | INFO     | N/A | 🔍 执行混合检索 | Collection: attractions | Query: 广州 陈家祠 景点 历史文化 特色 | City: 广州
2026-07-09 19:14:34.746 | INFO     | N/A | 混合检索完成 → 召回 15 条
2026-07-09 19:14:34.747 | INFO     | N/A | 开始重排序 Top-12 → Top-5
2026-07-09 19:14:34.846 | INFO     | N/A | ✅ 重排序完成，最终返回 5 条结果
2026-07-09 19:14:34.851 | INFO     | N/A | 🔍 执行混合检索 | Collection: attractions | Query: 广州 珠江夜游 景点 历史文化 特色 | City: 广州
2026-07-09 19:14:34.880 | INFO     | N/A | 混合检索完成 → 召回 15 条
2026-07-09 19:14:34.881 | INFO     | N/A | 开始重排序 Top-12 → Top-5
2026-07-09 19:14:34.975 | INFO     | N/A | ✅ 重排序完成，最终返回 5 条结果
2026-07-09 19:14:34.979 | INFO     | N/A | 🔍 执行混合检索 | Collection: attractions | Query: 广州 中山纪念堂 景点 历史文化 特色 | City: 广州
2026-07-09 19:14:35.007 | INFO     | N/A | 混合检索完成 → 召回 15 条
2026-07-09 19:14:35.008 | INFO     | N/A | 开始重排序 Top-12 → Top-5
2026-07-09 19:14:35.104 | INFO     | N/A | ✅ 重排序完成，最终返回 5 条结果
2026-07-09 19:14:39.139 | INFO     | N/A | 🔍 执行混合检索 | Collection: attractions | Query: 广州美食餐厅推荐 粤菜 烧腊 肠粉 | City: 广州
2026-07-09 19:14:39.165 | INFO     | N/A | 混合检索完成 → 召回 15 条
2026-07-09 19:14:39.166 | INFO     | N/A | 开始重排序 Top-12 → Top-5
2026-07-09 19:14:39.250 | INFO     | N/A | ✅ 重排序完成，最终返回 5 条结果
2026-07-09 19:14:39.256 | INFO     | N/A | 🔍 执行混合检索 | Collection: attractions | Query: 广州早茶推荐陶陶居点都德 | City: 广州
2026-07-09 19:14:39.284 | INFO     | N/A | 混合检索完成 → 召回 15 条
2026-07-09 19:14:39.284 | INFO     | N/A | 开始重排序 Top-12 → Top-5
2026-07-09 19:14:39.368 | INFO     | N/A | ✅ 重排序完成，最终返回 5 条结果
2026-07-09 19:14:39.373 | INFO     | N/A | 🔍 执行混合检索 | Collection: attractions | Query: 广州 荔湾湖公园 陈家祠 景点 历史文化 特色 | City: 广州
2026-07-09 19:14:39.401 | INFO     | N/A | 混合检索完成 → 召回 15 条
2026-07-09 19:14:39.401 | INFO     | N/A | 开始重排序 Top-12 → Top-5
2026-07-09 19:14:39.487 | INFO     | N/A | ✅ 重排序完成，最终返回 5 条结果
2026-07-09 19:14:42.511 | INFO     | N/A | 🔍 执行混合检索 | Collection: attractions | Query: 广州陈家祠门票开放时间 石室圣心大教堂 | City: 广州
2026-07-09 19:14:42.535 | INFO     | N/A | 混合检索完成 → 召回 15 条
2026-07-09 19:14:42.535 | INFO     | N/A | 开始重排序 Top-12 → Top-5
2026-07-09 19:14:42.624 | INFO     | N/A | ✅ 重排序完成，最终返回 5 条结果
2026-07-09 19:14:42.628 | INFO     | N/A | 🔍 执行混合检索 | Collection: attractions | Query: 银记肠粉 南信双皮奶 广州酒家 莲香楼 地址人均 | City: 广州
2026-07-09 19:14:42.655 | INFO     | N/A | 混合检索完成 → 召回 15 条
2026-07-09 19:14:42.655 | INFO     | N/A | 开始重排序 Top-12 → Top-5
2026-07-09 19:14:42.748 | INFO     | N/A | ✅ 重排序完成，最终返回 5 条结果
2026-07-09 19:14:44.797 | INFO     | N/A | 🔍 执行混合检索 | Collection: attractions | Query: 广州 石室圣心大教堂 陈家祠 门票 景点 历史文化 特色 | City: 广州
2026-07-09 19:14:44.845 | INFO     | N/A | 混合检索完成 → 召回 15 条
2026-07-09 19:14:44.846 | INFO     | N/A | 开始重排序 Top-12 → Top-5
2026-07-09 19:14:44.935 | INFO     | N/A | ✅ 重排序完成，最终返回 5 条结果
2026-07-09 19:15:21.591 | INFO     | N/A | 进入天气查询工具
2026-07-09 19:15:21.598 | INFO     | N/A | 🔍 执行混合检索 | Collection: classic_routes | Query: 广州 3日游 经典行程 | City: 广州
2026-07-09 19:15:21.666 | INFO     | N/A | 混合检索完成 → 召回 1 条
2026-07-09 19:15:21.673 | INFO     | N/A | 🔍 执行混合检索 | Collection: attractions | Query: 广州  景点 历史文化 特色 | City: 广州
2026-07-09 19:15:21.701 | INFO     | N/A | 混合检索完成 → 召回 15 条
2026-07-09 19:15:21.701 | INFO     | N/A | 开始重排序 Top-12 → Top-10
2026-07-09 19:15:21.792 | INFO     | N/A | ✅ 重排序完成，最终返回 10 条结果
2026-07-09 19:15:21.801 | INFO     | N/A | 🔍 执行混合检索 | Collection: user_plans | Query: 广州 文化游 中等预算 3天 游记 行程 | City: 广州
2026-07-09 19:15:21.830 | INFO     | N/A | 混合检索完成 → 召回 0 条
2026-07-09 19:15:28.021 | INFO     | N/A | 🔍 执行混合检索 | Collection: attractions | Query: 广州 长隆野生动物世界 景点 历史文化 特色 | City: 广州
2026-07-09 19:15:28.044 | INFO     | N/A | 混合检索完成 → 召回 15 条
2026-07-09 19:15:28.044 | INFO     | N/A | 开始重排序 Top-12 → Top-3
2026-07-09 19:15:28.130 | INFO     | N/A | ✅ 重排序完成，最终返回 3 条结果
2026-07-09 19:15:28.137 | INFO     | N/A | 🔍 执行混合检索 | Collection: attractions | Query: 广州 陈家祠 景点 历史文化 特色 | City: 广州
2026-07-09 19:15:28.161 | INFO     | N/A | 混合检索完成 → 召回 15 条
2026-07-09 19:15:28.162 | INFO     | N/A | 开始重排序 Top-12 → Top-3
2026-07-09 19:15:28.251 | INFO     | N/A | ✅ 重排序完成，最终返回 3 条结果
2026-07-09 19:15:28.254 | INFO     | N/A | 🔍 执行混合检索 | Collection: attractions | Query: 广州 中山纪念堂 景点 历史文化 特色 | City: 广州
2026-07-09 19:15:28.278 | INFO     | N/A | 混合检索完成 → 召回 15 条
2026-07-09 19:15:28.278 | INFO     | N/A | 开始重排序 Top-12 → Top-3
2026-07-09 19:15:28.364 | INFO     | N/A | ✅ 重排序完成，最终返回 3 条结果
2026-07-09 19:15:28.368 | INFO     | N/A | 🔍 执行混合检索 | Collection: attractions | Query: 广州 石室圣心大教堂 景点 历史文化 特色 | City: 广州
2026-07-09 19:15:28.391 | INFO     | N/A | 混合检索完成 → 召回 15 条
2026-07-09 19:15:28.392 | INFO     | N/A | 开始重排序 Top-12 → Top-3
2026-07-09 19:15:28.484 | INFO     | N/A | ✅ 重排序完成，最终返回 3 条结果
2026-07-09 19:15:28.487 | INFO     | N/A | 🔍 执行混合检索 | Collection: attractions | Query: 广州 珠江夜游 景点 历史文化 特色 | City: 广州
2026-07-09 19:15:28.511 | INFO     | N/A | 混合检索完成 → 召回 15 条
2026-07-09 19:15:28.511 | INFO     | N/A | 开始重排序 Top-12 → Top-3
2026-07-09 19:15:28.601 | INFO     | N/A | ✅ 重排序完成，最终返回 3 条结果
2026-07-09 19:15:33.134 | INFO     | N/A | 🔍 执行混合检索 | Collection: attractions | Query: 广州 美食 餐厅 推荐 早茶 粤菜 | City: 广州
2026-07-09 19:15:33.175 | INFO     | N/A | 混合检索完成 → 召回 15 条
2026-07-09 19:15:33.175 | INFO     | N/A | 开始重排序 Top-12 → Top-8
2026-07-09 19:15:33.257 | INFO     | N/A | ✅ 重排序完成，最终返回 8 条结果
2026-07-09 19:15:33.261 | INFO     | N/A | 🔍 执行混合检索 | Collection: classic_routes | Query: 广州3日游 经典路线 行程规划 | City: 广州
2026-07-09 19:15:33.335 | INFO     | N/A | 混合检索完成 → 召回 1 条
2026-07-09 19:15:33.339 | INFO     | N/A | 🔍 执行混合检索 | Collection: attractions | Query: 广州 老城区 文化景点 陈家祠 沙面 教堂 | City: 广州
2026-07-09 19:15:33.368 | INFO     | N/A | 混合检索完成 → 召回 15 条
2026-07-09 19:15:33.369 | INFO     | N/A | 开始重排序 Top-12 → Top-8
2026-07-09 19:15:33.459 | INFO     | N/A | ✅ 重排序完成，最终返回 8 条结果
2026-07-09 19:16:10.850 | INFO     | N/A | 进入天气查询工具
2026-07-09 19:16:14.728 | INFO     | N/A | 🔍 执行混合检索 | Collection: attractions | Query: 广州  景点 历史文化 特色 | City: 广州
2026-07-09 19:16:14.751 | INFO     | N/A | 混合检索完成 → 召回 15 条
2026-07-09 19:16:14.752 | INFO     | N/A | 开始重排序 Top-12 → Top-10
2026-07-09 19:16:14.834 | INFO     | N/A | ✅ 重排序完成，最终返回 10 条结果
2026-07-09 19:16:14.841 | INFO     | N/A | 🔍 执行混合检索 | Collection: user_plans | Query: 广州 中等预算 适中节奏 3天 游记 行程 | City: 广州
2026-07-09 19:16:14.866 | INFO     | N/A | 混合检索完成 → 召回 0 条
2026-07-09 19:16:14.870 | INFO     | N/A | 🔍 执行混合检索 | Collection: classic_routes | Query: 广州 3日游 经典行程 | City: 广州
2026-07-09 19:16:14.951 | INFO     | N/A | 混合检索完成 → 召回 1 条
2026-07-09 19:16:19.753 | INFO     | N/A | 🔍 执行混合检索 | Collection: attractions | Query: 广州 长隆 景点 历史文化 特色 | City: 广州
2026-07-09 19:16:19.776 | INFO     | N/A | 混合检索完成 → 召回 15 条
2026-07-09 19:16:19.776 | INFO     | N/A | 开始重排序 Top-12 → Top-3
2026-07-09 19:16:19.861 | INFO     | N/A | ✅ 重排序完成，最终返回 3 条结果
2026-07-09 19:16:19.865 | INFO     | N/A | 🔍 执行混合检索 | Collection: attractions | Query: 广州 陈家祠 景点 历史文化 特色 | City: 广州
2026-07-09 19:16:19.887 | INFO     | N/A | 混合检索完成 → 召回 15 条
2026-07-09 19:16:19.888 | INFO     | N/A | 开始重排序 Top-12 → Top-3
2026-07-09 19:16:19.970 | INFO     | N/A | ✅ 重排序完成，最终返回 3 条结果
2026-07-09 19:16:19.974 | INFO     | N/A | 🔍 执行混合检索 | Collection: attractions | Query: 广州 中山纪念堂 景点 历史文化 特色 | City: 广州
2026-07-09 19:16:19.993 | INFO     | N/A | 混合检索完成 → 召回 15 条
2026-07-09 19:16:19.993 | INFO     | N/A | 开始重排序 Top-12 → Top-3
2026-07-09 19:16:20.077 | INFO     | N/A | ✅ 重排序完成，最终返回 3 条结果
2026-07-09 19:16:24.995 | INFO     | N/A | 🔍 执行混合检索 | Collection: attractions | Query: 广州石室圣心大教堂 开放时间 | City: 广州
2026-07-09 19:16:25.017 | INFO     | N/A | 混合检索完成 → 召回 15 条
2026-07-09 19:16:25.018 | INFO     | N/A | 开始重排序 Top-12 → Top-3
2026-07-09 19:16:25.099 | INFO     | N/A | ✅ 重排序完成，最终返回 3 条结果
2026-07-09 19:16:25.106 | INFO     | N/A | 🔍 执行混合检索 | Collection: attractions | Query: 广州荔湾湖公园 陈家祠 老城区 | City: 广州
2026-07-09 19:16:25.129 | INFO     | N/A | 混合检索完成 → 召回 15 条
2026-07-09 19:16:25.129 | INFO     | N/A | 开始重排序 Top-12 → Top-3
2026-07-09 19:16:25.213 | INFO     | N/A | ✅ 重排序完成，最终返回 3 条结果
2026-07-09 19:16:25.215 | INFO     | N/A | 🔍 执行混合检索 | Collection: attractions | Query: 广州塔 小蛮腰 门票 登塔 | City: 广州
2026-07-09 19:16:25.239 | INFO     | N/A | 混合检索完成 → 召回 15 条
2026-07-09 19:16:25.239 | INFO     | N/A | 开始重排序 Top-12 → Top-5
2026-07-09 19:16:25.321 | INFO     | N/A | ✅ 重排序完成，最终返回 5 条结果
2026-07-09 19:16:25.325 | INFO     | N/A | 🔍 执行混合检索 | Collection: attractions | Query: 陈家祠 广州 门票 开放时间 | City: 广州
2026-07-09 19:16:25.351 | INFO     | N/A | 混合检索完成 → 召回 15 条
2026-07-09 19:16:25.352 | INFO     | N/A | 开始重排序 Top-12 → Top-5
2026-07-09 19:16:25.435 | INFO     | N/A | ✅ 重排序完成，最终返回 5 条结果
2026-07-09 19:17:00.447 | INFO     | N/A | 🔍 执行混合检索 | Collection: classic_routes | Query: 广州 3日游 经典行程 | City: 广州
2026-07-09 19:17:00.449 | INFO     | N/A | 进入天气查询工具
2026-07-09 19:17:00.523 | INFO     | N/A | 混合检索完成 → 召回 1 条
2026-07-09 19:17:00.528 | INFO     | N/A | 🔍 执行混合检索 | Collection: attractions | Query: 广州 必去景点 经典 景点 历史文化 特色 | City: 广州
2026-07-09 19:17:00.558 | INFO     | N/A | 混合检索完成 → 召回 15 条
2026-07-09 19:17:00.558 | INFO     | N/A | 开始重排序 Top-12 → Top-8
2026-07-09 19:17:00.656 | INFO     | N/A | ✅ 重排序完成，最终返回 8 条结果
2026-07-09 19:17:00.660 | INFO     | N/A | 🔍 执行混合检索 | Collection: user_plans | Query: 广州 中等预算 适中节奏 3天 游记 行程 | City: 广州
2026-07-09 19:17:00.685 | INFO     | N/A | 混合检索完成 → 召回 0 条
2026-07-09 19:17:04.855 | INFO     | N/A | 🔍 执行混合检索 | Collection: attractions | Query: 广州 陈家祠 沙面 石室圣心大教堂 越秀公园 景点 历史文化 特色 | City: 广州
2026-07-09 19:17:04.884 | INFO     | N/A | 混合检索完成 → 召回 15 条
2026-07-09 19:17:04.884 | INFO     | N/A | 开始重排序 Top-12 → Top-5
2026-07-09 19:17:04.973 | INFO     | N/A | ✅ 重排序完成，最终返回 5 条结果
2026-07-09 19:17:04.978 | INFO     | N/A | 🔍 执行混合检索 | Collection: attractions | Query: 广州 中山纪念堂 珠江夜游 长隆 广东省博物馆 景点 历史文化 特色 | City: 广州
2026-07-09 19:17:05.004 | INFO     | N/A | 混合检索完成 → 召回 15 条
2026-07-09 19:17:05.004 | INFO     | N/A | 开始重排序 Top-12 → Top-5
2026-07-09 19:17:05.097 | INFO     | N/A | ✅ 重排序完成，最终返回 5 条结果
2026-07-09 19:17:05.101 | INFO     | N/A | 🔍 执行混合检索 | Collection: attractions | Query: 广州美食推荐 餐厅 早茶 粤菜 | City: 广州
2026-07-09 19:17:05.123 | INFO     | N/A | 混合检索完成 → 召回 15 条
2026-07-09 19:17:05.123 | INFO     | N/A | 开始重排序 Top-12 → Top-5
2026-07-09 19:17:05.209 | INFO     | N/A | ✅ 重排序完成，最终返回 5 条结果
2026-07-09 19:17:40.434 | INFO     | N/A | 进入天气查询工具
2026-07-09 19:17:40.437 | INFO     | N/A | 🔍 执行混合检索 | Collection: user_plans | Query: 广州 文化游 3天 中等预算 游记 行程 | City: 广州
2026-07-09 19:17:40.463 | INFO     | N/A | 混合检索完成 → 召回 0 条
2026-07-09 19:17:40.469 | INFO     | N/A | 🔍 执行混合检索 | Collection: classic_routes | Query: 广州 3日游 经典行程 | City: 广州
2026-07-09 19:17:40.543 | INFO     | N/A | 混合检索完成 → 召回 1 条
2026-07-09 19:17:40.548 | INFO     | N/A | 🔍 执行混合检索 | Collection: attractions | Query: 广州  景点 历史文化 特色 | City: 广州
2026-07-09 19:17:40.569 | INFO     | N/A | 混合检索完成 → 召回 15 条
2026-07-09 19:17:40.570 | INFO     | N/A | 开始重排序 Top-12 → Top-10
2026-07-09 19:17:40.657 | INFO     | N/A | ✅ 重排序完成，最终返回 10 条结果
2026-07-09 19:17:47.841 | INFO     | N/A | 🔍 执行混合检索 | Collection: attractions | Query: 广州 陈家祠 景点 历史文化 特色 | City: 广州
2026-07-09 19:17:47.872 | INFO     | N/A | 混合检索完成 → 召回 15 条
2026-07-09 19:17:47.872 | INFO     | N/A | 开始重排序 Top-12 → Top-3
2026-07-09 19:17:47.957 | INFO     | N/A | ✅ 重排序完成，最终返回 3 条结果
2026-07-09 19:17:47.963 | INFO     | N/A | 🔍 执行混合检索 | Collection: attractions | Query: 广州素食 不辣 美食 推荐 餐厅 | City: 广州
2026-07-09 19:17:47.987 | INFO     | N/A | 混合检索完成 → 召回 15 条
2026-07-09 19:17:47.988 | INFO     | N/A | 开始重排序 Top-12 → Top-5
2026-07-09 19:17:48.070 | INFO     | N/A | ✅ 重排序完成，最终返回 5 条结果
2026-07-09 19:17:48.074 | INFO     | N/A | 🔍 执行混合检索 | Collection: attractions | Query: 广州 石室圣心大教堂 景点 历史文化 特色 | City: 广州
2026-07-09 19:17:48.095 | INFO     | N/A | 混合检索完成 → 召回 15 条
2026-07-09 19:17:48.095 | INFO     | N/A | 开始重排序 Top-12 → Top-3
2026-07-09 19:17:48.182 | INFO     | N/A | ✅ 重排序完成，最终返回 3 条结果
2026-07-09 19:17:48.189 | INFO     | N/A | 🔍 执行混合检索 | Collection: attractions | Query: 广州 中山纪念堂 景点 历史文化 特色 | City: 广州
2026-07-09 19:17:48.210 | INFO     | N/A | 混合检索完成 → 召回 15 条
2026-07-09 19:17:48.210 | INFO     | N/A | 开始重排序 Top-12 → Top-3
2026-07-09 19:17:48.302 | INFO     | N/A | ✅ 重排序完成，最终返回 3 条结果
2026-07-09 19:17:48.306 | INFO     | N/A | 🔍 执行混合检索 | Collection: attractions | Query: 广州 荔湾湖 景点 历史文化 特色 | City: 广州
2026-07-09 19:17:48.330 | INFO     | N/A | 混合检索完成 → 召回 15 条
2026-07-09 19:17:48.330 | INFO     | N/A | 开始重排序 Top-12 → Top-3
2026-07-09 19:17:48.413 | INFO     | N/A | ✅ 重排序完成，最终返回 3 条结果
2026-07-09 19:17:52.865 | INFO     | N/A | 🔍 执行混合检索 | Collection: classic_routes | Query: 广州 3日游 经典行程 | City: 广州
2026-07-09 19:17:52.938 | INFO     | N/A | 混合检索完成 → 召回 1 条
2026-07-09 19:17:52.944 | INFO     | N/A | 🔍 执行混合检索 | Collection: attractions | Query: 广州素食餐厅 素食馆 清淡 广州美食 | City: 广州
2026-07-09 19:17:52.969 | INFO     | N/A | 混合检索完成 → 召回 15 条
2026-07-09 19:17:52.970 | INFO     | N/A | 开始重排序 Top-12 → Top-5
2026-07-09 19:17:53.059 | INFO     | N/A | ✅ 重排序完成，最终返回 5 条结果
2026-07-09 19:17:53.066 | INFO     | N/A | 🔍 执行混合检索 | Collection: attractions | Query: 陈家祠 广东民间工艺博物馆 门票 开放时间 | City: 广州
2026-07-09 19:17:53.095 | INFO     | N/A | 混合检索完成 → 召回 15 条
2026-07-09 19:17:53.095 | INFO     | N/A | 开始重排序 Top-12 → Top-5
2026-07-09 19:17:53.181 | INFO     | N/A | ✅ 重排序完成，最终返回 5 条结果
2026-07-09 19:18:28.564 | INFO     | N/A | 进入天气查询工具
2026-07-09 19:18:28.570 | INFO     | N/A | 🔍 执行混合检索 | Collection: classic_routes | Query: 广州 3日游 经典行程 | City: 广州
2026-07-09 19:18:28.643 | INFO     | N/A | 混合检索完成 → 召回 1 条
2026-07-09 19:18:28.646 | INFO     | N/A | 🔍 执行混合检索 | Collection: attractions | Query: 广州  景点 历史文化 特色 | City: 广州
2026-07-09 19:18:28.671 | INFO     | N/A | 混合检索完成 → 召回 15 条
2026-07-09 19:18:28.671 | INFO     | N/A | 开始重排序 Top-12 → Top-10
2026-07-09 19:18:28.754 | INFO     | N/A | ✅ 重排序完成，最终返回 10 条结果
2026-07-09 19:19:03.647 | INFO     | N/A | 进入天气查询工具
2026-07-09 19:19:03.648 | INFO     | N/A | 🔍 执行混合检索 | Collection: attractions | Query: 广州  景点 历史文化 特色 | City: 广州
2026-07-09 19:19:03.674 | INFO     | N/A | 混合检索完成 → 召回 15 条
2026-07-09 19:19:03.675 | INFO     | N/A | 开始重排序 Top-12 → Top-10
2026-07-09 19:19:03.752 | INFO     | N/A | ✅ 重排序完成，最终返回 10 条结果
2026-07-09 19:19:38.828 | INFO     | N/A | 🔍 执行混合检索 | Collection: attractions | Query: 广州  景点 历史文化 特色 | City: 广州
2026-07-09 19:19:38.828 | INFO     | N/A | 进入天气查询工具
2026-07-09 19:19:38.852 | INFO     | N/A | 混合检索完成 → 召回 15 条
2026-07-09 19:19:38.853 | INFO     | N/A | 开始重排序 Top-12 → Top-10
2026-07-09 19:19:38.939 | INFO     | N/A | ✅ 重排序完成，最终返回 10 条结果
2026-07-09 19:19:38.945 | INFO     | N/A | 🔍 执行混合检索 | Collection: classic_routes | Query: 广州 3日游 经典行程 | City: 广州
2026-07-09 19:19:39.018 | INFO     | N/A | 混合检索完成 → 召回 1 条
2026-07-09 19:19:39.022 | INFO     | N/A | 🔍 执行混合检索 | Collection: user_plans | Query: 广州  游记 行程 | City: 广州
2026-07-09 19:19:39.048 | INFO     | N/A | 混合检索完成 → 召回 0 条
2026-07-09 19:19:44.893 | INFO     | N/A | 🔍 执行混合检索 | Collection: attractions | Query: 广州 石室圣心大教堂 景点 历史文化 特色 | City: 广州
2026-07-09 19:19:44.920 | INFO     | N/A | 混合检索完成 → 召回 15 条
2026-07-09 19:19:44.920 | INFO     | N/A | 开始重排序 Top-12 → Top-2
2026-07-09 19:19:45.009 | INFO     | N/A | ✅ 重排序完成，最终返回 2 条结果
2026-07-09 19:19:45.016 | INFO     | N/A | 🔍 执行混合检索 | Collection: attractions | Query: 广州 长隆野生动物世界 景点 历史文化 特色 | City: 广州
2026-07-09 19:19:45.037 | INFO     | N/A | 混合检索完成 → 召回 15 条
2026-07-09 19:19:45.038 | INFO     | N/A | 开始重排序 Top-12 → Top-2
2026-07-09 19:19:45.124 | INFO     | N/A | ✅ 重排序完成，最终返回 2 条结果
2026-07-09 19:19:45.127 | INFO     | N/A | 🔍 执行混合检索 | Collection: attractions | Query: 广州 中山纪念堂 景点 历史文化 特色 | City: 广州
2026-07-09 19:19:45.152 | INFO     | N/A | 混合检索完成 → 召回 15 条
2026-07-09 19:19:45.152 | INFO     | N/A | 开始重排序 Top-12 → Top-2
2026-07-09 19:19:45.240 | INFO     | N/A | ✅ 重排序完成，最终返回 2 条结果
2026-07-09 19:19:45.244 | INFO     | N/A | 🔍 执行混合检索 | Collection: attractions | Query: 广州 陈家祠 景点 历史文化 特色 | City: 广州
2026-07-09 19:19:45.267 | INFO     | N/A | 混合检索完成 → 召回 15 条
2026-07-09 19:19:45.267 | INFO     | N/A | 开始重排序 Top-12 → Top-2
2026-07-09 19:19:45.353 | INFO     | N/A | ✅ 重排序完成，最终返回 2 条结果
2026-07-09 19:20:26.997 | INFO     | N/A | 进入天气查询工具
2026-07-09 19:20:26.999 | INFO     | N/A | 🔍 执行混合检索 | Collection: attractions | Query: 广州  景点 历史文化 特色 | City: 广州
2026-07-09 19:20:27.022 | INFO     | N/A | 混合检索完成 → 召回 15 条
2026-07-09 19:20:27.022 | INFO     | N/A | 开始重排序 Top-12 → Top-8
2026-07-09 19:20:27.103 | INFO     | N/A | ✅ 重排序完成，最终返回 8 条结果
2026-07-09 19:20:57.965 | INFO     | N/A | 进入天气查询工具
2026-07-09 19:21:32.093 | INFO     | N/A | 🔍 执行混合检索 | Collection: classic_routes | Query: 广州 3日游 经典行程 | City: 广州
2026-07-09 19:21:32.093 | INFO     | N/A | 进入天气查询工具
2026-07-09 19:21:32.160 | INFO     | N/A | 混合检索完成 → 召回 1 条
2026-07-09 19:21:36.046 | INFO     | N/A | 🔍 执行混合检索 | Collection: attractions | Query: 广州  景点 历史文化 特色 | City: 广州
2026-07-09 19:21:36.070 | INFO     | N/A | 混合检索完成 → 召回 15 条
2026-07-09 19:21:36.071 | INFO     | N/A | 开始重排序 Top-12 → Top-10
2026-07-09 19:21:36.149 | INFO     | N/A | ✅ 重排序完成，最终返回 10 条结果
2026-07-09 19:22:15.369 | INFO     | N/A | 🔍 执行混合检索 | Collection: attractions | Query: 广州  景点 历史文化 特色 | City: 广州
2026-07-09 19:22:15.391 | INFO     | N/A | 混合检索完成 → 召回 15 条
2026-07-09 19:22:15.391 | INFO     | N/A | 开始重排序 Top-12 → Top-10
2026-07-09 19:22:15.398 | INFO     | N/A | 进入天气查询工具
2026-07-09 19:22:15.471 | INFO     | N/A | ✅ 重排序完成，最终返回 10 条结果
2026-07-09 19:22:15.474 | INFO     | N/A | 🔍 执行混合检索 | Collection: classic_routes | Query: 广州 3日游 经典行程 | City: 广州
2026-07-09 19:22:15.544 | INFO     | N/A | 混合检索完成 → 召回 1 条
2026-07-09 19:22:52.843 | INFO     | N/A | 进入天气查询工具
2026-07-09 19:22:52.848 | INFO     | N/A | 🔍 执行混合检索 | Collection: classic_routes | Query: 广州 3日游 经典行程 | City: 广州
2026-07-09 19:22:52.910 | INFO     | N/A | 混合检索完成 → 召回 1 条
2026-07-09 19:22:52.916 | INFO     | N/A | 🔍 执行混合检索 | Collection: attractions | Query: 广州  景点 历史文化 特色 | City: 广州
2026-07-09 19:22:52.938 | INFO     | N/A | 混合检索完成 → 召回 15 条
2026-07-09 19:22:52.938 | INFO     | N/A | 开始重排序 Top-12 → Top-10
2026-07-09 19:22:53.019 | INFO     | N/A | ✅ 重排序完成，最终返回 10 条结果
2026-07-09 19:22:56.141 | INFO     | N/A | 🔍 执行混合检索 | Collection: user_plans | Query: 广州 文化游 素食 不吃辣 适中节奏 游记 行程 | City: 广州
2026-07-09 19:22:56.166 | INFO     | N/A | 混合检索完成 → 召回 0 条
2026-07-09 22:04:26.134 | INFO     | N/A | 🔍 执行混合检索 | Collection: attractions | Query: 北京 景点 景点 历史文化 特色 | City: 北京
2026-07-09 22:04:26.350 | INFO     | N/A | 混合检索完成 → 召回 3 条
