2026-07-12 14:36:46.450 | INFO     | N/A | 进入天气查询工具
2026-07-12 14:36:46.461 | INFO     | N/A | 🔍 执行混合检索 | Collection: attractions | Query: 广州 文化 历史 必去 景点 历史文化 特色 | City: 广州
2026-07-12 14:36:47.167 | INFO     | N/A | 混合检索完成 → 召回 15 条
2026-07-12 14:36:47.168 | INFO     | N/A | 开始重排序 Top-12 → Top-10
2026-07-12 14:36:47.597 | INFO     | N/A | ✅ 重排序完成，最终返回 10 条结果
2026-07-12 14:36:47.652 | INFO     | N/A | 🔍 执行混合检索 | Collection: classic_routes | Query: 广州 1日游 经典行程 | City: 广州
2026-07-12 14:36:47.751 | INFO     | N/A | 混合检索完成 → 召回 1 条
2026-07-12 14:36:47.758 | INFO     | N/A | 🔍 执行混合检索 | Collection: user_plans | Query: 广州 文化游 一日游 适中 游记 行程 | City: 广州
2026-07-12 14:36:47.797 | INFO     | N/A | 混合检索完成 → 召回 0 条
2026-07-12 14:36:53.380 | INFO     | N/A | 🔍 执行混合检索 | Collection: classic_routes | Query: 广州 1日游 经典行程 | City: 广州
2026-07-12 14:36:53.462 | INFO     | N/A | 混合检索完成 → 召回 1 条
2026-07-12 14:36:53.470 | INFO     | N/A | 🔍 执行混合检索 | Collection: attractions | Query: 广州文化游 历史景点 一日游推荐 | City: 广州
2026-07-12 14:36:53.547 | INFO     | N/A | 混合检索完成 → 召回 15 条
2026-07-12 14:36:53.547 | INFO     | N/A | 开始重排序 Top-12 → Top-8
2026-07-12 14:36:53.669 | INFO     | N/A | ✅ 重排序完成，最终返回 8 条结果
2026-07-12 14:36:53.676 | INFO     | N/A | 🔍 执行混合检索 | Collection: attractions | Query: 广州素食 早茶 特色美食 餐厅推荐 | City: 广州
2026-07-12 14:36:53.717 | INFO     | N/A | 混合检索完成 → 召回 15 条
2026-07-12 14:36:53.718 | INFO     | N/A | 开始重排序 Top-12 → Top-5
2026-07-12 14:36:53.822 | INFO     | N/A | ✅ 重排序完成，最终返回 5 条结果
2026-07-12 14:37:04.121 | INFO     | N/A | 🔍 执行混合检索 | Collection: attractions | Query: 广州素食餐厅 素食推荐 斋菜 | City: 广州
2026-07-12 14:37:04.170 | INFO     | N/A | 混合检索完成 → 召回 15 条
2026-07-12 14:37:04.171 | INFO     | N/A | 开始重排序 Top-12 → Top-5
2026-07-12 14:37:04.275 | INFO     | N/A | ✅ 重排序完成，最终返回 5 条结果
2026-07-12 14:37:37.627 | INFO     | N/A | 🔍 执行混合检索 | Collection: attractions | Query: 广州 陈家祠 沙面 石室圣心大教堂 北京路 文化游 景点 历史文化 特色 | City: 广州
2026-07-12 14:37:37.629 | INFO     | N/A | 进入天气查询工具
2026-07-12 14:37:37.764 | INFO     | N/A | 混合检索完成 → 召回 15 条
2026-07-12 14:37:37.766 | INFO     | N/A | 开始重排序 Top-12 → Top-5
2026-07-12 14:37:37.985 | INFO     | N/A | ✅ 重排序完成，最终返回 5 条结果
2026-07-12 14:45:42.827 | INFO     | N/A | 🔍 执行混合检索 | Collection: classic_routes | Query: 广州 1日游 经典行程 | City: 广州
2026-07-12 14:45:42.829 | INFO     | N/A | 进入天气查询工具
2026-07-12 14:45:43.006 | INFO     | N/A | 混合检索完成 → 召回 1 条
2026-07-12 14:45:43.024 | INFO     | N/A | 🔍 执行混合检索 | Collection: user_plans | Query: 广州 文化游 素食 不吃辣 1日游 游记 行程 | City: 广州
2026-07-12 14:45:43.094 | INFO     | N/A | 混合检索完成 → 召回 0 条
2026-07-12 14:45:43.109 | INFO     | N/A | 🔍 执行混合检索 | Collection: attractions | Query: 广州  景点 历史文化 特色 | City: 广州
2026-07-12 14:45:43.156 | INFO     | N/A | 混合检索完成 → 召回 15 条
2026-07-12 14:45:43.157 | INFO     | N/A | 开始重排序 Top-12 → Top-8
2026-07-12 14:45:43.307 | INFO     | N/A | ✅ 重排序完成，最终返回 8 条结果
2026-07-12 14:45:50.424 | INFO     | N/A | 🔍 执行混合检索 | Collection: attractions | Query: 陈家祠 文化 历史 门票 开放时间 | City: 广州
2026-07-12 14:45:50.552 | INFO     | N/A | 混合检索完成 → 召回 15 条
2026-07-12 14:45:50.553 | INFO     | N/A | 开始重排序 Top-12 → Top-5
2026-07-12 14:45:50.710 | INFO     | N/A | ✅ 重排序完成，最终返回 5 条结果
2026-07-12 14:45:50.726 | INFO     | N/A | 🔍 执行混合检索 | Collection: attractions | Query: 广州素食餐厅 素食馆 推荐 | City: 广州
2026-07-12 14:45:50.772 | INFO     | N/A | 混合检索完成 → 召回 15 条
2026-07-12 14:45:50.774 | INFO     | N/A | 开始重排序 Top-12 → Top-5
2026-07-12 14:45:50.915 | INFO     | N/A | ✅ 重排序完成，最终返回 5 条结果
2026-07-12 14:45:50.931 | INFO     | N/A | 🔍 执行混合检索 | Collection: attractions | Query: 石室圣心大教堂 景点 开放时间 | City: 广州
2026-07-12 14:45:50.977 | INFO     | N/A | 混合检索完成 → 召回 15 条
2026-07-12 14:45:50.978 | INFO     | N/A | 开始重排序 Top-12 → Top-5
2026-07-12 14:45:51.105 | INFO     | N/A | ✅ 重排序完成，最终返回 5 条结果
2026-07-12 14:45:51.117 | INFO     | N/A | 🔍 执行混合检索 | Collection: attractions | Query: 中山纪念堂 景点 门票 开放时间 | City: 广州
2026-07-12 14:45:51.159 | INFO     | N/A | 混合检索完成 → 召回 15 条
2026-07-12 14:45:51.160 | INFO     | N/A | 开始重排序 Top-12 → Top-5
2026-07-12 14:45:51.289 | INFO     | N/A | ✅ 重排序完成，最终返回 5 条结果
2026-07-12 14:45:55.117 | INFO     | N/A | 🔍 执行混合检索 | Collection: user_plans | Query: 广州素食 素菜馆 健康素食 绿色餐饮 | City: 广州
2026-07-12 14:45:55.230 | INFO     | N/A | 混合检索完成 → 召回 0 条
2026-07-12 14:46:26.801 | INFO     | N/A | 🔍 执行混合检索 | Collection: attractions | Query: 广州  景点 历史文化 特色 | City: 广州
2026-07-12 14:46:26.802 | INFO     | N/A | 进入天气查询工具
2026-07-12 14:46:26.898 | INFO     | N/A | 混合检索完成 → 召回 15 条
2026-07-12 14:46:26.899 | INFO     | N/A | 开始重排序 Top-12 → Top-10
2026-07-12 14:46:27.081 | INFO     | N/A | ✅ 重排序完成，最终返回 10 条结果
2026-07-12 14:50:42.989 | INFO     | N/A | 🔍 执行混合检索 | Collection: attractions | Query: 广州  景点 历史文化 特色 | City: 广州
2026-07-12 14:50:42.994 | INFO     | N/A | 进入天气查询工具
2026-07-12 14:50:43.066 | INFO     | N/A | 混合检索完成 → 召回 15 条
2026-07-12 14:50:43.067 | INFO     | N/A | 开始重排序 Top-12 → Top-10
2026-07-12 14:50:44.115 | INFO     | N/A | ✅ 重排序完成，最终返回 10 条结果
2026-07-12 14:50:44.128 | INFO     | N/A | 🔍 执行混合检索 | Collection: user_plans | Query: 广州 文化游 一日游 素食 不吃辣 游记 行程 | City: 广州
2026-07-12 14:50:44.834 | INFO     | N/A | 混合检索完成 → 召回 0 条
2026-07-12 14:50:44.848 | INFO     | N/A | 🔍 执行混合检索 | Collection: classic_routes | Query: 广州 1日游 经典行程 | City: 广州
2026-07-12 14:50:45.121 | INFO     | N/A | 混合检索完成 → 召回 1 条
2026-07-12 14:50:52.804 | INFO     | N/A | 🔍 执行混合检索 | Collection: attractions | Query: 广州 陈家祠 文化景点 门票 开放时间 | City: 广州
2026-07-12 14:50:52.933 | INFO     | N/A | 混合检索完成 → 召回 15 条
2026-07-12 14:50:52.935 | INFO     | N/A | 开始重排序 Top-12 → Top-5
2026-07-12 14:50:53.098 | INFO     | N/A | ✅ 重排序完成，最终返回 5 条结果
2026-07-12 14:50:53.113 | INFO     | N/A | 🔍 执行混合检索 | Collection: attractions | Query: 广州 中山纪念堂 越秀公园 文化景点 | City: 广州
2026-07-12 14:50:53.163 | INFO     | N/A | 混合检索完成 → 召回 15 条
2026-07-12 14:50:53.164 | INFO     | N/A | 开始重排序 Top-12 → Top-5
2026-07-12 14:50:53.299 | INFO     | N/A | ✅ 重排序完成，最终返回 5 条结果
2026-07-12 14:50:53.314 | INFO     | N/A | 🔍 执行混合检索 | Collection: attractions | Query: 广州 石室圣心大教堂 开放时间 门票 | City: 广州
2026-07-12 14:50:53.350 | INFO     | N/A | 混合检索完成 → 召回 15 条
2026-07-12 14:50:53.351 | INFO     | N/A | 开始重排序 Top-12 → Top-5
2026-07-12 14:50:53.483 | INFO     | N/A | ✅ 重排序完成，最终返回 5 条结果
2026-07-12 14:50:53.490 | INFO     | N/A | 🔍 执行混合检索 | Collection: attractions | Query: 广州 素食餐厅 素菜馆 推荐 | City: 广州
2026-07-12 14:50:53.528 | INFO     | N/A | 混合检索完成 → 召回 15 条
2026-07-12 14:50:53.528 | INFO     | N/A | 开始重排序 Top-12 → Top-5
2026-07-12 14:50:53.661 | INFO     | N/A | ✅ 重排序完成，最终返回 5 条结果
2026-07-12 14:50:58.543 | INFO     | N/A | 🔍 执行混合检索 | Collection: attractions | Query: 广州 陈家祠 素食 素菜 景点 历史文化 特色 | City: 广州
2026-07-12 14:50:58.656 | INFO     | N/A | 混合检索完成 → 召回 15 条
2026-07-12 14:50:58.656 | INFO     | N/A | 开始重排序 Top-12 → Top-5
2026-07-12 14:50:58.858 | INFO     | N/A | ✅ 重排序完成，最终返回 5 条结果
2026-07-12 14:50:58.865 | INFO     | N/A | 🔍 执行混合检索 | Collection: classic_routes | Query: 广州 陈家祠 门票价格 开放时间 地铁 | City: 广州
2026-07-12 14:50:58.961 | INFO     | N/A | 混合检索完成 → 召回 1 条
2026-07-12 14:51:04.152 | INFO     | N/A | 🔍 执行混合检索 | Collection: attractions | Query: 广州 沙面岛 历史建筑 游览 | City: 广州
2026-07-12 14:51:04.282 | INFO     | N/A | 混合检索完成 → 召回 15 条
2026-07-12 14:51:04.285 | INFO     | N/A | 开始重排序 Top-12 → Top-5
2026-07-12 14:51:04.459 | INFO     | N/A | ✅ 重排序完成，最终返回 5 条结果
2026-07-12 14:51:04.472 | INFO     | N/A | 🔍 执行混合检索 | Collection: attractions | Query: 广州 陈家祠 陈氏书院 门票 开放时间 | City: 广州
2026-07-12 14:51:04.519 | INFO     | N/A | 混合检索完成 → 召回 15 条
2026-07-12 14:51:04.519 | INFO     | N/A | 开始重排序 Top-12 → Top-5
2026-07-12 14:51:04.655 | INFO     | N/A | ✅ 重排序完成，最终返回 5 条结果
2026-07-12 14:51:04.660 | INFO     | N/A | 🔍 执行混合检索 | Collection: attractions | Query: 广州 素食馆 素菜 怡新素食 佛世界 | City: 广州
2026-07-12 14:51:04.716 | INFO     | N/A | 混合检索完成 → 召回 15 条
2026-07-12 14:51:04.716 | INFO     | N/A | 开始重排序 Top-12 → Top-5
2026-07-12 14:51:04.848 | INFO     | N/A | ✅ 重排序完成，最终返回 5 条结果
2026-07-12 14:51:08.265 | INFO     | N/A | 🔍 执行混合检索 | Collection: attractions | Query: 广州 素食餐厅 素菜馆 素食自助 景点 历史文化 特色 | City: 广州
2026-07-12 14:51:08.393 | INFO     | N/A | 混合检索完成 → 召回 15 条
2026-07-12 14:51:08.394 | INFO     | N/A | 开始重排序 Top-12 → Top-5
2026-07-12 14:51:08.561 | INFO     | N/A | ✅ 重排序完成，最终返回 5 条结果
2026-07-12 14:51:08.571 | INFO     | N/A | 🔍 执行混合检索 | Collection: attractions | Query: 广州 陈家祠 陈氏书院 门票 景点 历史文化 特色 | City: 广州
2026-07-12 14:51:08.639 | INFO     | N/A | 混合检索完成 → 召回 15 条
2026-07-12 14:51:08.639 | INFO     | N/A | 开始重排序 Top-12 → Top-5
2026-07-12 14:51:08.798 | INFO     | N/A | ✅ 重排序完成，最终返回 5 条结果
2026-07-12 14:51:49.375 | INFO     | N/A | 进入天气查询工具
2026-07-12 14:51:49.412 | INFO     | N/A | 🔍 执行混合检索 | Collection: attractions | Query: 广州  景点 历史文化 特色 | City: 广州
2026-07-12 14:51:49.603 | INFO     | N/A | 混合检索完成 → 召回 15 条
2026-07-12 14:51:49.604 | INFO     | N/A | 开始重排序 Top-12 → Top-10
2026-07-12 14:51:49.831 | INFO     | N/A | ✅ 重排序完成，最终返回 10 条结果
2026-07-12 14:51:49.844 | INFO     | N/A | 🔍 执行混合检索 | Collection: classic_routes | Query: 广州 1日游 经典行程 | City: 广州
2026-07-12 14:51:49.956 | INFO     | N/A | 混合检索完成 → 召回 1 条
2026-07-12 14:51:49.969 | INFO     | N/A | 🔍 执行混合检索 | Collection: user_plans | Query: 广州  游记 行程 | City: 广州
2026-07-12 14:51:50.039 | INFO     | N/A | 混合检索完成 → 召回 0 条
2026-07-12 14:51:55.593 | INFO     | N/A | 🔍 执行混合检索 | Collection: attractions | Query: 广州素食餐厅推荐 素食馆 不吃辣 | City: 广州
2026-07-12 14:51:55.707 | INFO     | N/A | 混合检索完成 → 召回 15 条
2026-07-12 14:51:55.710 | INFO     | N/A | 开始重排序 Top-12 → Top-5
2026-07-12 14:51:55.946 | INFO     | N/A | ✅ 重排序完成，最终返回 5 条结果
