2026-07-10 09:40:01.822 | INFO     | N/A | 🔍 执行混合检索 | Collection: user_plans | Query: 北京 文化游 3天 适中 游记 行程 | City: 北京
2026-07-10 09:40:01.881 | INFO     | N/A | 进入天气查询工具
2026-07-10 09:40:04.025 | WARNING  | N/A | 关键词搜索失败: [WinError 10061] 由于目标计算机积极拒绝，无法连接。，仅使用向量搜索
2026-07-10 09:40:06.306 | ERROR    | N/A | _search 执行失败: [WinError 10061] 由于目标计算机积极拒绝，无法连接。
2026-07-10 09:40:08.380 | INFO     | N/A | 🔍 执行混合检索 | Collection: classic_routes | Query: 北京 3日游 经典行程 | City: 北京
2026-07-10 09:40:10.458 | WARNING  | N/A | 关键词搜索失败: [WinError 10061] 由于目标计算机积极拒绝，无法连接。，仅使用向量搜索
2026-07-10 09:40:12.496 | ERROR    | N/A | _search 执行失败: [WinError 10061] 由于目标计算机积极拒绝，无法连接。
2026-07-10 09:40:14.537 | INFO     | N/A | 🔍 执行混合检索 | Collection: attractions | Query: 北京 必去景点 景点 历史文化 特色 | City: 北京
2026-07-10 09:40:16.611 | WARNING  | N/A | 关键词搜索失败: [WinError 10061] 由于目标计算机积极拒绝，无法连接。，仅使用向量搜索
2026-07-10 09:40:18.640 | ERROR    | N/A | _search 执行失败: [WinError 10061] 由于目标计算机积极拒绝，无法连接。
2026-07-10 09:40:26.898 | INFO     | N/A | 🔍 执行混合检索 | Collection: user_plans | Query: 北京三日游攻略文化美食住宿 | City: 北京
2026-07-10 09:40:29.067 | WARNING  | N/A | 关键词搜索失败: [WinError 10061] 由于目标计算机积极拒绝，无法连接。，仅使用向量搜索
2026-07-10 09:40:31.106 | ERROR    | N/A | _search 执行失败: [WinError 10061] 由于目标计算机积极拒绝，无法连接。
2026-07-10 09:40:33.153 | INFO     | N/A | 🔍 执行混合检索 | Collection: classic_routes | Query: 北京经典三日游行程路线推荐 | City: 北京
2026-07-10 09:40:35.280 | WARNING  | N/A | 关键词搜索失败: [WinError 10061] 由于目标计算机积极拒绝，无法连接。，仅使用向量搜索
2026-07-10 09:40:37.313 | ERROR    | N/A | _search 执行失败: [WinError 10061] 由于目标计算机积极拒绝，无法连接。
2026-07-10 09:40:39.343 | INFO     | N/A | 🔍 执行混合检索 | Collection: attractions | Query: 北京故宫天安门长城颐和园天坛三日游文化 | City: 北京
2026-07-10 09:40:41.442 | WARNING  | N/A | 关键词搜索失败: [WinError 10061] 由于目标计算机积极拒绝，无法连接。，仅使用向量搜索
2026-07-10 09:40:43.465 | ERROR    | N/A | _search 执行失败: [WinError 10061] 由于目标计算机积极拒绝，无法连接。
2026-07-10 09:41:27.755 | INFO     | N/A | 进入天气查询工具
2026-07-10 09:41:27.757 | INFO     | N/A | 🔍 执行混合检索 | Collection: attractions | Query: 北京  景点 历史文化 特色 | City: 北京
2026-07-10 09:41:29.877 | WARNING  | N/A | 关键词搜索失败: [WinError 10061] 由于目标计算机积极拒绝，无法连接。，仅使用向量搜索
2026-07-10 09:41:31.906 | ERROR    | N/A | _search 执行失败: [WinError 10061] 由于目标计算机积极拒绝，无法连接。
2026-07-10 09:41:33.942 | INFO     | N/A | 🔍 执行混合检索 | Collection: classic_routes | Query: 北京 3日游 经典行程 | City: 北京
2026-07-10 09:41:36.034 | WARNING  | N/A | 关键词搜索失败: [WinError 10061] 由于目标计算机积极拒绝，无法连接。，仅使用向量搜索
2026-07-10 09:41:38.059 | ERROR    | N/A | _search 执行失败: [WinError 10061] 由于目标计算机积极拒绝，无法连接。
2026-07-10 09:41:44.641 | INFO     | N/A | 🔍 执行混合检索 | Collection: user_plans | Query: 北京 文化游 素食 不吃辣 游记 行程 | City: 北京
2026-07-10 09:41:46.772 | WARNING  | N/A | 关键词搜索失败: [WinError 10061] 由于目标计算机积极拒绝，无法连接。，仅使用向量搜索
2026-07-10 09:41:48.803 | ERROR    | N/A | _search 执行失败: [WinError 10061] 由于目标计算机积极拒绝，无法连接。
2026-07-10 09:48:09.514 | INFO     | N/A | 🔍 执行混合检索 | Collection: attractions | Query: 北京 景点 景点 历史文化 特色 | City: 北京
2026-07-10 09:48:11.635 | WARNING  | N/A | 关键词搜索失败: [WinError 10061] 由于目标计算机积极拒绝，无法连接。，仅使用向量搜索
2026-07-10 09:48:13.667 | ERROR    | N/A | _search 执行失败: [WinError 10061] 由于目标计算机积极拒绝，无法连接。
2026-07-10 09:58:01.167 | INFO     | N/A | 进入天气查询工具
2026-07-10 15:49:08.537 | INFO     | N/A | 🔍 执行混合检索 | Collection: attractions | Query: 泰国 景点 景点 历史文化 特色 | City: 泰国
2026-07-10 15:49:08.615 | INFO     | N/A | 混合检索完成 → 召回 0 条
