2026-07-13 10:12:44.453 | INFO     | N/A | 进入天气查询工具
2026-07-13 10:12:44.456 | INFO     | N/A | 🔍 执行混合检索 | Collection: classic_routes | Query: 广州 1日游 经典行程 | City: 广州
2026-07-13 10:12:46.561 | WARNING  | N/A | 关键词搜索失败: [WinError 10061] 由于目标计算机积极拒绝，无法连接。，仅使用向量搜索
2026-07-13 10:12:48.597 | ERROR    | N/A | _search 执行失败: [WinError 10061] 由于目标计算机积极拒绝，无法连接。
2026-07-13 10:12:50.634 | INFO     | N/A | 🔍 执行混合检索 | Collection: attractions | Query: 广州  景点 历史文化 特色 | City: 广州
2026-07-13 10:12:52.699 | WARNING  | N/A | 关键词搜索失败: [WinError 10061] 由于目标计算机积极拒绝，无法连接。，仅使用向量搜索
2026-07-13 10:12:54.715 | ERROR    | N/A | _search 执行失败: [WinError 10061] 由于目标计算机积极拒绝，无法连接。
2026-07-13 10:12:56.742 | INFO     | N/A | 🔍 执行混合检索 | Collection: user_plans | Query: 广州 文化游 一日游 素食 游记 行程 | City: 广州
2026-07-13 10:12:58.778 | WARNING  | N/A | 关键词搜索失败: [WinError 10061] 由于目标计算机积极拒绝，无法连接。，仅使用向量搜索
2026-07-13 10:13:00.806 | ERROR    | N/A | _search 执行失败: [WinError 10061] 由于目标计算机积极拒绝，无法连接。
2026-07-13 10:13:47.492 | INFO     | N/A | 🔍 执行混合检索 | Collection: attractions | Query: 广州  景点 历史文化 特色 | City: 广州
2026-07-13 10:13:47.499 | INFO     | N/A | 进入天气查询工具
2026-07-13 10:13:49.533 | WARNING  | N/A | 关键词搜索失败: [WinError 10061] 由于目标计算机积极拒绝，无法连接。，仅使用向量搜索
2026-07-13 10:13:51.539 | ERROR    | N/A | _search 执行失败: [WinError 10061] 由于目标计算机积极拒绝，无法连接。
2026-07-13 10:13:53.578 | INFO     | N/A | 🔍 执行混合检索 | Collection: user_plans | Query: 广州 文化游 1日游 中等预算 游记 行程 | City: 广州
2026-07-13 10:13:55.605 | WARNING  | N/A | 关键词搜索失败: [WinError 10061] 由于目标计算机积极拒绝，无法连接。，仅使用向量搜索
2026-07-13 10:13:57.644 | ERROR    | N/A | _search 执行失败: [WinError 10061] 由于目标计算机积极拒绝，无法连接。
2026-07-13 10:13:59.682 | INFO     | N/A | 🔍 执行混合检索 | Collection: classic_routes | Query: 广州 1日游 经典行程 | City: 广州
2026-07-13 10:14:01.732 | WARNING  | N/A | 关键词搜索失败: [WinError 10061] 由于目标计算机积极拒绝，无法连接。，仅使用向量搜索
2026-07-13 10:14:03.756 | ERROR    | N/A | _search 执行失败: [WinError 10061] 由于目标计算机积极拒绝，无法连接。
2026-07-13 10:14:10.307 | INFO     | N/A | 🔍 执行混合检索 | Collection: classic_routes | Query: 广州一日游经典路线 | City: 广州
2026-07-13 10:14:12.351 | WARNING  | N/A | 关键词搜索失败: [WinError 10061] 由于目标计算机积极拒绝，无法连接。，仅使用向量搜索
2026-07-13 10:14:14.388 | ERROR    | N/A | _search 执行失败: [WinError 10061] 由于目标计算机积极拒绝，无法连接。
2026-07-13 10:14:16.434 | INFO     | N/A | 🔍 执行混合检索 | Collection: attractions | Query: 广州素食 素食餐厅 广州美食 | City: 广州
2026-07-13 10:14:18.477 | WARNING  | N/A | 关键词搜索失败: [WinError 10061] 由于目标计算机积极拒绝，无法连接。，仅使用向量搜索
2026-07-13 10:14:20.502 | ERROR    | N/A | _search 执行失败: [WinError 10061] 由于目标计算机积极拒绝，无法连接。
2026-07-13 10:14:22.529 | INFO     | N/A | 🔍 执行混合检索 | Collection: attractions | Query: 广州文化游 必去景点 历史人文 | City: 广州
2026-07-13 10:14:24.561 | WARNING  | N/A | 关键词搜索失败: [WinError 10061] 由于目标计算机积极拒绝，无法连接。，仅使用向量搜索
2026-07-13 10:14:26.572 | ERROR    | N/A | _search 执行失败: [WinError 10061] 由于目标计算机积极拒绝，无法连接。
2026-07-13 10:14:35.544 | INFO     | N/A | 🔍 执行混合检索 | Collection: attractions | Query: 广州旅游 陈家祠 沙面 越秀公园 中山纪念堂 | City: 广州
2026-07-13 10:14:37.602 | WARNING  | N/A | 关键词搜索失败: [WinError 10061] 由于目标计算机积极拒绝，无法连接。，仅使用向量搜索
2026-07-13 10:14:39.616 | ERROR    | N/A | _search 执行失败: [WinError 10061] 由于目标计算机积极拒绝，无法连接。
2026-07-13 10:14:41.679 | INFO     | N/A | 🔍 执行混合检索 | Collection: attractions | Query: 广州 陈家祠 沙面 越秀公园 中山纪念堂 石室圣心大教堂 广州塔 景点 历史文化 特色 | City: 广州
2026-07-13 10:14:43.722 | WARNING  | N/A | 关键词搜索失败: [WinError 10061] 由于目标计算机积极拒绝，无法连接。，仅使用向量搜索
2026-07-13 10:14:45.777 | ERROR    | N/A | _search 执行失败: [WinError 10061] 由于目标计算机积极拒绝，无法连接。
2026-07-13 10:15:17.105 | INFO     | N/A | 进入天气查询工具
2026-07-13 10:15:17.106 | INFO     | N/A | 🔍 执行混合检索 | Collection: attractions | Query: 广州  景点 历史文化 特色 | City: 广州
2026-07-13 10:15:19.151 | WARNING  | N/A | 关键词搜索失败: [WinError 10061] 由于目标计算机积极拒绝，无法连接。，仅使用向量搜索
2026-07-13 10:15:21.168 | ERROR    | N/A | _search 执行失败: [WinError 10061] 由于目标计算机积极拒绝，无法连接。
2026-07-13 10:15:26.879 | INFO     | N/A | 🔍 执行混合检索 | Collection: user_plans | Query: 广州  游记 行程 | City: 广州
2026-07-13 10:15:28.921 | WARNING  | N/A | 关键词搜索失败: [WinError 10061] 由于目标计算机积极拒绝，无法连接。，仅使用向量搜索
2026-07-13 10:15:30.933 | ERROR    | N/A | _search 执行失败: [WinError 10061] 由于目标计算机积极拒绝，无法连接。
2026-07-13 10:15:36.875 | INFO     | N/A | 🔍 执行混合检索 | Collection: classic_routes | Query: 广州 1日游 经典行程 | City: 广州
2026-07-13 10:15:38.906 | WARNING  | N/A | 关键词搜索失败: [WinError 10061] 由于目标计算机积极拒绝，无法连接。，仅使用向量搜索
2026-07-13 10:15:40.935 | ERROR    | N/A | _search 执行失败: [WinError 10061] 由于目标计算机积极拒绝，无法连接。
