2026-08-06 11:24:54.676 | INFO     | N/A | 进入天气查询工具
2026-08-06 11:24:54.685 | INFO     | N/A | 🔍 执行混合检索 | Collection: classic_routes | Query: 北京 3日游 经典行程 | City: 北京
2026-08-06 11:24:55.527 | INFO     | N/A | 混合检索完成 → 召回 0 条
2026-08-06 11:24:55.564 | INFO     | N/A | 🔍 执行混合检索 | Collection: user_plans | Query: 北京  游记 行程 | City: 北京
2026-08-06 11:24:55.648 | INFO     | N/A | 混合检索完成 → 召回 0 条
2026-08-06 11:24:55.652 | INFO     | N/A | 🔍 执行混合检索 | Collection: attractions | Query: 北京  景点 历史文化 特色 | City: 北京
2026-08-06 11:24:55.803 | INFO     | N/A | 混合检索完成 → 召回 3 条
2026-08-06 11:25:01.867 | INFO     | N/A | 进入天气查询工具
2026-08-06 11:25:01.869 | INFO     | N/A | 进入天气查询工具
2026-08-06 11:25:02.071 | INFO     | N/A | 🔍 执行混合检索 | Collection: attractions | Query: 北京 什刹海 胡同 景山 景点 历史文化 特色 | City: 北京
2026-08-06 11:25:02.160 | INFO     | N/A | 混合检索完成 → 召回 3 条
2026-08-06 11:25:02.170 | INFO     | N/A | 🔍 执行混合检索 | Collection: user_plans | Query: 北京 中等预算 适中节奏 美食 游记 行程 | City: 北京
2026-08-06 11:25:02.217 | INFO     | N/A | 混合检索完成 → 召回 0 条
2026-08-06 11:25:02.225 | INFO     | N/A | 🔍 执行混合检索 | Collection: attractions | Query: 北京 天安门 天坛 景点 历史文化 特色 | City: 北京
2026-08-06 11:25:02.329 | INFO     | N/A | 混合检索完成 → 召回 3 条
2026-08-06 11:25:02.334 | INFO     | N/A | 🔍 执行混合检索 | Collection: classic_routes | Query: 北京三日游 经典路线 故宫 长城 天坛 | City: 北京
2026-08-06 11:25:02.369 | INFO     | N/A | 混合检索完成 → 召回 0 条
2026-08-06 11:25:08.926 | INFO     | N/A | 🔍 执行混合检索 | Collection: user_plans | Query: 北京三日游行程安排 | City: 北京
2026-08-06 11:25:08.955 | INFO     | N/A | 混合检索完成 → 召回 0 条
2026-08-06 11:25:09.049 | INFO     | N/A | 🔍 执行混合检索 | Collection: attractions | Query: 美食 烤鸭 胡同 博物馆 公园 门票 | City: 北京
2026-08-06 11:25:09.132 | INFO     | N/A | 混合检索完成 → 召回 3 条
2026-08-06 11:25:17.893 | INFO     | N/A | 🔍 执行混合检索 | Collection: attractions | Query: 北京 北海公园 南锣鼓巷 王府井 景点 历史文化 特色 | City: 北京
2026-08-06 11:25:18.000 | INFO     | N/A | 混合检索完成 → 召回 3 条
2026-08-06 11:25:18.034 | INFO     | N/A | 🔍 执行混合检索 | Collection: attractions | Query: 北京 天坛 国家博物馆 798 景点 历史文化 特色 | City: 北京
2026-08-06 11:25:18.122 | INFO     | N/A | 混合检索完成 → 召回 3 条
2026-08-06 11:25:18.127 | INFO     | N/A | 🔍 执行混合检索 | Collection: classic_routes | Query: 北京 3日游 经典行程 | City: 北京
2026-08-06 11:25:18.157 | INFO     | N/A | 混合检索完成 → 召回 0 条
2026-08-06 11:37:11.581 | INFO     | N/A | 进入天气查询工具
2026-08-06 11:37:11.627 | INFO     | N/A | 🔍 执行混合检索 | Collection: user_plans | Query: 北京 中等预算 适中节奏 3天 游记 行程 | City: 北京
2026-08-06 11:37:11.654 | INFO     | N/A | 混合检索完成 → 召回 0 条
2026-08-06 11:37:11.662 | INFO     | N/A | 🔍 执行混合检索 | Collection: classic_routes | Query: 北京 3日游 经典行程 | City: 北京
2026-08-06 11:37:11.691 | INFO     | N/A | 混合检索完成 → 召回 0 条
2026-08-06 11:37:11.700 | INFO     | N/A | 🔍 执行混合检索 | Collection: attractions | Query: 北京 颐和园 景点 历史文化 特色 | City: 北京
2026-08-06 11:37:11.774 | INFO     | N/A | 混合检索完成 → 召回 3 条
2026-08-06 11:37:11.778 | INFO     | N/A | 🔍 执行混合检索 | Collection: attractions | Query: 北京 长城 景点 历史文化 特色 | City: 北京
2026-08-06 11:37:11.849 | INFO     | N/A | 混合检索完成 → 召回 3 条
2026-08-06 11:37:11.853 | INFO     | N/A | 🔍 执行混合检索 | Collection: attractions | Query: 北京 故宫 景点 历史文化 特色 | City: 北京
2026-08-06 11:37:11.926 | INFO     | N/A | 混合检索完成 → 召回 3 条
2026-08-06 11:37:20.034 | INFO     | N/A | 进入天气查询工具
2026-08-06 11:37:20.036 | INFO     | N/A | 进入天气查询工具
2026-08-06 11:37:20.039 | INFO     | N/A | 进入天气查询工具
2026-08-06 11:37:20.222 | INFO     | N/A | 🔍 执行混合检索 | Collection: attractions | Query: 北京 天坛 景点 历史文化 特色 | City: 北京
2026-08-06 11:37:20.294 | INFO     | N/A | 混合检索完成 → 召回 3 条
2026-08-06 11:37:20.300 | INFO     | N/A | 🔍 执行混合检索 | Collection: user_plans | Query: 北京三天两晚旅行攻略 故宫 长城 | City: 北京
2026-08-06 11:37:20.331 | INFO     | N/A | 混合检索完成 → 召回 0 条
2026-08-06 11:37:20.335 | INFO     | N/A | 🔍 执行混合检索 | Collection: classic_routes | Query: 北京 3日游 经典行程 | City: 北京
2026-08-06 11:37:20.354 | INFO     | N/A | 混合检索完成 → 召回 0 条
2026-08-06 11:37:20.359 | INFO     | N/A | 🔍 执行混合检索 | Collection: attractions | Query: 北京 南锣鼓巷 景点 历史文化 特色 | City: 北京
2026-08-06 11:37:20.430 | INFO     | N/A | 混合检索完成 → 召回 3 条
2026-08-06 11:37:20.434 | INFO     | N/A | 🔍 执行混合检索 | Collection: classic_routes | Query: 北京3日游经典行程路线 | City: 北京
2026-08-06 11:37:20.464 | INFO     | N/A | 混合检索完成 → 召回 0 条
2026-08-06 11:37:27.387 | INFO     | N/A | 🔍 执行混合检索 | Collection: attractions | Query: 北京景点 门票 开放时间 | City: 北京
2026-08-06 11:37:27.463 | INFO     | N/A | 混合检索完成 → 召回 3 条
2026-08-06 11:37:27.478 | INFO     | N/A | 🔍 执行混合检索 | Collection: attractions | Query: 北京 美食 景点 历史文化 特色 | City: 北京
2026-08-06 11:37:27.560 | INFO     | N/A | 混合检索完成 → 召回 3 条
2026-08-06 11:37:40.902 | INFO     | N/A | 🔍 执行混合检索 | Collection: attractions | Query: 北京 国家博物馆 景点 历史文化 特色 | City: 北京
2026-08-06 11:37:40.977 | INFO     | N/A | 混合检索完成 → 召回 3 条
2026-08-06 11:37:40.982 | INFO     | N/A | 🔍 执行混合检索 | Collection: user_plans | Query: 北京 美食 烤鸭 游记 行程 | City: 北京
2026-08-06 11:37:41.005 | INFO     | N/A | 混合检索完成 → 召回 0 条
2026-08-06 11:37:41.008 | INFO     | N/A | 🔍 执行混合检索 | Collection: attractions | Query: 北京 恭王府 景点 历史文化 特色 | City: 北京
2026-08-06 11:37:41.083 | INFO     | N/A | 混合检索完成 → 召回 3 条
2026-08-06 11:51:02.610 | INFO     | N/A | 进入天气查询工具
2026-08-06 11:51:02.627 | INFO     | N/A | 🔍 执行混合检索 | Collection: classic_routes | Query: 北京 3日游 经典行程 | City: 北京
2026-08-06 11:51:02.664 | INFO     | N/A | 混合检索完成 → 召回 0 条
2026-08-06 11:51:02.674 | INFO     | N/A | 🔍 执行混合检索 | Collection: attractions | Query: 北京  景点 历史文化 特色 | City: 北京
2026-08-06 11:51:02.753 | INFO     | N/A | 混合检索完成 → 召回 3 条
2026-08-06 11:51:02.756 | INFO     | N/A | 🔍 执行混合检索 | Collection: user_plans | Query: 北京 中等预算 适中节奏 游记 行程 | City: 北京
2026-08-06 11:51:02.784 | INFO     | N/A | 混合检索完成 → 召回 0 条
2026-08-06 11:51:10.310 | INFO     | N/A | 🔍 执行混合检索 | Collection: attractions | Query: 北京 天安门 景点 历史文化 特色 | City: 北京
2026-08-06 11:51:10.389 | INFO     | N/A | 混合检索完成 → 召回 3 条
2026-08-06 11:51:10.393 | INFO     | N/A | 🔍 执行混合检索 | Collection: attractions | Query: 北京 恭王府 景点 历史文化 特色 | City: 北京
2026-08-06 11:51:10.466 | INFO     | N/A | 混合检索完成 → 召回 3 条
2026-08-06 11:51:10.479 | INFO     | N/A | 🔍 执行混合检索 | Collection: attractions | Query: 北京特色美食 烤鸭 老北京小吃 餐厅推荐 | City: 北京
2026-08-06 11:51:10.557 | INFO     | N/A | 混合检索完成 → 召回 3 条
2026-08-06 11:51:10.561 | INFO     | N/A | 🔍 执行混合检索 | Collection: user_plans | Query: 北京 3日游 故宫 长城 游记 行程 | City: 北京
2026-08-06 11:51:10.591 | INFO     | N/A | 混合检索完成 → 召回 0 条
2026-08-06 11:51:10.595 | INFO     | N/A | 🔍 执行混合检索 | Collection: attractions | Query: 北京 南锣鼓巷 景点 历史文化 特色 | City: 北京
2026-08-06 11:51:10.663 | INFO     | N/A | 混合检索完成 → 召回 3 条
2026-08-06 11:51:10.667 | INFO     | N/A | 🔍 执行混合检索 | Collection: attractions | Query: 北京 天坛 景点 历史文化 特色 | City: 北京
2026-08-06 11:51:10.740 | INFO     | N/A | 混合检索完成 → 召回 3 条
2026-08-06 11:51:16.593 | INFO     | N/A | 进入天气查询工具
2026-08-06 11:51:16.630 | INFO     | N/A | 🔍 执行混合检索 | Collection: attractions | Query: 天坛 北海公园 什刹海 胡同 皇家祭坛 | City: 北京
2026-08-06 11:51:16.723 | INFO     | N/A | 混合检索完成 → 召回 3 条
2026-08-06 11:51:16.731 | INFO     | N/A | 🔍 执行混合检索 | Collection: classic_routes | Query: 北京 3日游 经典行程 | City: 北京
2026-08-06 11:51:16.763 | INFO     | N/A | 混合检索完成 → 召回 0 条
2026-08-06 11:51:21.072 | INFO     | N/A | 🔍 执行混合检索 | Collection: attractions | Query: 北京 鸟巢 水立方 景点 历史文化 特色 | City: 北京
2026-08-06 11:51:21.150 | INFO     | N/A | 混合检索完成 → 召回 3 条
2026-08-06 11:51:21.156 | INFO     | N/A | 🔍 执行混合检索 | Collection: user_plans | Query: 北京3日游 行程安排 美食 交通 | City: 北京
2026-08-06 11:51:21.183 | INFO     | N/A | 混合检索完成 → 召回 0 条
2026-08-06 11:51:21.186 | INFO     | N/A | 🔍 执行混合检索 | Collection: user_plans | Query: 北京 故宫 天安门 颐和园 长城 游记 行程 | City: 北京
2026-08-06 11:51:21.216 | INFO     | N/A | 混合检索完成 → 召回 0 条
2026-08-06 15:18:28.295 | INFO     | N/A | 进入天气查询工具
2026-08-06 15:18:28.311 | INFO     | N/A | 🔍 执行混合检索 | Collection: attractions | Query: 北京  景点 历史文化 特色 | City: 北京
2026-08-06 15:18:28.406 | INFO     | N/A | 混合检索完成 → 召回 3 条
2026-08-06 15:18:28.418 | INFO     | N/A | 🔍 执行混合检索 | Collection: classic_routes | Query: 北京 3日游 经典行程 | City: 北京
2026-08-06 15:18:28.446 | INFO     | N/A | 混合检索完成 → 召回 0 条
2026-08-06 15:18:28.449 | INFO     | N/A | 🔍 执行混合检索 | Collection: attractions | Query: 北京必去景点 故宫 长城 天安门 门票 开放时间 | City: 北京
2026-08-06 15:18:28.542 | INFO     | N/A | 混合检索完成 → 召回 3 条
2026-08-06 15:18:28.545 | INFO     | N/A | 🔍 执行混合检索 | Collection: user_plans | Query: 北京 中等预算 适中节奏 游记 行程 | City: 北京
2026-08-06 15:18:28.566 | INFO     | N/A | 混合检索完成 → 召回 0 条
2026-08-06 15:18:35.533 | INFO     | N/A | 🔍 执行混合检索 | Collection: attractions | Query: 北京 天安门 景点 历史文化 特色 | City: 北京
2026-08-06 15:18:35.608 | INFO     | N/A | 混合检索完成 → 召回 3 条
2026-08-06 15:18:35.611 | INFO     | N/A | 🔍 执行混合检索 | Collection: attractions | Query: 北京 天坛 景点 历史文化 特色 | City: 北京
2026-08-06 15:18:35.683 | INFO     | N/A | 混合检索完成 → 召回 3 条
2026-08-06 15:18:35.688 | INFO     | N/A | 🔍 执行混合检索 | Collection: classic_routes | Query: 北京三日游经典行程 故宫 长城 颐和园 | City: 北京
2026-08-06 15:18:35.711 | INFO     | N/A | 混合检索完成 → 召回 0 条
2026-08-06 15:18:35.717 | INFO     | N/A | 🔍 执行混合检索 | Collection: attractions | Query: 北京 胡同 什刹海 南锣鼓巷 景点 历史文化 特色 | City: 北京
2026-08-06 15:18:35.784 | INFO     | N/A | 混合检索完成 → 召回 3 条
2026-08-06 15:18:35.787 | INFO     | N/A | 🔍 执行混合检索 | Collection: user_plans | Query: 北京 三天 中等预算 行程安排 | City: 北京
2026-08-06 15:18:35.806 | INFO     | N/A | 混合检索完成 → 召回 0 条
2026-08-06 15:18:41.913 | INFO     | N/A | 🔍 执行混合检索 | Collection: attractions | Query: 北京 鸟巢 水立方 奥林匹克 景点 历史文化 特色 | City: 北京
2026-08-06 15:18:41.979 | INFO     | N/A | 混合检索完成 → 召回 3 条
2026-08-06 15:18:41.985 | INFO     | N/A | 🔍 执行混合检索 | Collection: classic_routes | Query: 北京 3日游 经典行程 | City: 北京
2026-08-06 15:18:42.006 | INFO     | N/A | 混合检索完成 → 召回 0 条
2026-08-06 15:18:42.008 | INFO     | N/A | 🔍 执行混合检索 | Collection: attractions | Query: 北京 雍和宫 天坛 北海 景点 历史文化 特色 | City: 北京
2026-08-06 15:18:42.093 | INFO     | N/A | 混合检索完成 → 召回 3 条
2026-08-06 15:18:49.428 | INFO     | N/A | 进入天气查询工具
2026-08-06 15:18:49.430 | INFO     | N/A | 进入天气查询工具
2026-08-06 15:18:49.593 | INFO     | N/A | 🔍 执行混合检索 | Collection: user_plans | Query: 北京 故宫 长城 游记 行程 | City: 北京
2026-08-06 15:18:49.619 | INFO     | N/A | 混合检索完成 → 召回 0 条
2026-08-06 15:18:55.414 | INFO     | N/A | 🔍 执行混合检索 | Collection: user_plans | Query: 北京 三日游 攻略 | City: 北京
2026-08-06 15:18:55.439 | INFO     | N/A | 混合检索完成 → 召回 0 条
2026-08-06 15:18:55.444 | INFO     | N/A | 🔍 执行混合检索 | Collection: classic_routes | Query: 北京 3天 行程 | City: 北京
2026-08-06 15:18:55.488 | INFO     | N/A | 混合检索完成 → 召回 0 条
2026-08-06 15:18:55.492 | INFO     | N/A | 🔍 执行混合检索 | Collection: attractions | Query: 美食 餐厅 烤鸭 小吃 美食街 | City: 北京
2026-08-06 15:18:55.573 | INFO     | N/A | 混合检索完成 → 召回 3 条
2026-08-06 15:19:00.555 | INFO     | N/A | 🔍 执行混合检索 | Collection: classic_routes | Query: 经典行程 三日游 路线推荐 | City: None
2026-08-06 15:19:00.592 | INFO     | N/A | 混合检索完成 → 召回 9 条
2026-08-06 15:19:00.593 | INFO     | N/A | 开始重排序 Top-9 → Top-9
2026-08-06 15:19:01.125 | INFO     | N/A | ✅ 重排序完成，最终返回 9 条结果
2026-08-06 15:19:01.128 | INFO     | N/A | 🔍 执行混合检索 | Collection: user_plans | Query: 旅行计划 行程安排 攻略 | City: None
2026-08-06 15:19:01.160 | INFO     | N/A | 混合检索完成 → 召回 6 条
2026-08-06 15:19:01.160 | INFO     | N/A | 开始重排序 Top-6 → Top-6
2026-08-06 15:19:01.275 | INFO     | N/A | ✅ 重排序完成，最终返回 6 条结果
2026-08-06 15:19:01.282 | INFO     | N/A | 🔍 执行混合检索 | Collection: attractions | Query: 北京 天坛 景点 历史文化 特色 | City: 北京
2026-08-06 15:19:01.355 | INFO     | N/A | 混合检索完成 → 召回 3 条
2026-08-06 15:19:08.629 | INFO     | N/A | 🔍 执行混合检索 | Collection: classic_routes | Query: 北京经典3日游 故宫中轴线 长城鸟巢 颐和园天坛 | City: None
2026-08-06 15:19:08.673 | INFO     | N/A | 混合检索完成 → 召回 9 条
2026-08-06 15:19:08.673 | INFO     | N/A | 开始重排序 Top-9 → Top-5
2026-08-06 15:19:08.782 | INFO     | N/A | ✅ 重排序完成，最终返回 5 条结果
2026-08-06 15:19:08.786 | INFO     | N/A | 🔍 执行混合检索 | Collection: attractions | Query: 北京 王府井 小吃 美食 景点 历史文化 特色 | City: 北京
2026-08-06 15:19:08.860 | INFO     | N/A | 混合检索完成 → 召回 3 条
2026-08-06 15:19:08.864 | INFO     | N/A | 🔍 执行混合检索 | Collection: attractions | Query: 北京 天安门广场 升旗 前门 景点 历史文化 特色 | City: 北京
2026-08-06 15:19:08.951 | INFO     | N/A | 混合检索完成 → 召回 3 条
2026-08-06 15:19:08.957 | INFO     | N/A | 🔍 执行混合检索 | Collection: user_plans | Query: 北京 科技馆 故宫 长城 动物园 | City: None
2026-08-06 15:19:08.993 | INFO     | N/A | 混合检索完成 → 召回 6 条
2026-08-06 15:19:08.993 | INFO     | N/A | 开始重排序 Top-6 → Top-6
2026-08-06 15:19:09.110 | INFO     | N/A | ✅ 重排序完成，最终返回 6 条结果
2026-08-06 15:19:17.712 | INFO     | N/A | 🔍 执行混合检索 | Collection: attractions | Query: 北京 北京 景点 历史文化 特色 | City: 北京
2026-08-06 15:19:17.778 | INFO     | N/A | 混合检索完成 → 召回 3 条
2026-08-06 15:19:17.782 | INFO     | N/A | 🔍 执行混合检索 | Collection: attractions | Query: 天坛 天安门广场 什刹海 胡同 鸟巢 水立方 烤鸭 | City: None
2026-08-06 15:19:17.823 | INFO     | N/A | 混合检索完成 → 召回 24 条
2026-08-06 15:19:17.823 | INFO     | N/A | 开始重排序 Top-12 → Top-10
2026-08-06 15:19:17.904 | INFO     | N/A | ✅ 重排序完成，最终返回 10 条结果
2026-08-06 15:19:24.202 | INFO     | N/A | 进入天气查询工具
2026-08-06 15:19:24.225 | INFO     | N/A | 🔍 执行混合检索 | Collection: classic_routes | Query: 北京 4日游 经典行程 | City: 北京
2026-08-06 15:19:24.259 | INFO     | N/A | 混合检索完成 → 召回 0 条
2026-08-06 15:19:24.263 | INFO     | N/A | 🔍 执行混合检索 | Collection: user_plans | Query: 北京4日亲子家庭游 科技馆 故宫 长城 动物园 | City: 北京
2026-08-06 15:19:24.305 | INFO     | N/A | 混合检索完成 → 召回 0 条
2026-08-06 15:33:54.164 | INFO     | N/A | 进入天气查询工具
2026-08-06 15:33:54.192 | INFO     | N/A | 🔍 执行混合检索 | Collection: classic_routes | Query: 北京 3日游 经典行程 | City: 北京
2026-08-06 15:33:54.224 | INFO     | N/A | 混合检索完成 → 召回 0 条
2026-08-06 15:33:54.235 | INFO     | N/A | 🔍 执行混合检索 | Collection: user_plans | Query: 北京 中等预算 适中节奏 游记 行程 | City: 北京
2026-08-06 15:33:54.270 | INFO     | N/A | 混合检索完成 → 召回 0 条
2026-08-06 15:33:54.273 | INFO     | N/A | 🔍 执行混合检索 | Collection: attractions | Query: 北京  景点 历史文化 特色 | City: 北京
2026-08-06 15:33:54.339 | INFO     | N/A | 混合检索完成 → 召回 3 条
2026-08-06 15:34:03.757 | INFO     | N/A | 🔍 执行混合检索 | Collection: attractions | Query: 北京 天安门 景点 历史文化 特色 | City: 北京
2026-08-06 15:34:03.837 | INFO     | N/A | 混合检索完成 → 召回 3 条
2026-08-06 15:34:03.846 | INFO     | N/A | 🔍 执行混合检索 | Collection: attractions | Query: 北京 天坛 景点 历史文化 特色 | City: 北京
2026-08-06 15:34:03.914 | INFO     | N/A | 混合检索完成 → 召回 3 条
2026-08-06 15:34:03.919 | INFO     | N/A | 🔍 执行混合检索 | Collection: user_plans | Query: 北京旅游攻略 美食 餐厅 行程 | City: 北京
2026-08-06 15:34:03.944 | INFO     | N/A | 混合检索完成 → 召回 0 条
2026-08-06 15:34:03.947 | INFO     | N/A | 🔍 执行混合检索 | Collection: attractions | Query: 北京 恭王府 景点 历史文化 特色 | City: 北京
2026-08-06 15:34:04.023 | INFO     | N/A | 混合检索完成 → 召回 3 条
2026-08-06 15:34:04.027 | INFO     | N/A | 🔍 执行混合检索 | Collection: attractions | Query: 北京 什刹海 景点 历史文化 特色 | City: 北京
2026-08-06 15:34:04.097 | INFO     | N/A | 混合检索完成 → 召回 3 条
2026-08-06 15:34:04.102 | INFO     | N/A | 🔍 执行混合检索 | Collection: classic_routes | Query: 北京3日游经典行程 故宫 长城 颐和园 | City: 北京
2026-08-06 15:34:04.132 | INFO     | N/A | 混合检索完成 → 召回 0 条
2026-08-06 15:34:11.121 | INFO     | N/A | 🔍 执行混合检索 | Collection: attractions | Query: 北京 胡同 美食 景点 历史文化 特色 | City: 北京
2026-08-06 15:34:11.192 | INFO     | N/A | 混合检索完成 → 召回 3 条
2026-08-06 15:34:18.047 | INFO     | N/A | 进入天气查询工具
2026-08-06 15:34:18.165 | INFO     | N/A | 🔍 执行混合检索 | Collection: classic_routes | Query: 北京 3日游 经典行程 | City: 北京
2026-08-06 15:34:18.194 | INFO     | N/A | 混合检索完成 → 召回 0 条
2026-08-06 15:34:24.642 | INFO     | N/A | 🔍 执行混合检索 | Collection: classic_routes | Query: 北京三日游 经典路线 故宫长城颐和园 | City: 北京
2026-08-06 15:34:24.673 | INFO     | N/A | 混合检索完成 → 召回 0 条
2026-08-06 15:34:24.681 | INFO     | N/A | 🔍 执行混合检索 | Collection: user_plans | Query: 北京 三天 行程 美食 预算 | City: 北京
2026-08-06 15:34:24.708 | INFO     | N/A | 混合检索完成 → 召回 0 条
2026-08-06 15:34:24.712 | INFO     | N/A | 🔍 执行混合检索 | Collection: attractions | Query: 北京景点 天坛 天安门 北海 景山 胡同 博物馆 美食 | City: 北京
2026-08-06 15:34:24.784 | INFO     | N/A | 混合检索完成 → 召回 3 条
2026-08-06 15:34:37.821 | INFO     | N/A | 进入天气查询工具
2026-08-06 15:34:37.825 | INFO     | N/A | 🔍 执行混合检索 | Collection: attractions | Query: 天安门广场 升旗 国家博物馆 前门 王府井 | City: 北京
2026-08-06 15:34:37.900 | INFO     | N/A | 混合检索完成 → 召回 3 条
2026-08-06 15:34:37.906 | INFO     | N/A | 🔍 执行混合检索 | Collection: attractions | Query: 烤鸭 涮羊肉 美食 小吃 餐厅 美食街 | City: 北京
2026-08-06 15:34:37.976 | INFO     | N/A | 混合检索完成 → 召回 3 条
2026-08-06 15:37:26.198 | INFO     | N/A | 🔍 执行混合检索 | Collection: classic_routes | Query: 北京 3日游 经典行程 | City: 北京
2026-08-06 15:37:26.223 | INFO     | N/A | 混合检索完成 → 召回 0 条
2026-08-06 15:37:26.230 | INFO     | N/A | 🔍 执行混合检索 | Collection: attractions | Query: 北京 长城 景点 历史文化 特色 | City: 北京
2026-08-06 15:37:26.332 | INFO     | N/A | 混合检索完成 → 召回 3 条
2026-08-06 15:37:26.335 | INFO     | N/A | 🔍 执行混合检索 | Collection: attractions | Query: 北京 故宫 景点 历史文化 特色 | City: 北京
2026-08-06 15:37:26.370 | INFO     | N/A | 进入天气查询工具
2026-08-06 15:37:26.409 | INFO     | N/A | 混合检索完成 → 召回 3 条
2026-08-06 15:37:26.413 | INFO     | N/A | 🔍 执行混合检索 | Collection: user_plans | Query: 北京 中等预算 适中节奏 游记 行程 | City: 北京
2026-08-06 15:37:26.442 | INFO     | N/A | 混合检索完成 → 召回 0 条
2026-08-06 15:37:33.441 | INFO     | N/A | 🔍 执行混合检索 | Collection: attractions | Query: 北京 天坛 景点 历史文化 特色 | City: 北京
2026-08-06 15:37:33.517 | INFO     | N/A | 混合检索完成 → 召回 3 条
2026-08-06 15:37:33.523 | INFO     | N/A | 🔍 执行混合检索 | Collection: user_plans | Query: 北京 故宫长城颐和园 游记 行程 | City: 北京
2026-08-06 15:37:33.569 | INFO     | N/A | 混合检索完成 → 召回 0 条
2026-08-06 15:37:33.574 | INFO     | N/A | 🔍 执行混合检索 | Collection: attractions | Query: 北京 什刹海 景点 历史文化 特色 | City: 北京
2026-08-06 15:37:33.640 | INFO     | N/A | 混合检索完成 → 召回 3 条
2026-08-06 15:37:33.646 | INFO     | N/A | 🔍 执行混合检索 | Collection: attractions | Query: 北京美食烤鸭小吃推荐 | City: 北京
2026-08-06 15:37:33.713 | INFO     | N/A | 混合检索完成 → 召回 3 条
2026-08-06 15:37:33.717 | INFO     | N/A | 🔍 执行混合检索 | Collection: attractions | Query: 北京 胡同 景点 历史文化 特色 | City: 北京
2026-08-06 15:37:33.791 | INFO     | N/A | 混合检索完成 → 召回 3 条
2026-08-06 15:37:33.794 | INFO     | N/A | 🔍 执行混合检索 | Collection: classic_routes | Query: 北京三日游经典行程路线 | City: 北京
2026-08-06 15:37:33.813 | INFO     | N/A | 混合检索完成 → 召回 0 条
2026-08-06 15:37:41.637 | INFO     | N/A | 进入天气查询工具
2026-08-06 15:37:41.638 | INFO     | N/A | 进入天气查询工具
2026-08-06 15:37:41.677 | INFO     | N/A | 🔍 执行混合检索 | Collection: attractions | Query: 天安门广场升旗国家博物馆鸟巢水立方 | City: 北京
2026-08-06 15:37:41.756 | INFO     | N/A | 混合检索完成 → 召回 3 条
2026-08-06 15:37:46.862 | INFO     | N/A | 🔍 执行混合检索 | Collection: user_plans | Query: 北京三天行程安排预算 | City: 北京
2026-08-06 15:37:46.905 | INFO     | N/A | 混合检索完成 → 召回 0 条
2026-08-06 15:37:46.909 | INFO     | N/A | 🔍 执行混合检索 | Collection: classic_routes | Query: 北京三日游故宫长城颐和园天安门 | City: 北京
2026-08-06 15:37:46.948 | INFO     | N/A | 混合检索完成 → 召回 0 条
2026-08-06 15:37:55.211 | INFO     | N/A | 进入天气查询工具
2026-08-06 15:44:44.666 | INFO     | N/A | 🔍 执行混合检索 | Collection: classic_routes | Query: 北京 3日游 经典行程 | City: 北京
2026-08-06 15:44:44.671 | INFO     | N/A | 进入天气查询工具
2026-08-06 15:44:44.694 | INFO     | N/A | 混合检索完成 → 召回 0 条
2026-08-06 15:44:44.707 | INFO     | N/A | 🔍 执行混合检索 | Collection: attractions | Query: 北京  景点 历史文化 特色 | City: 北京
2026-08-06 15:44:44.779 | INFO     | N/A | 混合检索完成 → 召回 3 条
2026-08-06 15:44:44.785 | INFO     | N/A | 🔍 执行混合检索 | Collection: user_plans | Query: 北京 中等预算 适中节奏 游记 行程 | City: 北京
2026-08-06 15:44:44.820 | INFO     | N/A | 混合检索完成 → 召回 0 条
2026-08-06 15:44:51.856 | INFO     | N/A | 进入天气查询工具
2026-08-06 15:44:51.869 | INFO     | N/A | 🔍 执行混合检索 | Collection: classic_routes | Query: 北京三日游经典行程路线 故宫 长城 颐和园 | City: 北京
2026-08-06 15:44:51.894 | INFO     | N/A | 混合检索完成 → 召回 0 条
2026-08-06 15:44:51.902 | INFO     | N/A | 🔍 执行混合检索 | Collection: attractions | Query: 北京 胡同 南锣鼓巷 景点 历史文化 特色 | City: 北京
2026-08-06 15:44:51.983 | INFO     | N/A | 混合检索完成 → 召回 3 条
2026-08-06 15:44:51.987 | INFO     | N/A | 🔍 执行混合检索 | Collection: attractions | Query: 北京 天坛 景点 历史文化 特色 | City: 北京
2026-08-06 15:44:52.059 | INFO     | N/A | 混合检索完成 → 召回 3 条
2026-08-06 15:44:52.065 | INFO     | N/A | 🔍 执行混合检索 | Collection: attractions | Query: 北京 天安门 景点 历史文化 特色 | City: 北京
2026-08-06 15:44:52.135 | INFO     | N/A | 混合检索完成 → 召回 3 条
2026-08-06 15:44:52.140 | INFO     | N/A | 🔍 执行混合检索 | Collection: user_plans | Query: 北京三天行程 中等预算 美食 住宿 | City: 北京
2026-08-06 15:44:52.169 | INFO     | N/A | 混合检索完成 → 召回 0 条
2026-08-06 15:44:58.921 | INFO     | N/A | 进入天气查询工具
2026-08-06 15:44:58.945 | INFO     | N/A | 🔍 执行混合检索 | Collection: attractions | Query: 北京 鸟巢 水立方 奥林匹克 景点 历史文化 特色 | City: 北京
2026-08-06 15:44:59.023 | INFO     | N/A | 混合检索完成 → 召回 3 条
2026-08-06 15:44:59.029 | INFO     | N/A | 🔍 执行混合检索 | Collection: attractions | Query: 北京 王府井 前门 大栅栏 美食 景点 历史文化 特色 | City: 北京
2026-08-06 15:44:59.114 | INFO     | N/A | 混合检索完成 → 召回 3 条
2026-08-06 15:44:59.118 | INFO     | N/A | 🔍 执行混合检索 | Collection: attractions | Query: 北京 什刹海 恭王府 北海 景点 历史文化 特色 | City: 北京
2026-08-06 15:44:59.190 | INFO     | N/A | 混合检索完成 → 召回 3 条
2026-08-06 15:45:08.334 | INFO     | N/A | 🔍 执行混合检索 | Collection: attractions | Query: 北京烤鸭 美食 小吃 餐厅 | City: 北京
2026-08-06 15:45:08.398 | INFO     | N/A | 混合检索完成 → 召回 3 条
2026-08-06 15:58:17.833 | INFO     | N/A | 进入天气查询工具
2026-08-06 15:58:17.861 | INFO     | N/A | 🔍 执行混合检索 | Collection: user_plans | Query: 北京 中等预算 适中节奏 3天 游记 行程 | City: 北京
2026-08-06 15:58:17.885 | INFO     | N/A | 混合检索完成 → 召回 0 条
2026-08-06 15:58:17.911 | INFO     | N/A | 🔍 执行混合检索 | Collection: classic_routes | Query: 北京 3日游 经典行程 | City: 北京
2026-08-06 15:58:17.929 | INFO     | N/A | 混合检索完成 → 召回 0 条
2026-08-06 15:58:17.931 | INFO     | N/A | 🔍 执行混合检索 | Collection: attractions | Query: 北京 长城 景点 历史文化 特色 | City: 北京
2026-08-06 15:58:18.002 | INFO     | N/A | 混合检索完成 → 召回 3 条
2026-08-06 15:58:18.004 | INFO     | N/A | 🔍 执行混合检索 | Collection: attractions | Query: 北京 故宫 景点 历史文化 特色 | City: 北京
2026-08-06 15:58:18.078 | INFO     | N/A | 混合检索完成 → 召回 3 条
2026-08-06 15:58:24.038 | INFO     | N/A | 进入天气查询工具
2026-08-06 15:58:24.038 | INFO     | N/A | 进入天气查询工具
2026-08-06 15:58:24.050 | INFO     | N/A | 🔍 执行混合检索 | Collection: attractions | Query: 北京 天坛 景点 历史文化 特色 | City: 北京
2026-08-06 15:58:24.126 | INFO     | N/A | 混合检索完成 → 召回 3 条
2026-08-06 15:58:24.135 | INFO     | N/A | 🔍 执行混合检索 | Collection: attractions | Query: 北京 恭王府 景点 历史文化 特色 | City: 北京
2026-08-06 15:58:24.210 | INFO     | N/A | 混合检索完成 → 召回 3 条
2026-08-06 15:58:24.213 | INFO     | N/A | 🔍 执行混合检索 | Collection: attractions | Query: 北京 国家博物馆 景点 历史文化 特色 | City: 北京
2026-08-06 15:58:24.277 | INFO     | N/A | 混合检索完成 → 召回 3 条
2026-08-06 15:58:24.279 | INFO     | N/A | 🔍 执行混合检索 | Collection: user_plans | Query: 北京 故宫 长城 美食 游记 行程 | City: 北京
2026-08-06 15:58:24.299 | INFO     | N/A | 混合检索完成 → 召回 0 条
2026-08-06 15:58:24.302 | INFO     | N/A | 🔍 执行混合检索 | Collection: attractions | Query: 北京特色美食 烤鸭 涮羊肉 老字号 餐厅推荐 | City: 北京
2026-08-06 15:58:24.377 | INFO     | N/A | 混合检索完成 → 召回 3 条
2026-08-06 15:58:30.406 | INFO     | N/A | 🔍 执行混合检索 | Collection: user_plans | Query: 北京 3天 中等预算 游玩攻略 | City: 北京
2026-08-06 15:58:30.429 | INFO     | N/A | 混合检索完成 → 召回 0 条
2026-08-06 15:58:30.443 | INFO     | N/A | 🔍 执行混合检索 | Collection: classic_routes | Query: 北京三日游 行程安排 故宫 长城 颐和园 | City: 北京
2026-08-06 15:58:30.468 | INFO     | N/A | 混合检索完成 → 召回 0 条
2026-08-06 15:58:34.100 | INFO     | N/A | 🔍 执行混合检索 | Collection: attractions | Query: 北京 胡同 景点 历史文化 特色 | City: 北京
2026-08-06 15:58:34.162 | INFO     | N/A | 混合检索完成 → 召回 3 条
2026-08-06 15:58:34.165 | INFO     | N/A | 🔍 执行混合检索 | Collection: user_plans | Query: 北京 烤鸭 游记 行程 | City: 北京
2026-08-06 15:58:34.188 | INFO     | N/A | 混合检索完成 → 召回 0 条
2026-08-06 15:58:34.192 | INFO     | N/A | 🔍 执行混合检索 | Collection: attractions | Query: 北京 美食 景点 历史文化 特色 | City: 北京
2026-08-06 15:58:34.261 | INFO     | N/A | 混合检索完成 → 召回 3 条
2026-08-06 15:58:42.068 | INFO     | N/A | 进入天气查询工具
2026-08-06 15:58:46.123 | INFO     | N/A | 🔍 执行混合检索 | Collection: classic_routes | Query: 北京三日游 经典路线 行程 | City: 北京
2026-08-06 15:58:46.146 | INFO     | N/A | 混合检索完成 → 召回 0 条
2026-08-06 15:58:46.149 | INFO     | N/A | 🔍 执行混合检索 | Collection: attractions | Query: 烤鸭 涮羊肉 老字号 北京小吃 卤煮 炸酱面 胡同 南锣鼓巷 后海 鸟巢 | City: 北京
2026-08-06 15:58:46.235 | INFO     | N/A | 混合检索完成 → 召回 3 条
2026-08-06 16:07:23.977 | INFO     | N/A | 进入天气查询工具
2026-08-06 16:07:23.988 | INFO     | N/A | 🔍 执行混合检索 | Collection: attractions | Query: 北京  景点 历史文化 特色 | City: 北京
2026-08-06 16:07:24.057 | INFO     | N/A | 混合检索完成 → 召回 3 条
2026-08-06 16:07:24.067 | INFO     | N/A | 🔍 执行混合检索 | Collection: classic_routes | Query: 北京 3日游 经典行程 | City: 北京
2026-08-06 16:07:24.097 | INFO     | N/A | 混合检索完成 → 召回 0 条
2026-08-06 16:07:24.099 | INFO     | N/A | 🔍 执行混合检索 | Collection: user_plans | Query: 北京 中等预算 适中节奏 3天 游记 行程 | City: 北京
2026-08-06 16:07:24.123 | INFO     | N/A | 混合检索完成 → 召回 0 条
2026-08-06 16:07:31.986 | INFO     | N/A | 进入天气查询工具
2026-08-06 16:07:31.987 | INFO     | N/A | 进入天气查询工具
2026-08-06 16:07:32.015 | INFO     | N/A | 🔍 执行混合检索 | Collection: attractions | Query: 北京必去景点 天安门 故宫 长城 颐和园 天坛 | City: 北京
2026-08-06 16:07:32.084 | INFO     | N/A | 混合检索完成 → 召回 3 条
2026-08-06 16:07:32.095 | INFO     | N/A | 🔍 执行混合检索 | Collection: attractions | Query: 北京 天坛 景点 历史文化 特色 | City: 北京
2026-08-06 16:07:32.175 | INFO     | N/A | 混合检索完成 → 召回 3 条
2026-08-06 16:07:32.181 | INFO     | N/A | 🔍 执行混合检索 | Collection: classic_routes | Query: 北京3日游经典行程路线安排 | City: 北京
2026-08-06 16:07:32.202 | INFO     | N/A | 混合检索完成 → 召回 0 条
2026-08-06 16:07:32.205 | INFO     | N/A | 🔍 执行混合检索 | Collection: attractions | Query: 北京 天安门 景点 历史文化 特色 | City: 北京
2026-08-06 16:07:32.267 | INFO     | N/A | 混合检索完成 → 召回 3 条
2026-08-06 16:07:41.075 | INFO     | N/A | 🔍 执行混合检索 | Collection: attractions | Query: 北京 奥林匹克 景点 历史文化 特色 | City: 北京
2026-08-06 16:07:41.149 | INFO     | N/A | 混合检索完成 → 召回 3 条
2026-08-06 16:07:41.157 | INFO     | N/A | 🔍 执行混合检索 | Collection: attractions | Query: 北京烤鸭 美食 老字号 特色小吃 餐厅 | City: 北京
2026-08-06 16:07:41.233 | INFO     | N/A | 混合检索完成 → 召回 3 条
2026-08-06 16:07:41.239 | INFO     | N/A | 🔍 执行混合检索 | Collection: attractions | Query: 北京 美食 景点 历史文化 特色 | City: 北京
2026-08-06 16:07:41.315 | INFO     | N/A | 混合检索完成 → 召回 3 条
2026-08-06 16:07:41.319 | INFO     | N/A | 🔍 执行混合检索 | Collection: attractions | Query: 北京 胡同 景点 历史文化 特色 | City: 北京
2026-08-06 16:07:41.399 | INFO     | N/A | 混合检索完成 → 召回 3 条
2026-08-06 16:27:53.562 | INFO     | N/A | 进入天气查询工具
2026-08-06 16:27:53.605 | INFO     | N/A | 🔍 执行混合检索 | Collection: classic_routes | Query: 北京 3日游 经典行程 | City: 北京
2026-08-06 16:27:53.666 | INFO     | N/A | 混合检索完成 → 召回 0 条
2026-08-06 16:27:53.688 | INFO     | N/A | 🔍 执行混合检索 | Collection: user_plans | Query: 北京 中等预算 适中节奏 3天 游记 行程 | City: 北京
2026-08-06 16:27:53.729 | INFO     | N/A | 混合检索完成 → 召回 0 条
2026-08-06 16:27:53.734 | INFO     | N/A | 🔍 执行混合检索 | Collection: attractions | Query: 北京 故宫 景点 历史文化 特色 | City: 北京
2026-08-06 16:27:53.837 | INFO     | N/A | 混合检索完成 → 召回 3 条
2026-08-06 16:27:53.841 | INFO     | N/A | 🔍 执行混合检索 | Collection: attractions | Query: 北京 长城 景点 历史文化 特色 | City: 北京
2026-08-06 16:27:53.919 | INFO     | N/A | 混合检索完成 → 召回 3 条
2026-08-06 16:27:53.923 | INFO     | N/A | 🔍 执行混合检索 | Collection: attractions | Query: 北京 颐和园 景点 历史文化 特色 | City: 北京
2026-08-06 16:27:54.005 | INFO     | N/A | 混合检索完成 → 召回 3 条
2026-08-06 16:28:01.715 | INFO     | N/A | 🔍 执行混合检索 | Collection: attractions | Query: 北京 美食 景点 历史文化 特色 | City: 北京
2026-08-06 16:28:01.788 | INFO     | N/A | 混合检索完成 → 召回 3 条
2026-08-06 16:28:01.797 | INFO     | N/A | 🔍 执行混合检索 | Collection: attractions | Query: 北京 南锣鼓巷 景点 历史文化 特色 | City: 北京
2026-08-06 16:28:01.878 | INFO     | N/A | 混合检索完成 → 召回 3 条
2026-08-06 16:28:01.883 | INFO     | N/A | 🔍 执行混合检索 | Collection: classic_routes | Query: 北京 3日游 经典行程 | City: 北京
2026-08-06 16:28:01.910 | INFO     | N/A | 混合检索完成 → 召回 0 条
2026-08-06 16:28:01.914 | INFO     | N/A | 🔍 执行混合检索 | Collection: attractions | Query: 北京烤鸭 老字号 餐厅 美食 | City: 北京
2026-08-06 16:28:01.986 | INFO     | N/A | 混合检索完成 → 召回 3 条
2026-08-06 16:28:01.994 | INFO     | N/A | 🔍 执行混合检索 | Collection: attractions | Query: 北京 天坛 景点 历史文化 特色 | City: 北京
2026-08-06 16:28:02.061 | INFO     | N/A | 混合检索完成 → 召回 3 条
2026-08-06 16:28:02.065 | INFO     | N/A | 🔍 执行混合检索 | Collection: attractions | Query: 北京 什刹海 景点 历史文化 特色 | City: 北京
2026-08-06 16:28:02.135 | INFO     | N/A | 混合检索完成 → 召回 3 条
2026-08-06 16:28:11.029 | INFO     | N/A | 进入天气查询工具
2026-08-06 16:28:19.195 | INFO     | N/A | 🔍 执行混合检索 | Collection: classic_routes | Query: 北京3天行程 经典路线 | City: 北京
2026-08-06 16:28:19.226 | INFO     | N/A | 混合检索完成 → 召回 0 条
2026-08-06 16:28:19.270 | INFO     | N/A | 🔍 执行混合检索 | Collection: user_plans | Query: 北京三日游 中等预算 | City: 北京
2026-08-06 16:28:19.298 | INFO     | N/A | 混合检索完成 → 召回 0 条
2026-08-06 16:28:19.303 | INFO     | N/A | 🔍 执行混合检索 | Collection: attractions | Query: 北京 天安门 景点 历史文化 特色 | City: 北京
2026-08-06 16:28:19.382 | INFO     | N/A | 混合检索完成 → 召回 3 条
2026-08-06 16:28:26.442 | INFO     | N/A | 🔍 执行混合检索 | Collection: attractions | Query: 烤鸭 涮羊肉 老字号 小吃 | City: 北京
2026-08-06 16:28:26.514 | INFO     | N/A | 混合检索完成 → 召回 3 条
2026-08-06 16:28:26.522 | INFO     | N/A | 🔍 执行混合检索 | Collection: attractions | Query: 天坛公园 祈年殿 | City: 北京
2026-08-06 16:28:26.605 | INFO     | N/A | 混合检索完成 → 召回 3 条
2026-08-06 16:28:26.610 | INFO     | N/A | 🔍 执行混合检索 | Collection: attractions | Query: 什刹海 胡同 南锣鼓巷 老北京 | City: 北京
2026-08-06 16:28:26.695 | INFO     | N/A | 混合检索完成 → 召回 3 条
2026-08-06 16:28:26.698 | INFO     | N/A | 🔍 执行混合检索 | Collection: attractions | Query: 恭王府 雍和宫 天坛 | City: 北京
2026-08-06 16:28:26.772 | INFO     | N/A | 混合检索完成 → 召回 3 条
2026-08-06 16:28:26.777 | INFO     | N/A | 🔍 执行混合检索 | Collection: attractions | Query: 鸟巢 水立方 奥林匹克 国家博物馆 | City: 北京
2026-08-06 16:28:26.848 | INFO     | N/A | 混合检索完成 → 召回 3 条
2026-08-06 16:28:34.689 | INFO     | N/A | 🔍 执行混合检索 | Collection: classic_routes | Query: 北京 三日游 行程安排 | City: 北京
2026-08-06 16:28:34.720 | INFO     | N/A | 混合检索完成 → 召回 0 条
2026-08-06 16:28:34.726 | INFO     | N/A | 🔍 执行混合检索 | Collection: user_plans | Query: 北京 旅行 行程 攻略 | City: 北京
2026-08-06 16:28:34.751 | INFO     | N/A | 混合检索完成 → 召回 0 条
2026-08-06 16:28:34.757 | INFO     | N/A | 🔍 执行混合检索 | Collection: user_plans | Query: 北京  游记 行程 | City: 北京
2026-08-06 16:28:34.806 | INFO     | N/A | 混合检索完成 → 召回 0 条
2026-08-06 16:55:24.774 | INFO     | N/A | 🔍 执行混合检索 | Collection: classic_routes | Query: 北京 3日游 经典行程 | City: 北京
2026-08-06 16:55:24.780 | INFO     | N/A | 进入天气查询工具
2026-08-06 16:55:24.784 | INFO     | N/A | 进入天气查询工具
2026-08-06 16:55:24.787 | INFO     | N/A | 进入天气查询工具
2026-08-06 16:55:24.794 | INFO     | N/A | 进入天气查询工具
2026-08-06 16:55:24.802 | INFO     | N/A | 混合检索完成 → 召回 0 条
2026-08-06 16:55:24.806 | INFO     | N/A | 🔍 执行混合检索 | Collection: user_plans | Query: 北京 中等预算 适中节奏 游记 行程 | City: 北京
2026-08-06 16:55:24.835 | INFO     | N/A | 混合检索完成 → 召回 0 条
2026-08-06 16:55:32.760 | INFO     | N/A | 🔍 执行混合检索 | Collection: attractions | Query: 北京 长城 景点 历史文化 特色 | City: 北京
2026-08-06 16:55:32.830 | INFO     | N/A | 混合检索完成 → 召回 3 条
2026-08-06 16:55:32.838 | INFO     | N/A | 🔍 执行混合检索 | Collection: attractions | Query: 北京 故宫 景点 历史文化 特色 | City: 北京
2026-08-06 16:55:32.911 | INFO     | N/A | 混合检索完成 → 召回 3 条
2026-08-06 16:55:32.915 | INFO     | N/A | 🔍 执行混合检索 | Collection: attractions | Query: 北京 天安门 景点 历史文化 特色 | City: 北京
2026-08-06 16:55:33.008 | INFO     | N/A | 混合检索完成 → 召回 3 条
2026-08-06 16:55:33.015 | INFO     | N/A | 🔍 执行混合检索 | Collection: attractions | Query: 北京必去景点 门票 开放时间 | City: 北京
2026-08-06 16:55:33.080 | INFO     | N/A | 混合检索完成 → 召回 3 条
2026-08-06 16:55:33.084 | INFO     | N/A | 🔍 执行混合检索 | Collection: attractions | Query: 北京 颐和园 景点 历史文化 特色 | City: 北京
2026-08-06 16:55:33.149 | INFO     | N/A | 混合检索完成 → 召回 3 条
2026-08-06 16:55:43.287 | INFO     | N/A | 🔍 执行混合检索 | Collection: attractions | Query: 北京 什刹海 景点 历史文化 特色 | City: 北京
2026-08-06 16:55:43.361 | INFO     | N/A | 混合检索完成 → 召回 3 条
2026-08-06 16:55:43.367 | INFO     | N/A | 🔍 执行混合检索 | Collection: attractions | Query: 北京 景山 景点 历史文化 特色 | City: 北京
2026-08-06 16:55:43.446 | INFO     | N/A | 混合检索完成 → 召回 3 条
2026-08-06 16:55:43.454 | INFO     | N/A | 🔍 执行混合检索 | Collection: attractions | Query: 北京 南锣鼓巷 景点 历史文化 特色 | City: 北京
2026-08-06 16:55:43.530 | INFO     | N/A | 混合检索完成 → 召回 3 条
2026-08-06 16:55:43.534 | INFO     | N/A | 🔍 执行混合检索 | Collection: attractions | Query: 北京 天坛 景点 历史文化 特色 | City: 北京
2026-08-06 16:55:43.604 | INFO     | N/A | 混合检索完成 → 召回 3 条
2026-08-06 16:55:43.608 | INFO     | N/A | 🔍 执行混合检索 | Collection: user_plans | Query: 北京 中等预算 行程 美食 住宿 | City: 北京
2026-08-06 16:55:43.638 | INFO     | N/A | 混合检索完成 → 召回 0 条
2026-08-06 16:55:43.642 | INFO     | N/A | 🔍 执行混合检索 | Collection: classic_routes | Query: 北京三天两晚经典行程 故宫长城颐和园 | City: 北京
2026-08-06 16:55:43.676 | INFO     | N/A | 混合检索完成 → 召回 0 条
2026-08-06 16:55:57.547 | INFO     | N/A | 🔍 执行混合检索 | Collection: classic_routes | Query: 北京 行程 | City: 北京
2026-08-06 16:55:57.580 | INFO     | N/A | 混合检索完成 → 召回 0 条
2026-08-06 16:55:57.607 | INFO     | N/A | 🔍 执行混合检索 | Collection: user_plans | Query: 北京 旅游 | City: 北京
2026-08-06 16:55:57.638 | INFO     | N/A | 混合检索完成 → 召回 0 条
2026-08-06 16:56:06.277 | INFO     | N/A | 🔍 执行混合检索 | Collection: attractions | Query: 北京 王府井 景点 历史文化 特色 | City: 北京
2026-08-06 16:56:06.345 | INFO     | N/A | 混合检索完成 → 召回 3 条
2026-08-06 16:56:06.352 | INFO     | N/A | 🔍 执行混合检索 | Collection: classic_routes | Query: 3天 行程 景点 安排 | City: None
2026-08-06 16:56:06.378 | INFO     | N/A | 混合检索完成 → 召回 9 条
2026-08-06 16:56:06.379 | INFO     | N/A | 开始重排序 Top-9 → Top-9
2026-08-06 16:56:06.487 | INFO     | N/A | ✅ 重排序完成，最终返回 9 条结果
2026-08-06 16:56:06.490 | INFO     | N/A | 🔍 执行混合检索 | Collection: attractions | Query: 北京景点 游览 | City: 北京
2026-08-06 16:56:06.561 | INFO     | N/A | 混合检索完成 → 召回 3 条
2026-08-06 16:56:06.569 | INFO     | N/A | 🔍 执行混合检索 | Collection: attractions | Query: 北京 美食 景点 历史文化 特色 | City: 北京
2026-08-06 16:56:06.645 | INFO     | N/A | 混合检索完成 → 召回 3 条
2026-08-06 16:56:06.649 | INFO     | N/A | 🔍 执行混合检索 | Collection: user_plans | Query: 3天 行程 预算 | City: None
2026-08-06 16:56:06.679 | INFO     | N/A | 混合检索完成 → 召回 6 条
2026-08-06 16:56:06.679 | INFO     | N/A | 开始重排序 Top-6 → Top-6
2026-08-06 16:56:06.794 | INFO     | N/A | ✅ 重排序完成，最终返回 6 条结果
2026-08-06 21:11:03.154 | INFO     | N/A | 进入天气查询工具
2026-08-06 21:11:03.164 | INFO     | N/A | 🔍 执行混合检索 | Collection: classic_routes | Query: 上海 3日游 经典行程 | City: 上海
2026-08-06 21:11:03.969 | INFO     | N/A | 混合检索完成 → 召回 0 条
2026-08-06 21:11:04.014 | INFO     | N/A | 🔍 执行混合检索 | Collection: attractions | Query: 上海  景点 历史文化 特色 | City: 上海
2026-08-06 21:11:04.113 | INFO     | N/A | 混合检索完成 → 召回 4 条
2026-08-06 21:11:04.115 | INFO     | N/A | 开始重排序 Top-4 → Top-10
2026-08-06 21:11:04.355 | INFO     | N/A | ✅ 重排序完成，最终返回 4 条结果
2026-08-06 21:11:04.363 | INFO     | N/A | 🔍 执行混合检索 | Collection: user_plans | Query: 上海 中等预算 适中节奏 游记 行程 | City: 上海
2026-08-06 21:11:04.464 | INFO     | N/A | 混合检索完成 → 召回 0 条
2026-08-06 21:11:13.133 | INFO     | N/A | 进入天气查询工具
2026-08-06 21:11:13.144 | INFO     | N/A | 进入天气查询工具
2026-08-06 21:11:13.153 | INFO     | N/A | 🔍 执行混合检索 | Collection: attractions | Query: 上海 田子坊 景点 历史文化 特色 | City: 上海
2026-08-06 21:11:13.315 | INFO     | N/A | 混合检索完成 → 召回 4 条
2026-08-06 21:11:13.316 | INFO     | N/A | 开始重排序 Top-4 → Top-5
2026-08-06 21:11:13.393 | INFO     | N/A | ✅ 重排序完成，最终返回 4 条结果
2026-08-06 21:11:13.412 | INFO     | N/A | 🔍 执行混合检索 | Collection: attractions | Query: 上海 博物馆 景点 历史文化 特色 | City: 上海
2026-08-06 21:11:13.514 | INFO     | N/A | 混合检索完成 → 召回 4 条
2026-08-06 21:11:13.516 | INFO     | N/A | 开始重排序 Top-4 → Top-5
2026-08-06 21:11:13.581 | INFO     | N/A | ✅ 重排序完成，最终返回 4 条结果
2026-08-06 21:11:13.598 | INFO     | N/A | 🔍 执行混合检索 | Collection: attractions | Query: 上海美食 本帮菜 小吃 餐厅推荐 | City: 上海
2026-08-06 21:11:13.708 | INFO     | N/A | 混合检索完成 → 召回 4 条
2026-08-06 21:11:13.713 | INFO     | N/A | 开始重排序 Top-4 → Top-5
2026-08-06 21:11:13.772 | INFO     | N/A | ✅ 重排序完成，最终返回 4 条结果
2026-08-06 21:11:13.787 | INFO     | N/A | 🔍 执行混合检索 | Collection: attractions | Query: 上海 南京路 景点 历史文化 特色 | City: 上海
2026-08-06 21:11:13.891 | INFO     | N/A | 混合检索完成 → 召回 4 条
2026-08-06 21:11:13.891 | INFO     | N/A | 开始重排序 Top-4 → Top-5
2026-08-06 21:11:13.947 | INFO     | N/A | ✅ 重排序完成，最终返回 4 条结果
2026-08-06 21:11:13.957 | INFO     | N/A | 🔍 执行混合检索 | Collection: attractions | Query: 上海 豫园 景点 历史文化 特色 | City: 上海
2026-08-06 21:11:14.046 | INFO     | N/A | 混合检索完成 → 召回 4 条
2026-08-06 21:11:14.046 | INFO     | N/A | 开始重排序 Top-4 → Top-5
2026-08-06 21:11:14.095 | INFO     | N/A | ✅ 重排序完成，最终返回 4 条结果
2026-08-06 21:11:20.551 | INFO     | N/A | 🔍 执行混合检索 | Collection: classic_routes | Query: 上海 3日游 经典行程 | City: 上海
2026-08-06 21:11:20.671 | INFO     | N/A | 混合检索完成 → 召回 0 条
2026-08-06 21:11:28.438 | INFO     | N/A | 进入天气查询工具
2026-08-06 21:11:28.449 | INFO     | N/A | 🔍 执行混合检索 | Collection: classic_routes | Query: 上海 3天 行程 外滩 迪士尼 豫园 | City: None
2026-08-06 21:11:28.592 | INFO     | N/A | 混合检索完成 → 召回 9 条
2026-08-06 21:11:28.593 | INFO     | N/A | 开始重排序 Top-9 → Top-5
2026-08-06 21:11:28.800 | INFO     | N/A | ✅ 重排序完成，最终返回 5 条结果
2026-08-06 21:11:28.816 | INFO     | N/A | 🔍 执行混合检索 | Collection: attractions | Query: 上海 豫园 城隍庙 老城厢 本帮菜 南翔小笼 美食 | City: 上海
2026-08-06 21:11:28.918 | INFO     | N/A | 混合检索完成 → 召回 4 条
2026-08-06 21:11:28.918 | INFO     | N/A | 开始重排序 Top-4 → Top-8
2026-08-06 21:11:28.974 | INFO     | N/A | ✅ 重排序完成，最终返回 4 条结果
2026-08-06 21:11:28.978 | INFO     | N/A | 🔍 执行混合检索 | Collection: user_plans | Query: 上海 三日游 中等预算 行程安排 | City: None
2026-08-06 21:11:29.025 | INFO     | N/A | 混合检索完成 → 召回 6 条
2026-08-06 21:11:29.025 | INFO     | N/A | 开始重排序 Top-6 → Top-5
2026-08-06 21:11:29.213 | INFO     | N/A | ✅ 重排序完成，最终返回 5 条结果
2026-08-06 21:11:34.790 | INFO     | N/A | 🔍 执行混合检索 | Collection: classic_routes | Query: 上海都市经典3日游 外滩 陆家嘴 迪士尼 | City: 上海
2026-08-06 21:11:34.948 | INFO     | N/A | 混合检索完成 → 召回 0 条
2026-08-06 21:11:34.953 | INFO     | N/A | 🔍 执行混合检索 | Collection: user_plans | Query: 上海3日 外滩 迪士尼 武康路 情侣 行程细节 | City: 上海
2026-08-06 21:11:35.026 | INFO     | N/A | 混合检索完成 → 召回 0 条
2026-08-06 21:11:41.067 | INFO     | N/A | 🔍 执行混合检索 | Collection: classic_routes | Query: 上海都市经典 外滩 陆家嘴 迪士尼 3日游 | City: None
2026-08-06 21:11:41.169 | INFO     | N/A | 混合检索完成 → 召回 9 条
2026-08-06 21:11:41.169 | INFO     | N/A | 开始重排序 Top-9 → Top-8
2026-08-06 21:11:41.329 | INFO     | N/A | ✅ 重排序完成，最终返回 8 条结果
2026-08-06 21:11:41.335 | INFO     | N/A | 🔍 执行混合检索 | Collection: user_plans | Query: 上海 外滩 迪士尼 武康路 行程 | City: None
2026-08-06 21:11:41.383 | INFO     | N/A | 混合检索完成 → 召回 6 条
2026-08-06 21:11:41.384 | INFO     | N/A | 开始重排序 Top-6 → Top-8
2026-08-06 21:11:41.558 | INFO     | N/A | ✅ 重排序完成，最终返回 6 条结果
2026-08-06 21:56:11.421 | INFO     | N/A | 进入天气查询工具
2026-08-06 21:56:11.426 | INFO     | N/A | 🔍 执行混合检索 | Collection: classic_routes | Query: 北京 3日游 经典行程 | City: 北京
2026-08-06 21:56:11.454 | INFO     | N/A | 混合检索完成 → 召回 0 条
2026-08-06 21:56:11.461 | INFO     | N/A | 🔍 执行混合检索 | Collection: user_plans | Query: 北京 中等预算 适中节奏 游记 行程 | City: 北京
2026-08-06 21:56:11.496 | INFO     | N/A | 混合检索完成 → 召回 0 条
2026-08-06 21:56:18.182 | INFO     | N/A | 🔍 执行混合检索 | Collection: attractions | Query: 北京 长城 景点 历史文化 特色 | City: 北京
2026-08-06 21:56:18.258 | INFO     | N/A | 混合检索完成 → 召回 3 条
2026-08-06 21:56:18.266 | INFO     | N/A | 🔍 执行混合检索 | Collection: attractions | Query: 北京 故宫 景点 历史文化 特色 | City: 北京
2026-08-06 21:56:18.335 | INFO     | N/A | 混合检索完成 → 召回 3 条
2026-08-06 21:56:18.339 | INFO     | N/A | 🔍 执行混合检索 | Collection: attractions | Query: 北京 天坛 景点 历史文化 特色 | City: 北京
2026-08-06 21:56:18.410 | INFO     | N/A | 混合检索完成 → 召回 3 条
2026-08-06 21:56:18.415 | INFO     | N/A | 🔍 执行混合检索 | Collection: classic_routes | Query: 北京3日游经典行程 | City: 北京
2026-08-06 21:56:18.446 | INFO     | N/A | 混合检索完成 → 召回 0 条
2026-08-06 21:56:18.451 | INFO     | N/A | 🔍 执行混合检索 | Collection: user_plans | Query: 北京 中等预算 3天行程 | City: 北京
2026-08-06 21:56:18.479 | INFO     | N/A | 混合检索完成 → 召回 0 条
2026-08-06 21:56:24.137 | INFO     | N/A | 🔍 执行混合检索 | Collection: attractions | Query: 北京 烤鸭 景点 历史文化 特色 | City: 北京
2026-08-06 21:56:24.198 | INFO     | N/A | 混合检索完成 → 召回 3 条
2026-08-06 21:56:24.203 | INFO     | N/A | 🔍 执行混合检索 | Collection: attractions | Query: 北京 胡同 景点 历史文化 特色 | City: 北京
2026-08-06 21:56:24.274 | INFO     | N/A | 混合检索完成 → 召回 3 条
2026-08-06 21:56:24.279 | INFO     | N/A | 🔍 执行混合检索 | Collection: attractions | Query: 北京著名景点 天安门 什刹海 南锣鼓巷 | City: 北京
2026-08-06 21:56:24.365 | INFO     | N/A | 混合检索完成 → 召回 3 条
2026-08-06 21:56:29.172 | INFO     | N/A | 进入天气查询工具
2026-08-06 21:56:29.172 | INFO     | N/A | 进入天气查询工具
2026-08-06 21:56:29.197 | INFO     | N/A | 🔍 执行混合检索 | Collection: classic_routes | Query: 北京 2日游 经典行程 | City: 北京
2026-08-06 21:56:29.219 | INFO     | N/A | 混合检索完成 → 召回 0 条
2026-08-06 21:56:29.222 | INFO     | N/A | 🔍 执行混合检索 | Collection: user_plans | Query: 北京  游记 行程 | City: 北京
2026-08-06 21:56:29.243 | INFO     | N/A | 混合检索完成 → 召回 0 条
2026-08-06 21:56:36.041 | INFO     | N/A | 🔍 执行混合检索 | Collection: attractions | Query: 鸟巢 水立方 奥林匹克 798 什刹海 | City: 北京
2026-08-06 21:56:36.128 | INFO     | N/A | 混合检索完成 → 召回 3 条
2026-08-06 21:56:36.258 | INFO     | N/A | 🔍 执行混合检索 | Collection: attractions | Query: 天安门广场 升旗 国家博物馆 前门 | City: 北京
2026-08-06 21:56:36.327 | INFO     | N/A | 混合检索完成 → 召回 3 条
2026-08-06 21:56:43.654 | INFO     | N/A | 🔍 执行混合检索 | Collection: attractions | Query: 北京 美食 王府井 前门 全聚德 | City: None
2026-08-06 21:56:43.690 | INFO     | N/A | 混合检索完成 → 召回 24 条
2026-08-06 21:56:43.690 | INFO     | N/A | 开始重排序 Top-12 → Top-5
2026-08-06 21:56:43.770 | INFO     | N/A | ✅ 重排序完成，最终返回 5 条结果
2026-08-06 21:56:43.778 | INFO     | N/A | 🔍 执行混合检索 | Collection: user_plans | Query: 北京 | City: None
2026-08-06 21:56:43.803 | INFO     | N/A | 混合检索完成 → 召回 6 条
2026-08-06 21:56:43.803 | INFO     | N/A | 开始重排序 Top-6 → Top-5
2026-08-06 21:56:43.909 | INFO     | N/A | ✅ 重排序完成，最终返回 5 条结果
2026-08-06 21:56:43.913 | INFO     | N/A | 🔍 执行混合检索 | Collection: classic_routes | Query: 北京 | City: None
2026-08-06 21:56:43.934 | INFO     | N/A | 混合检索完成 → 召回 9 条
2026-08-06 21:56:43.934 | INFO     | N/A | 开始重排序 Top-9 → Top-5
2026-08-06 21:56:44.012 | INFO     | N/A | ✅ 重排序完成，最终返回 5 条结果
2026-08-06 21:56:50.037 | INFO     | N/A | 🔍 执行混合检索 | Collection: attractions | Query: 北京 天安门 景点 历史文化 特色 | City: 北京
2026-08-06 21:56:50.102 | INFO     | N/A | 混合检索完成 → 召回 3 条
2026-08-06 21:56:50.111 | INFO     | N/A | 🔍 执行混合检索 | Collection: attractions | Query: 天坛 祈年殿 回音壁 | City: 北京
2026-08-06 21:56:50.192 | INFO     | N/A | 混合检索完成 → 召回 3 条
2026-08-06 21:56:50.196 | INFO     | N/A | 🔍 执行混合检索 | Collection: user_plans | Query: 北京 3天 故宫 长城 颐和园 行程安排 | City: 北京
2026-08-06 21:56:50.218 | INFO     | N/A | 混合检索完成 → 召回 0 条
2026-08-06 21:56:50.221 | INFO     | N/A | 🔍 执行混合检索 | Collection: attractions | Query: 鸟巢 水立方 国家体育场 奥林匹克公园 | City: 北京
2026-08-06 21:56:50.299 | INFO     | N/A | 混合检索完成 → 召回 3 条
2026-08-06 21:56:57.622 | INFO     | N/A | 🔍 执行混合检索 | Collection: classic_routes | Query: 北京 4日游 经典行程 | City: 北京
2026-08-06 21:56:57.645 | INFO     | N/A | 混合检索完成 → 召回 0 条
2026-08-06 21:56:57.652 | INFO     | N/A | 🔍 执行混合检索 | Collection: user_plans | Query: 北京 美食 烤鸭 卤煮 涮肉 餐厅 | City: None
2026-08-06 21:56:57.682 | INFO     | N/A | 混合检索完成 → 召回 6 条
2026-08-06 21:56:57.682 | INFO     | N/A | 开始重排序 Top-6 → Top-5
2026-08-06 21:56:57.779 | INFO     | N/A | ✅ 重排序完成，最终返回 5 条结果
2026-08-06 21:56:57.783 | INFO     | N/A | 🔍 执行混合检索 | Collection: user_plans | Query: 北京 故宫 长城 美食 游记 行程 | City: 北京
2026-08-06 21:56:57.802 | INFO     | N/A | 混合检索完成 → 召回 0 条
2026-08-06 21:56:57.808 | INFO     | N/A | 🔍 执行混合检索 | Collection: attractions | Query: 全聚德 烤鸭店 北京老字号 餐厅 | City: None
2026-08-06 21:56:57.840 | INFO     | N/A | 混合检索完成 → 召回 24 条
2026-08-06 21:56:57.841 | INFO     | N/A | 开始重排序 Top-12 → Top-5
2026-08-06 21:56:57.917 | INFO     | N/A | ✅ 重排序完成，最终返回 5 条结果
2026-08-06 21:57:06.275 | INFO     | N/A | 🔍 执行混合检索 | Collection: attractions | Query: 北京 美食 景点 历史文化 特色 | City: 北京
2026-08-06 21:57:06.350 | INFO     | N/A | 混合检索完成 → 召回 3 条
2026-08-06 21:57:06.355 | INFO     | N/A | 🔍 执行混合检索 | Collection: attractions | Query: 北京 涮肉 景点 历史文化 特色 | City: 北京
2026-08-06 21:57:06.425 | INFO     | N/A | 混合检索完成 → 召回 3 条
2026-08-06 21:57:06.428 | INFO     | N/A | 🔍 执行混合检索 | Collection: attractions | Query: 北京 天坛 天安门 恭王府 景山 北海 王府井 南锣鼓巷 什刹海 | City: None
2026-08-06 21:57:06.460 | INFO     | N/A | 混合检索完成 → 召回 24 条
2026-08-06 21:57:06.460 | INFO     | N/A | 开始重排序 Top-12 → Top-10
2026-08-06 21:57:06.528 | INFO     | N/A | ✅ 重排序完成，最终返回 10 条结果
