2026-08-08 15:21:06.367 | INFO     | N/A | 进入天气查询工具
2026-08-08 15:21:06.371 | INFO     | N/A | 🔍 执行混合检索 | Collection: user_plans | Query: 深圳 中等预算 适中节奏 游记 行程 | City: 深圳
2026-08-08 15:21:07.042 | INFO     | N/A | 混合检索完成 → 召回 0 条
2026-08-08 15:21:07.085 | INFO     | N/A | 🔍 执行混合检索 | Collection: classic_routes | Query: 深圳 3日游 经典行程 | City: 深圳
2026-08-08 15:21:07.124 | INFO     | N/A | 混合检索完成 → 召回 0 条
2026-08-08 15:21:07.137 | INFO     | N/A | 🔍 执行混合检索 | Collection: attractions | Query: 深圳  景点 历史文化 特色 | City: 深圳
2026-08-08 15:21:07.173 | INFO     | N/A | 混合检索完成 → 召回 0 条
2026-08-08 15:21:13.239 | INFO     | N/A | 🔍 执行混合检索 | Collection: user_plans | Query: 深圳 3天 行程 中等预算 美食 住宿 | City: 深圳
2026-08-08 15:21:13.274 | INFO     | N/A | 混合检索完成 → 召回 0 条
2026-08-08 15:21:13.302 | INFO     | N/A | 🔍 执行混合检索 | Collection: classic_routes | Query: 深圳 三日游 经典行程 景点 | City: 深圳
2026-08-08 15:21:13.331 | INFO     | N/A | 混合检索完成 → 召回 0 条
2026-08-08 15:21:13.337 | INFO     | N/A | 🔍 执行混合检索 | Collection: attractions | Query: 深圳 必去景点 世界之窗 欢乐谷 大梅沙 | City: 深圳
2026-08-08 15:21:13.397 | INFO     | N/A | 混合检索完成 → 召回 0 条
2026-08-08 15:21:15.445 | INFO     | N/A | 进入天气查询工具
2026-08-08 15:21:22.827 | INFO     | N/A | 🔍 执行混合检索 | Collection: attractions | Query: 深圳 世界之窗 景点 历史文化 特色 | City: 深圳
2026-08-08 15:21:22.855 | INFO     | N/A | 混合检索完成 → 召回 0 条
2026-08-08 15:21:28.318 | INFO     | N/A | 🔍 执行混合检索 | Collection: attractions | Query: 著名景点 门票 开放时间 特色 | City: None
2026-08-08 15:21:28.367 | INFO     | N/A | 混合检索完成 → 召回 24 条
2026-08-08 15:21:28.369 | INFO     | N/A | 开始重排序 Top-12 → Top-10
2026-08-08 15:21:28.818 | INFO     | N/A | ✅ 重排序完成，最终返回 10 条结果
2026-08-08 15:21:28.824 | INFO     | N/A | 🔍 执行混合检索 | Collection: classic_routes | Query: 三日游 经典行程 路线安排 | City: None
2026-08-08 15:21:28.858 | INFO     | N/A | 混合检索完成 → 召回 9 条
2026-08-08 15:21:28.858 | INFO     | N/A | 开始重排序 Top-9 → Top-9
2026-08-08 15:21:28.963 | INFO     | N/A | ✅ 重排序完成，最终返回 9 条结果
2026-08-08 15:21:28.967 | INFO     | N/A | 🔍 执行混合检索 | Collection: user_plans | Query: 行程规划 预算 美食 住宿 | City: None
2026-08-08 15:21:29.001 | INFO     | N/A | 混合检索完成 → 召回 6 条
2026-08-08 15:21:29.001 | INFO     | N/A | 开始重排序 Top-6 → Top-6
2026-08-08 15:21:29.120 | INFO     | N/A | ✅ 重排序完成，最终返回 6 条结果
2026-08-08 15:21:37.180 | INFO     | N/A | 🔍 执行混合检索 | Collection: attractions | Query: 深圳 深圳湾 大梅沙 欢乐谷 莲花山 景点 历史文化 特色 | City: 深圳
2026-08-08 15:21:37.225 | INFO     | N/A | 混合检索完成 → 召回 0 条
2026-08-08 15:21:37.235 | INFO     | N/A | 🔍 执行混合检索 | Collection: user_plans | Query: 广州 中等预算 游记 行程 | City: 广州
2026-08-08 15:21:37.269 | INFO     | N/A | 混合检索完成 → 召回 0 条
2026-08-08 15:21:37.273 | INFO     | N/A | 🔍 执行混合检索 | Collection: attractions | Query: 深圳 海洋世界 主题公园 海滨 | City: None
2026-08-08 15:21:37.321 | INFO     | N/A | 混合检索完成 → 召回 24 条
2026-08-08 15:21:37.321 | INFO     | N/A | 开始重排序 Top-12 → Top-5
2026-08-08 15:21:37.399 | INFO     | N/A | ✅ 重排序完成，最终返回 5 条结果
2026-08-08 15:32:27.171 | INFO     | N/A | 🔍 执行混合检索 | Collection: classic_routes | Query: 深圳 3日游 经典行程 | City: 深圳
2026-08-08 15:32:27.216 | INFO     | N/A | 混合检索完成 → 召回 0 条
2026-08-08 15:32:27.221 | INFO     | N/A | 🔍 执行混合检索 | Collection: user_plans | Query: 深圳  游记 行程 | City: 深圳
2026-08-08 15:32:27.251 | INFO     | N/A | 混合检索完成 → 召回 0 条
2026-08-08 15:32:27.255 | INFO     | N/A | 🔍 执行混合检索 | Collection: attractions | Query: 深圳  景点 历史文化 特色 | City: 深圳
2026-08-08 15:32:27.272 | INFO     | N/A | 进入天气查询工具
2026-08-08 15:32:27.280 | INFO     | N/A | 混合检索完成 → 召回 0 条
2026-08-08 15:32:30.858 | INFO     | N/A | 🔍 执行混合检索 | Collection: attractions | Query: 深圳 世界之窗 大梅沙 莲花山公园 景点 | City: 深圳
2026-08-08 15:32:30.887 | INFO     | N/A | 混合检索完成 → 召回 0 条
2026-08-08 15:38:50.491 | INFO     | N/A | 🔍 执行混合检索 | Collection: classic_routes | Query: 北京 3日游 经典行程 | City: 北京
2026-08-08 15:38:50.513 | INFO     | N/A | 混合检索完成 → 召回 0 条
2026-08-08 15:38:50.520 | INFO     | N/A | 🔍 执行混合检索 | Collection: attractions | Query: 北京  景点 历史文化 特色 | City: 北京
2026-08-08 15:38:50.587 | INFO     | N/A | 混合检索完成 → 召回 3 条
2026-08-08 15:38:50.590 | INFO     | N/A | 🔍 执行混合检索 | Collection: user_plans | Query: 北京 中等预算 适中节奏 游记 行程 | City: 北京
2026-08-08 15:38:50.610 | INFO     | N/A | 进入天气查询工具
2026-08-08 15:38:50.616 | INFO     | N/A | 混合检索完成 → 召回 0 条
2026-08-08 15:38:57.663 | INFO     | N/A | 🔍 执行混合检索 | Collection: attractions | Query: 北京必去景点 天安门 天坛 南锣鼓巷 什刹海 | City: 北京
2026-08-08 15:38:57.753 | INFO     | N/A | 混合检索完成 → 召回 3 条
2026-08-08 15:38:57.761 | INFO     | N/A | 🔍 执行混合检索 | Collection: attractions | Query: 北京 故宫 景点 历史文化 特色 | City: 北京
2026-08-08 15:38:57.844 | INFO     | N/A | 混合检索完成 → 召回 3 条
2026-08-08 15:38:57.851 | INFO     | N/A | 🔍 执行混合检索 | Collection: classic_routes | Query: 北京3日游经典路线 故宫 长城 颐和园 | City: 北京
2026-08-08 15:38:57.911 | INFO     | N/A | 混合检索完成 → 召回 0 条
2026-08-08 15:38:57.916 | INFO     | N/A | 🔍 执行混合检索 | Collection: attractions | Query: 北京 天坛 景点 历史文化 特色 | City: 北京
2026-08-08 15:38:57.989 | INFO     | N/A | 混合检索完成 → 召回 3 条
2026-08-08 15:38:57.996 | INFO     | N/A | 🔍 执行混合检索 | Collection: user_plans | Query: 北京 3日游 故宫 长城 颐和园 美食 游记 行程 | City: 北京
2026-08-08 15:38:58.019 | INFO     | N/A | 混合检索完成 → 召回 0 条
2026-08-08 15:38:58.025 | INFO     | N/A | 🔍 执行混合检索 | Collection: attractions | Query: 北京 长城 景点 历史文化 特色 | City: 北京
2026-08-08 15:38:58.104 | INFO     | N/A | 混合检索完成 → 召回 3 条
2026-08-08 15:39:03.330 | INFO     | N/A | 进入天气查询工具
2026-08-08 15:39:03.333 | INFO     | N/A | 进入天气查询工具
2026-08-08 15:39:08.903 | INFO     | N/A | 🔍 执行混合检索 | Collection: attractions | Query: 北京 天坛 胡同 南锣鼓巷 景点 历史文化 特色 | City: 北京
2026-08-08 15:39:08.985 | INFO     | N/A | 混合检索完成 → 召回 3 条
2026-08-08 15:39:08.991 | INFO     | N/A | 🔍 执行混合检索 | Collection: attractions | Query: 北京 什刹海 胡同 景点 历史文化 特色 | City: 北京
2026-08-08 15:39:09.062 | INFO     | N/A | 混合检索完成 → 召回 3 条
2026-08-08 15:39:09.069 | INFO     | N/A | 🔍 执行混合检索 | Collection: user_plans | Query: 北京 故宫 长城 美食 攻略 | City: 北京
2026-08-08 15:39:09.093 | INFO     | N/A | 混合检索完成 → 召回 0 条
2026-08-08 15:39:09.097 | INFO     | N/A | 🔍 执行混合检索 | Collection: attractions | Query: 北京 天安门 景点 历史文化 特色 | City: 北京
2026-08-08 15:39:09.169 | INFO     | N/A | 混合检索完成 → 召回 3 条
2026-08-08 15:39:09.173 | INFO     | N/A | 🔍 执行混合检索 | Collection: classic_routes | Query: 北京 三天 行程 攻略 | City: 北京
2026-08-08 15:39:09.200 | INFO     | N/A | 混合检索完成 → 召回 0 条
2026-08-08 15:41:22.040 | INFO     | N/A | 🔍 执行混合检索 | Collection: user_plans | Query: 北京  游记 行程 | City: 北京
2026-08-08 15:41:22.083 | INFO     | N/A | 混合检索完成 → 召回 0 条
2026-08-08 15:41:22.093 | INFO     | N/A | 🔍 执行混合检索 | Collection: attractions | Query: 北京  景点 历史文化 特色 | City: 北京
2026-08-08 15:41:22.164 | INFO     | N/A | 进入天气查询工具
2026-08-08 15:41:22.162 | INFO     | N/A | 混合检索完成 → 召回 3 条
2026-08-08 15:41:22.168 | INFO     | N/A | 🔍 执行混合检索 | Collection: classic_routes | Query: 北京 3日游 经典行程 | City: 北京
2026-08-08 15:41:22.191 | INFO     | N/A | 混合检索完成 → 召回 0 条
2026-08-08 15:41:27.086 | INFO     | N/A | 🔍 执行混合检索 | Collection: attractions | Query: 北京 天坛 景点 历史文化 特色 | City: 北京
2026-08-08 15:41:27.159 | INFO     | N/A | 混合检索完成 → 召回 3 条
2026-08-08 15:41:27.165 | INFO     | N/A | 🔍 执行混合检索 | Collection: attractions | Query: 北京 景山 景点 历史文化 特色 | City: 北京
2026-08-08 15:41:27.235 | INFO     | N/A | 混合检索完成 → 召回 3 条
2026-08-08 15:41:27.553 | INFO     | N/A | 进入天气查询工具
2026-08-08 15:41:27.553 | INFO     | N/A | 进入天气查询工具
2026-08-08 15:52:11.413 | INFO     | N/A | 🔍 执行混合检索 | Collection: classic_routes | Query: 上海 3日游 经典行程 | City: 上海
2026-08-08 15:52:11.435 | INFO     | N/A | 混合检索完成 → 召回 0 条
2026-08-08 15:52:11.438 | INFO     | N/A | 🔍 执行混合检索 | Collection: attractions | Query: 上海 文化 景点 历史文化 特色 | City: 上海
2026-08-08 15:52:11.540 | INFO     | N/A | 混合检索完成 → 召回 4 条
2026-08-08 15:52:11.540 | INFO     | N/A | 开始重排序 Top-4 → Top-5
2026-08-08 15:52:11.619 | INFO     | N/A | ✅ 重排序完成，最终返回 4 条结果
2026-08-08 15:52:11.624 | INFO     | N/A | 🔍 执行混合检索 | Collection: user_plans | Query: 上海 文化游 适中 游记 行程 | City: 上海
2026-08-08 15:52:11.669 | INFO     | N/A | 混合检索完成 → 召回 0 条
2026-08-08 15:52:12.372 | INFO     | N/A | 进入天气查询工具
2026-08-08 15:52:20.698 | INFO     | N/A | 🔍 执行混合检索 | Collection: user_plans | Query: 上海文化游用户行程推荐 | City: 上海
2026-08-08 15:52:20.753 | INFO     | N/A | 混合检索完成 → 召回 0 条
2026-08-08 15:52:20.764 | INFO     | N/A | 🔍 执行混合检索 | Collection: attractions | Query: 上海 豫园 景点 历史文化 特色 | City: 上海
2026-08-08 15:52:20.844 | INFO     | N/A | 混合检索完成 → 召回 4 条
2026-08-08 15:52:20.844 | INFO     | N/A | 开始重排序 Top-4 → Top-5
2026-08-08 15:52:20.877 | INFO     | N/A | ✅ 重排序完成，最终返回 4 条结果
2026-08-08 15:52:20.884 | INFO     | N/A | 🔍 执行混合检索 | Collection: classic_routes | Query: 上海3日游文化行程规划 | City: 上海
2026-08-08 15:52:20.916 | INFO     | N/A | 混合检索完成 → 召回 0 条
2026-08-08 15:52:20.921 | INFO     | N/A | 🔍 执行混合检索 | Collection: attractions | Query: 上海 城隍庙 景点 历史文化 特色 | City: 上海
2026-08-08 15:52:20.994 | INFO     | N/A | 混合检索完成 → 召回 4 条
2026-08-08 15:52:20.994 | INFO     | N/A | 开始重排序 Top-4 → Top-5
2026-08-08 15:52:21.026 | INFO     | N/A | ✅ 重排序完成，最终返回 4 条结果
2026-08-08 15:52:21.036 | INFO     | N/A | 🔍 执行混合检索 | Collection: attractions | Query: 上海 田子坊 景点 历史文化 特色 | City: 上海
2026-08-08 15:52:21.136 | INFO     | N/A | 混合检索完成 → 召回 4 条
2026-08-08 15:52:21.137 | INFO     | N/A | 开始重排序 Top-4 → Top-5
2026-08-08 15:52:21.169 | INFO     | N/A | ✅ 重排序完成，最终返回 4 条结果
2026-08-08 15:52:21.175 | INFO     | N/A | 🔍 执行混合检索 | Collection: attractions | Query: 上海 博物馆 景点 历史文化 特色 | City: 上海
2026-08-08 15:52:21.251 | INFO     | N/A | 混合检索完成 → 召回 4 条
2026-08-08 15:52:21.251 | INFO     | N/A | 开始重排序 Top-4 → Top-5
2026-08-08 15:52:21.281 | INFO     | N/A | ✅ 重排序完成，最终返回 4 条结果
2026-08-08 15:52:30.079 | INFO     | N/A | 进入天气查询工具
2026-08-08 15:52:30.099 | INFO     | N/A | 🔍 执行混合检索 | Collection: attractions | Query: 豫园 城隍庙 老城厢 江南园林 | City: 上海
2026-08-08 15:52:30.175 | INFO     | N/A | 混合检索完成 → 召回 4 条
2026-08-08 15:52:30.175 | INFO     | N/A | 开始重排序 Top-4 → Top-5
2026-08-08 15:52:30.206 | INFO     | N/A | ✅ 重排序完成，最终返回 4 条结果
2026-08-08 15:52:30.225 | INFO     | N/A | 🔍 执行混合检索 | Collection: attractions | Query: 武康路 新天地 石库门 老洋房 历史建筑 | City: 上海
2026-08-08 15:52:30.310 | INFO     | N/A | 混合检索完成 → 召回 4 条
2026-08-08 15:52:30.311 | INFO     | N/A | 开始重排序 Top-4 → Top-5
2026-08-08 15:52:30.350 | INFO     | N/A | ✅ 重排序完成，最终返回 4 条结果
2026-08-08 15:52:39.960 | INFO     | N/A | 🔍 执行混合检索 | Collection: user_plans | Query: 上海  游记 行程 | City: 上海
2026-08-08 15:52:39.962 | INFO     | N/A | 进入天气查询工具
2026-08-08 15:52:39.962 | INFO     | N/A | 进入天气查询工具
2026-08-08 15:52:39.997 | INFO     | N/A | 混合检索完成 → 召回 0 条
2026-08-08 15:52:40.036 | INFO     | N/A | 🔍 执行混合检索 | Collection: classic_routes | Query: 北京 3日游 经典行程 | City: 北京
2026-08-08 15:52:40.070 | INFO     | N/A | 混合检索完成 → 召回 0 条
2026-08-08 15:52:48.022 | INFO     | N/A | 🔍 执行混合检索 | Collection: user_plans | Query: 北京  游记 行程 | City: 北京
2026-08-08 15:52:48.051 | INFO     | N/A | 混合检索完成 → 召回 0 条
2026-08-08 15:52:48.056 | INFO     | N/A | 🔍 执行混合检索 | Collection: classic_routes | Query: 广州 3日游 经典行程 | City: 广州
2026-08-08 15:52:48.130 | INFO     | N/A | 混合检索完成 → 召回 1 条
2026-08-08 15:52:58.781 | INFO     | N/A | 🔍 执行混合检索 | Collection: classic_routes | Query: 上海 外滩 豫园 三天 | City: None
2026-08-08 15:52:58.809 | INFO     | N/A | 混合检索完成 → 召回 9 条
2026-08-08 15:52:58.810 | INFO     | N/A | 开始重排序 Top-9 → Top-5
2026-08-08 15:52:58.925 | INFO     | N/A | ✅ 重排序完成，最终返回 5 条结果
2026-08-08 15:52:58.930 | INFO     | N/A | 🔍 执行混合检索 | Collection: user_plans | Query: 上海 文化 历史 博物馆 行程 | City: None
2026-08-08 15:52:58.957 | INFO     | N/A | 混合检索完成 → 召回 6 条
2026-08-08 15:52:58.957 | INFO     | N/A | 开始重排序 Top-6 → Top-5
2026-08-08 15:52:59.099 | INFO     | N/A | ✅ 重排序完成，最终返回 5 条结果
2026-08-08 15:54:27.775 | INFO     | N/A | 进入天气查询工具
2026-08-08 15:54:27.781 | INFO     | N/A | 🔍 执行混合检索 | Collection: attractions | Query: 上海  景点 历史文化 特色 | City: 上海
2026-08-08 15:54:27.888 | INFO     | N/A | 混合检索完成 → 召回 4 条
2026-08-08 15:54:27.889 | INFO     | N/A | 开始重排序 Top-4 → Top-10
2026-08-08 15:54:27.925 | INFO     | N/A | ✅ 重排序完成，最终返回 4 条结果
2026-08-08 15:54:27.933 | INFO     | N/A | 🔍 执行混合检索 | Collection: classic_routes | Query: 上海 3日游 经典行程 | City: 上海
2026-08-08 15:54:27.956 | INFO     | N/A | 混合检索完成 → 召回 0 条
2026-08-08 15:54:27.960 | INFO     | N/A | 🔍 执行混合检索 | Collection: user_plans | Query: 上海 文化游 游记 行程 | City: 上海
2026-08-08 15:54:27.988 | INFO     | N/A | 混合检索完成 → 召回 0 条
2026-08-08 15:54:35.271 | INFO     | N/A | 🔍 执行混合检索 | Collection: attractions | Query: 上海 豫园 景点 历史文化 特色 | City: 上海
2026-08-08 15:54:35.338 | INFO     | N/A | 混合检索完成 → 召回 4 条
2026-08-08 15:54:35.339 | INFO     | N/A | 开始重排序 Top-4 → Top-3
2026-08-08 15:54:35.370 | INFO     | N/A | ✅ 重排序完成，最终返回 3 条结果
2026-08-08 15:54:35.377 | INFO     | N/A | 🔍 执行混合检索 | Collection: attractions | Query: 上海 武康路 景点 历史文化 特色 | City: 上海
2026-08-08 15:54:35.451 | INFO     | N/A | 混合检索完成 → 召回 4 条
2026-08-08 15:54:35.452 | INFO     | N/A | 开始重排序 Top-4 → Top-3
2026-08-08 15:54:35.510 | INFO     | N/A | ✅ 重排序完成，最终返回 3 条结果
2026-08-08 15:54:35.520 | INFO     | N/A | 🔍 执行混合检索 | Collection: attractions | Query: 上海 新天地 景点 历史文化 特色 | City: 上海
2026-08-08 15:54:35.625 | INFO     | N/A | 混合检索完成 → 召回 4 条
2026-08-08 15:54:35.626 | INFO     | N/A | 开始重排序 Top-4 → Top-3
2026-08-08 15:54:35.660 | INFO     | N/A | ✅ 重排序完成，最终返回 3 条结果
2026-08-08 15:54:35.665 | INFO     | N/A | 🔍 执行混合检索 | Collection: attractions | Query: 上海 上海博物馆 景点 历史文化 特色 | City: 上海
2026-08-08 15:54:35.745 | INFO     | N/A | 混合检索完成 → 召回 4 条
2026-08-08 15:54:35.746 | INFO     | N/A | 开始重排序 Top-4 → Top-3
2026-08-08 15:54:35.778 | INFO     | N/A | ✅ 重排序完成，最终返回 3 条结果
2026-08-08 15:54:35.784 | INFO     | N/A | 🔍 执行混合检索 | Collection: attractions | Query: 上海 田子坊 景点 历史文化 特色 | City: 上海
2026-08-08 15:54:35.853 | INFO     | N/A | 混合检索完成 → 召回 4 条
2026-08-08 15:54:35.853 | INFO     | N/A | 开始重排序 Top-4 → Top-3
2026-08-08 15:54:35.880 | INFO     | N/A | ✅ 重排序完成，最终返回 3 条结果
2026-08-08 15:54:35.885 | INFO     | N/A | 🔍 执行混合检索 | Collection: attractions | Query: 上海 中华艺术宫 景点 历史文化 特色 | City: 上海
2026-08-08 15:54:35.958 | INFO     | N/A | 混合检索完成 → 召回 4 条
2026-08-08 15:54:35.958 | INFO     | N/A | 开始重排序 Top-4 → Top-3
2026-08-08 15:54:35.982 | INFO     | N/A | ✅ 重排序完成，最终返回 3 条结果
2026-08-08 15:54:35.986 | INFO     | N/A | 🔍 执行混合检索 | Collection: attractions | Query: 上海 朱家角 景点 历史文化 特色 | City: 上海
2026-08-08 15:54:36.064 | INFO     | N/A | 混合检索完成 → 召回 4 条
2026-08-08 15:54:36.065 | INFO     | N/A | 开始重排序 Top-4 → Top-3
2026-08-08 15:54:36.089 | INFO     | N/A | ✅ 重排序完成，最终返回 3 条结果
2026-08-08 15:54:36.093 | INFO     | N/A | 🔍 执行混合检索 | Collection: attractions | Query: 上海 四行仓库 景点 历史文化 特色 | City: 上海
2026-08-08 15:54:36.172 | INFO     | N/A | 混合检索完成 → 召回 4 条
2026-08-08 15:54:36.172 | INFO     | N/A | 开始重排序 Top-4 → Top-3
2026-08-08 15:54:36.198 | INFO     | N/A | ✅ 重排序完成，最终返回 3 条结果
2026-08-08 15:54:42.610 | INFO     | N/A | 🔍 执行混合检索 | Collection: attractions | Query: 豫园 城隍庙 江南园林 老城厢 | City: 上海
2026-08-08 15:54:42.681 | INFO     | N/A | 混合检索完成 → 召回 4 条
2026-08-08 15:54:42.681 | INFO     | N/A | 开始重排序 Top-4 → Top-5
2026-08-08 15:54:42.716 | INFO     | N/A | ✅ 重排序完成，最终返回 4 条结果
2026-08-08 15:54:42.722 | INFO     | N/A | 🔍 执行混合检索 | Collection: attractions | Query: 中华艺术宫 世博会 四行仓库 抗战纪念馆 | City: 上海
2026-08-08 15:54:42.803 | INFO     | N/A | 混合检索完成 → 召回 4 条
2026-08-08 15:54:42.804 | INFO     | N/A | 开始重排序 Top-4 → Top-5
2026-08-08 15:54:42.835 | INFO     | N/A | ✅ 重排序完成，最终返回 4 条结果
2026-08-08 15:54:42.842 | INFO     | N/A | 🔍 执行混合检索 | Collection: attractions | Query: 武康路 法租界 老洋房 武康大楼 名人故居 | City: 上海
2026-08-08 15:54:42.937 | INFO     | N/A | 混合检索完成 → 召回 4 条
2026-08-08 15:54:42.937 | INFO     | N/A | 开始重排序 Top-4 → Top-5
2026-08-08 15:54:42.966 | INFO     | N/A | ✅ 重排序完成，最终返回 4 条结果
2026-08-08 15:54:42.971 | INFO     | N/A | 🔍 执行混合检索 | Collection: attractions | Query: 田子坊 新天地 石库门 创意街区 | City: 上海
2026-08-08 15:54:43.042 | INFO     | N/A | 混合检索完成 → 召回 4 条
2026-08-08 15:54:43.043 | INFO     | N/A | 开始重排序 Top-4 → Top-5
2026-08-08 15:54:43.074 | INFO     | N/A | ✅ 重排序完成，最终返回 4 条结果
2026-08-08 15:54:43.080 | INFO     | N/A | 🔍 执行混合检索 | Collection: attractions | Query: 上海博物馆 人民广场 青铜器 书画 | City: 上海
2026-08-08 15:54:43.181 | INFO     | N/A | 混合检索完成 → 召回 4 条
2026-08-08 15:54:43.181 | INFO     | N/A | 开始重排序 Top-4 → Top-5
2026-08-08 15:54:43.209 | INFO     | N/A | ✅ 重排序完成，最终返回 4 条结果
2026-08-08 15:54:43.214 | INFO     | N/A | 🔍 执行混合检索 | Collection: attractions | Query: 朱家角古镇 江南水乡 放生桥 | City: 上海
2026-08-08 15:54:43.303 | INFO     | N/A | 混合检索完成 → 召回 4 条
2026-08-08 15:54:43.303 | INFO     | N/A | 开始重排序 Top-4 → Top-5
2026-08-08 15:54:43.331 | INFO     | N/A | ✅ 重排序完成，最终返回 4 条结果
2026-08-08 16:08:45.013 | INFO     | N/A | 进入天气查询工具
2026-08-08 16:08:45.019 | INFO     | N/A | 🔍 执行混合检索 | Collection: classic_routes | Query: 深圳 3日游 经典行程 | City: 深圳
2026-08-08 16:08:45.043 | INFO     | N/A | 混合检索完成 → 召回 0 条
2026-08-08 16:08:45.048 | INFO     | N/A | 🔍 执行混合检索 | Collection: attractions | Query: 深圳  景点 历史文化 特色 | City: 深圳
2026-08-08 16:08:45.076 | INFO     | N/A | 混合检索完成 → 召回 0 条
2026-08-08 16:08:45.080 | INFO     | N/A | 🔍 执行混合检索 | Collection: user_plans | Query: 深圳 文化游 中等预算 适中节奏 游记 行程 | City: 深圳
2026-08-08 16:08:45.103 | INFO     | N/A | 混合检索完成 → 召回 0 条
2026-08-08 16:08:45.107 | INFO     | N/A | 🔍 执行混合检索 | Collection: attractions | Query: 深圳文化景点 博物馆 历史 必去 | City: 深圳
2026-08-08 16:08:45.136 | INFO     | N/A | 混合检索完成 → 召回 0 条
2026-08-08 16:08:50.290 | INFO     | N/A | 进入天气查询工具
2026-08-08 16:08:58.368 | INFO     | N/A | 🔍 执行混合检索 | Collection: attractions | Query: 深圳 世界之窗 景点 历史文化 特色 | City: 深圳
2026-08-08 16:08:58.397 | INFO     | N/A | 混合检索完成 → 召回 0 条
2026-08-08 16:08:58.404 | INFO     | N/A | 🔍 执行混合检索 | Collection: attractions | Query: 深圳 海边 沙滩 景点 历史文化 特色 | City: 深圳
2026-08-08 16:08:58.440 | INFO     | N/A | 混合检索完成 → 召回 0 条
2026-08-08 16:09:06.173 | INFO     | N/A | 🔍 执行混合检索 | Collection: attractions | Query: 深圳旅游景点 必去 文化 | City: 深圳
2026-08-08 16:09:06.208 | INFO     | N/A | 混合检索完成 → 召回 0 条
2026-08-08 16:09:06.216 | INFO     | N/A | 🔍 执行混合检索 | Collection: classic_routes | Query: 北京 3日游 经典行程 | City: 北京
2026-08-08 16:09:06.245 | INFO     | N/A | 混合检索完成 → 召回 0 条
2026-08-08 16:09:06.252 | INFO     | N/A | 🔍 执行混合检索 | Collection: attractions | Query: 广州景点 | City: 广州
2026-08-08 16:09:06.285 | INFO     | N/A | 混合检索完成 → 召回 15 条
2026-08-08 16:09:06.285 | INFO     | N/A | 开始重排序 Top-12 → Top-5
2026-08-08 16:09:06.408 | INFO     | N/A | ✅ 重排序完成，最终返回 5 条结果
2026-08-08 16:09:06.416 | INFO     | N/A | 🔍 执行混合检索 | Collection: user_plans | Query: 北京  游记 行程 | City: 北京
2026-08-08 16:09:06.444 | INFO     | N/A | 混合检索完成 → 召回 0 条
2026-08-08 16:09:13.357 | INFO     | N/A | 🔍 执行混合检索 | Collection: attractions | Query: 深圳 深圳 景点 历史文化 特色 | City: 深圳
2026-08-08 16:09:13.387 | INFO     | N/A | 混合检索完成 → 召回 0 条
2026-08-08 16:09:13.394 | INFO     | N/A | 🔍 执行混合检索 | Collection: user_plans | Query: 用户旅行行程规划 | City: None
2026-08-08 16:09:13.426 | INFO     | N/A | 混合检索完成 → 召回 6 条
2026-08-08 16:09:13.426 | INFO     | N/A | 开始重排序 Top-6 → Top-6
2026-08-08 16:09:13.545 | INFO     | N/A | ✅ 重排序完成，最终返回 6 条结果
2026-08-08 16:09:13.550 | INFO     | N/A | 🔍 执行混合检索 | Collection: classic_routes | Query: 城市三日游经典行程 | City: None
2026-08-08 16:09:13.581 | INFO     | N/A | 混合检索完成 → 召回 9 条
2026-08-08 16:09:13.581 | INFO     | N/A | 开始重排序 Top-9 → Top-10
2026-08-08 16:09:13.679 | INFO     | N/A | ✅ 重排序完成，最终返回 9 条结果
2026-08-08 16:09:13.684 | INFO     | N/A | 🔍 执行混合检索 | Collection: attractions | Query: 上海景点 | City: 上海
2026-08-08 16:09:13.761 | INFO     | N/A | 混合检索完成 → 召回 4 条
2026-08-08 16:09:13.761 | INFO     | N/A | 开始重排序 Top-4 → Top-5
2026-08-08 16:09:13.793 | INFO     | N/A | ✅ 重排序完成，最终返回 4 条结果
2026-08-08 16:09:22.970 | INFO     | N/A | 进入天气查询工具
2026-08-08 16:09:22.971 | INFO     | N/A | 🔍 执行混合检索 | Collection: attractions | Query: 深圳 莲花山 景点 历史文化 特色 | City: 深圳
2026-08-08 16:09:22.999 | INFO     | N/A | 混合检索完成 → 召回 0 条
2026-08-08 16:09:23.006 | INFO     | N/A | 🔍 执行混合检索 | Collection: attractions | Query: 深圳 大梅沙 景点 历史文化 特色 | City: 深圳
2026-08-08 16:09:23.034 | INFO     | N/A | 混合检索完成 → 召回 0 条
2026-08-08 16:09:23.038 | INFO     | N/A | 🔍 执行混合检索 | Collection: attractions | Query: 深圳 锦绣中华 景点 历史文化 特色 | City: 深圳
2026-08-08 16:09:23.067 | INFO     | N/A | 混合检索完成 → 召回 0 条
