2026-07-22 10:02:52.043 | INFO     | N/A | 进入天气查询工具
2026-07-22 10:02:52.044 | INFO     | N/A | 进入天气查询工具
2026-07-22 10:02:52.044 | INFO     | N/A | 进入天气查询工具
2026-07-22 10:02:52.045 | INFO     | N/A | 🔍 执行混合检索 | Collection: attractions | Query: 北京  景点 历史文化 特色 | City: 北京
2026-07-22 10:02:54.164 | WARNING  | N/A | 关键词搜索失败: [WinError 10061] 由于目标计算机积极拒绝，无法连接。，仅使用向量搜索
2026-07-22 10:02:56.281 | ERROR    | N/A | _search 执行失败: [WinError 10061] 由于目标计算机积极拒绝，无法连接。
2026-07-22 10:02:58.312 | INFO     | N/A | 🔍 执行混合检索 | Collection: classic_routes | Query: 北京 3日游 经典行程 | City: 北京
2026-07-22 10:03:00.342 | WARNING  | N/A | 关键词搜索失败: [WinError 10061] 由于目标计算机积极拒绝，无法连接。，仅使用向量搜索
2026-07-22 10:03:02.367 | ERROR    | N/A | _search 执行失败: [WinError 10061] 由于目标计算机积极拒绝，无法连接。
2026-07-22 10:03:04.383 | INFO     | N/A | 🔍 执行混合检索 | Collection: user_plans | Query: 北京 文化游 素食 不吃辣 中等预算 游记 行程 | City: 北京
2026-07-22 10:03:06.421 | WARNING  | N/A | 关键词搜索失败: [WinError 10061] 由于目标计算机积极拒绝，无法连接。，仅使用向量搜索
2026-07-22 10:03:08.447 | ERROR    | N/A | _search 执行失败: [WinError 10061] 由于目标计算机积极拒绝，无法连接。
2026-07-22 10:03:14.678 | INFO     | N/A | 🔍 执行混合检索 | Collection: attractions | Query: 北京旅游景点 故宫 天坛 颐和园 长城 门票 开放时间 | City: 北京
2026-07-22 10:03:16.710 | WARNING  | N/A | 关键词搜索失败: [WinError 10061] 由于目标计算机积极拒绝，无法连接。，仅使用向量搜索
2026-07-22 10:03:18.749 | ERROR    | N/A | _search 执行失败: [WinError 10061] 由于目标计算机积极拒绝，无法连接。
2026-07-22 10:03:20.761 | INFO     | N/A | 🔍 执行混合检索 | Collection: classic_routes | Query: 北京3日游经典行程 故宫 天安门 长城 | City: 北京
2026-07-22 10:03:22.798 | WARNING  | N/A | 关键词搜索失败: [WinError 10061] 由于目标计算机积极拒绝，无法连接。，仅使用向量搜索
2026-07-22 10:03:24.834 | ERROR    | N/A | _search 执行失败: [WinError 10061] 由于目标计算机积极拒绝，无法连接。
2026-07-22 10:03:26.851 | INFO     | N/A | 🔍 执行混合检索 | Collection: user_plans | Query: 北京3天行程规划 文化游 素食餐厅 不吃辣 | City: 北京
2026-07-22 10:03:28.889 | WARNING  | N/A | 关键词搜索失败: [WinError 10061] 由于目标计算机积极拒绝，无法连接。，仅使用向量搜索
2026-07-22 10:03:30.900 | ERROR    | N/A | _search 执行失败: [WinError 10061] 由于目标计算机积极拒绝，无法连接。
2026-07-22 10:16:53.417 | INFO     | N/A | 进入天气查询工具
2026-07-22 10:16:53.425 | INFO     | N/A | 🔍 执行混合检索 | Collection: user_plans | Query: 北京 文化游 3天 适中 游记 行程 | City: 北京
2026-07-22 10:16:55.459 | WARNING  | N/A | 关键词搜索失败: [WinError 10061] 由于目标计算机积极拒绝，无法连接。，仅使用向量搜索
2026-07-22 10:16:57.472 | ERROR    | N/A | _search 执行失败: [WinError 10061] 由于目标计算机积极拒绝，无法连接。
2026-07-22 10:16:59.504 | INFO     | N/A | 🔍 执行混合检索 | Collection: classic_routes | Query: 北京 3日游 经典行程 | City: 北京
2026-07-22 10:17:01.555 | WARNING  | N/A | 关键词搜索失败: [WinError 10061] 由于目标计算机积极拒绝，无法连接。，仅使用向量搜索
2026-07-22 10:17:03.566 | ERROR    | N/A | _search 执行失败: [WinError 10061] 由于目标计算机积极拒绝，无法连接。
2026-07-22 10:17:10.269 | INFO     | N/A | 🔍 执行混合检索 | Collection: attractions | Query: 北京 故宫 天安门 长城 景点 历史文化 特色 | City: 北京
2026-07-22 10:17:12.311 | WARNING  | N/A | 关键词搜索失败: [WinError 10061] 由于目标计算机积极拒绝，无法连接。，仅使用向量搜索
2026-07-22 10:17:14.336 | ERROR    | N/A | _search 执行失败: [WinError 10061] 由于目标计算机积极拒绝，无法连接。
2026-07-22 10:17:16.371 | INFO     | N/A | 🔍 执行混合检索 | Collection: classic_routes | Query: 北京三日游经典行程推荐 | City: 北京
2026-07-22 10:17:18.437 | WARNING  | N/A | 关键词搜索失败: [WinError 10061] 由于目标计算机积极拒绝，无法连接。，仅使用向量搜索
2026-07-22 10:17:20.449 | ERROR    | N/A | _search 执行失败: [WinError 10061] 由于目标计算机积极拒绝，无法连接。
2026-07-22 10:17:22.478 | INFO     | N/A | 🔍 执行混合检索 | Collection: attractions | Query: 北京 必去景点文化 景点 历史文化 特色 | City: 北京
2026-07-22 10:17:24.512 | WARNING  | N/A | 关键词搜索失败: [WinError 10061] 由于目标计算机积极拒绝，无法连接。，仅使用向量搜索
2026-07-22 10:17:26.533 | ERROR    | N/A | _search 执行失败: [WinError 10061] 由于目标计算机积极拒绝，无法连接。
2026-07-22 10:17:28.585 | INFO     | N/A | 🔍 执行混合检索 | Collection: attractions | Query: 北京文化游 素食 不吃辣 美食推荐 | City: 北京
2026-07-22 10:17:30.627 | WARNING  | N/A | 关键词搜索失败: [WinError 10061] 由于目标计算机积极拒绝，无法连接。，仅使用向量搜索
2026-07-22 10:17:32.664 | ERROR    | N/A | _search 执行失败: [WinError 10061] 由于目标计算机积极拒绝，无法连接。
2026-07-22 10:26:05.657 | INFO     | N/A | 进入天气查询工具
2026-07-22 10:26:05.661 | INFO     | N/A | 🔍 执行混合检索 | Collection: attractions | Query: 北京 必去景点 故宫 长城 天坛 颐和园 文化 景点 历史文化 特色 | City: 北京
2026-07-22 10:26:07.697 | WARNING  | N/A | 关键词搜索失败: [WinError 10061] 由于目标计算机积极拒绝，无法连接。，仅使用向量搜索
2026-07-22 10:26:09.744 | ERROR    | N/A | _search 执行失败: [WinError 10061] 由于目标计算机积极拒绝，无法连接。
2026-07-22 10:26:11.768 | INFO     | N/A | 🔍 执行混合检索 | Collection: classic_routes | Query: 北京 3日游 经典行程 | City: 北京
2026-07-22 10:26:13.810 | WARNING  | N/A | 关键词搜索失败: [WinError 10061] 由于目标计算机积极拒绝，无法连接。，仅使用向量搜索
2026-07-22 10:26:15.831 | ERROR    | N/A | _search 执行失败: [WinError 10061] 由于目标计算机积极拒绝，无法连接。
2026-07-22 10:26:17.869 | INFO     | N/A | 🔍 执行混合检索 | Collection: user_plans | Query: 北京 文化游 中等预算 适中节奏 游记 行程 | City: 北京
2026-07-22 10:26:19.919 | WARNING  | N/A | 关键词搜索失败: [WinError 10061] 由于目标计算机积极拒绝，无法连接。，仅使用向量搜索
2026-07-22 10:26:21.964 | ERROR    | N/A | _search 执行失败: [WinError 10061] 由于目标计算机积极拒绝，无法连接。
2026-07-22 10:26:28.114 | INFO     | N/A | 🔍 执行混合检索 | Collection: attractions | Query: 北京 景点 文化 历史 故宫 长城 天坛 颐和园 | City: 北京
2026-07-22 10:26:30.191 | WARNING  | N/A | 关键词搜索失败: [WinError 10061] 由于目标计算机积极拒绝，无法连接。，仅使用向量搜索
2026-07-22 10:26:32.227 | ERROR    | N/A | _search 执行失败: [WinError 10061] 由于目标计算机积极拒绝，无法连接。
2026-07-22 10:26:34.237 | INFO     | N/A | 🔍 执行混合检索 | Collection: user_plans | Query: 北京 文化游 用户行程 3天 中等预算 | City: 北京
2026-07-22 10:26:36.288 | WARNING  | N/A | 关键词搜索失败: [WinError 10061] 由于目标计算机积极拒绝，无法连接。，仅使用向量搜索
2026-07-22 10:26:38.310 | ERROR    | N/A | _search 执行失败: [WinError 10061] 由于目标计算机积极拒绝，无法连接。
2026-07-22 10:26:40.331 | INFO     | N/A | 🔍 执行混合检索 | Collection: classic_routes | Query: 北京 三日游 经典行程 故宫 长城 天坛 | City: 北京
2026-07-22 10:26:42.365 | WARNING  | N/A | 关键词搜索失败: [WinError 10061] 由于目标计算机积极拒绝，无法连接。，仅使用向量搜索
2026-07-22 10:26:44.398 | ERROR    | N/A | _search 执行失败: [WinError 10061] 由于目标计算机积极拒绝，无法连接。
2026-07-22 10:34:01.077 | INFO     | N/A | 进入天气查询工具
2026-07-22 10:34:01.077 | INFO     | N/A | 🔍 执行混合检索 | Collection: classic_routes | Query: 北京 3日游 经典行程 | City: 北京
2026-07-22 10:34:01.079 | INFO     | N/A | 进入天气查询工具
2026-07-22 10:34:01.080 | INFO     | N/A | 进入天气查询工具
2026-07-22 10:34:03.119 | WARNING  | N/A | 关键词搜索失败: [WinError 10061] 由于目标计算机积极拒绝，无法连接。，仅使用向量搜索
2026-07-22 10:34:05.135 | ERROR    | N/A | _search 执行失败: [WinError 10061] 由于目标计算机积极拒绝，无法连接。
2026-07-22 10:34:07.163 | INFO     | N/A | 🔍 执行混合检索 | Collection: user_plans | Query: 北京 文化游 素食 不吃辣 适中节奏 游记 行程 | City: 北京
2026-07-22 10:34:09.203 | WARNING  | N/A | 关键词搜索失败: [WinError 10061] 由于目标计算机积极拒绝，无法连接。，仅使用向量搜索
2026-07-22 10:34:11.228 | ERROR    | N/A | _search 执行失败: [WinError 10061] 由于目标计算机积极拒绝，无法连接。
2026-07-22 10:34:18.339 | INFO     | N/A | 🔍 执行混合检索 | Collection: attractions | Query: 北京 天安门 长城 颐和园 景点 历史文化 特色 | City: 北京
2026-07-22 10:34:20.369 | WARNING  | N/A | 关键词搜索失败: [WinError 10061] 由于目标计算机积极拒绝，无法连接。，仅使用向量搜索
2026-07-22 10:34:22.375 | ERROR    | N/A | _search 执行失败: [WinError 10061] 由于目标计算机积极拒绝，无法连接。
2026-07-22 10:34:24.408 | INFO     | N/A | 🔍 执行混合检索 | Collection: attractions | Query: 北京 天坛 北海 什刹海 景点 历史文化 特色 | City: 北京
2026-07-22 10:34:26.462 | WARNING  | N/A | 关键词搜索失败: [WinError 10061] 由于目标计算机积极拒绝，无法连接。，仅使用向量搜索
2026-07-22 10:34:28.479 | ERROR    | N/A | _search 执行失败: [WinError 10061] 由于目标计算机积极拒绝，无法连接。
2026-07-22 10:34:30.512 | INFO     | N/A | 🔍 执行混合检索 | Collection: attractions | Query: 北京 故宫 景点 历史文化 特色 | City: 北京
2026-07-22 10:34:32.560 | WARNING  | N/A | 关键词搜索失败: [WinError 10061] 由于目标计算机积极拒绝，无法连接。，仅使用向量搜索
2026-07-22 10:34:34.588 | ERROR    | N/A | _search 执行失败: [WinError 10061] 由于目标计算机积极拒绝，无法连接。
2026-07-22 10:34:36.607 | INFO     | N/A | 🔍 执行混合检索 | Collection: attractions | Query: 北京素食餐厅推荐 不吃辣 | City: 北京
2026-07-22 10:34:38.665 | WARNING  | N/A | 关键词搜索失败: [WinError 10061] 由于目标计算机积极拒绝，无法连接。，仅使用向量搜索
2026-07-22 10:34:40.679 | ERROR    | N/A | _search 执行失败: [WinError 10061] 由于目标计算机积极拒绝，无法连接。
2026-07-22 10:34:42.996 | INFO     | N/A | 🔍 执行混合检索 | Collection: classic_routes | Query: 北京3日游经典行程文化游 | City: 北京
2026-07-22 10:34:45.036 | WARNING  | N/A | 关键词搜索失败: [WinError 10061] 由于目标计算机积极拒绝，无法连接。，仅使用向量搜索
2026-07-22 10:34:47.070 | ERROR    | N/A | _search 执行失败: [WinError 10061] 由于目标计算机积极拒绝，无法连接。
2026-07-22 10:51:53.089 | INFO     | N/A | 进入天气查询工具
2026-07-22 10:51:53.106 | INFO     | N/A | 🔍 执行混合检索 | Collection: user_plans | Query: 北京 文化游 素食 不吃辣 适中节奏 游记 行程 | City: 北京
2026-07-22 10:51:55.152 | WARNING  | N/A | 关键词搜索失败: [WinError 10061] 由于目标计算机积极拒绝，无法连接。，仅使用向量搜索
2026-07-22 10:51:57.187 | ERROR    | N/A | _search 执行失败: [WinError 10061] 由于目标计算机积极拒绝，无法连接。
2026-07-22 10:51:59.217 | INFO     | N/A | 🔍 执行混合检索 | Collection: classic_routes | Query: 北京 3日游 经典行程 | City: 北京
2026-07-22 10:52:01.267 | WARNING  | N/A | 关键词搜索失败: [WinError 10061] 由于目标计算机积极拒绝，无法连接。，仅使用向量搜索
2026-07-22 10:52:03.276 | ERROR    | N/A | _search 执行失败: [WinError 10061] 由于目标计算机积极拒绝，无法连接。
2026-07-22 10:52:05.324 | INFO     | N/A | 🔍 执行混合检索 | Collection: attractions | Query: 北京  景点 历史文化 特色 | City: 北京
2026-07-22 10:52:07.360 | WARNING  | N/A | 关键词搜索失败: [WinError 10061] 由于目标计算机积极拒绝，无法连接。，仅使用向量搜索
2026-07-22 10:52:09.376 | ERROR    | N/A | _search 执行失败: [WinError 10061] 由于目标计算机积极拒绝，无法连接。
2026-07-22 10:52:16.557 | INFO     | N/A | 🔍 执行混合检索 | Collection: attractions | Query: 北京素食餐厅不吃辣推荐 | City: 北京
2026-07-22 10:52:18.609 | WARNING  | N/A | 关键词搜索失败: [WinError 10061] 由于目标计算机积极拒绝，无法连接。，仅使用向量搜索
2026-07-22 10:52:20.648 | ERROR    | N/A | _search 执行失败: [WinError 10061] 由于目标计算机积极拒绝，无法连接。
2026-07-22 10:52:22.686 | INFO     | N/A | 🔍 执行混合检索 | Collection: attractions | Query: 北京故宫天安门颐和园长城文化游 | City: 北京
2026-07-22 10:52:24.727 | WARNING  | N/A | 关键词搜索失败: [WinError 10061] 由于目标计算机积极拒绝，无法连接。，仅使用向量搜索
2026-07-22 10:52:26.741 | ERROR    | N/A | _search 执行失败: [WinError 10061] 由于目标计算机积极拒绝，无法连接。
2026-07-22 10:52:28.792 | INFO     | N/A | 🔍 执行混合检索 | Collection: classic_routes | Query: 北京3日经典行程文化游 | City: 北京
2026-07-22 10:52:30.829 | WARNING  | N/A | 关键词搜索失败: [WinError 10061] 由于目标计算机积极拒绝，无法连接。，仅使用向量搜索
2026-07-22 10:52:32.840 | ERROR    | N/A | _search 执行失败: [WinError 10061] 由于目标计算机积极拒绝，无法连接。
2026-07-22 11:44:54.012 | INFO     | N/A | 进入天气查询工具
2026-07-22 11:44:54.013 | INFO     | N/A | 进入天气查询工具
2026-07-22 11:44:54.013 | INFO     | N/A | 🔍 执行混合检索 | Collection: classic_routes | Query: 北京 3日游 经典行程 | City: 北京
2026-07-22 11:44:54.273 | INFO     | N/A | 进入天气查询工具
2026-07-22 11:44:56.059 | WARNING  | N/A | 关键词搜索失败: [WinError 10061] 由于目标计算机积极拒绝，无法连接。，仅使用向量搜索
2026-07-22 11:44:58.078 | ERROR    | N/A | _search 执行失败: [WinError 10061] 由于目标计算机积极拒绝，无法连接。
2026-07-22 11:45:00.118 | INFO     | N/A | 🔍 执行混合检索 | Collection: attractions | Query: 北京  景点 历史文化 特色 | City: 北京
2026-07-22 11:45:02.161 | WARNING  | N/A | 关键词搜索失败: [WinError 10061] 由于目标计算机积极拒绝，无法连接。，仅使用向量搜索
2026-07-22 11:45:04.179 | ERROR    | N/A | _search 执行失败: [WinError 10061] 由于目标计算机积极拒绝，无法连接。
2026-07-22 11:45:06.204 | INFO     | N/A | 🔍 执行混合检索 | Collection: user_plans | Query: 北京 文化游 3天 北京 游记 行程 | City: 北京
2026-07-22 11:45:08.254 | WARNING  | N/A | 关键词搜索失败: [WinError 10061] 由于目标计算机积极拒绝，无法连接。，仅使用向量搜索
2026-07-22 11:45:10.280 | ERROR    | N/A | _search 执行失败: [WinError 10061] 由于目标计算机积极拒绝，无法连接。
2026-07-22 11:45:16.907 | INFO     | N/A | 🔍 执行混合检索 | Collection: classic_routes | Query: 北京 3日游 行程规划 文化游 | City: 北京
2026-07-22 11:45:18.950 | WARNING  | N/A | 关键词搜索失败: [WinError 10061] 由于目标计算机积极拒绝，无法连接。，仅使用向量搜索
2026-07-22 11:45:20.972 | ERROR    | N/A | _search 执行失败: [WinError 10061] 由于目标计算机积极拒绝，无法连接。
2026-07-22 11:45:22.993 | INFO     | N/A | 🔍 执行混合检索 | Collection: attractions | Query: 北京 必去景点 故宫 天安门 长城 | City: 北京
2026-07-22 11:45:25.036 | WARNING  | N/A | 关键词搜索失败: [WinError 10061] 由于目标计算机积极拒绝，无法连接。，仅使用向量搜索
2026-07-22 11:45:27.053 | ERROR    | N/A | _search 执行失败: [WinError 10061] 由于目标计算机积极拒绝，无法连接。
2026-07-22 11:45:29.103 | INFO     | N/A | 🔍 执行混合检索 | Collection: attractions | Query: 北京 素食 餐厅 不吃辣 推荐 | City: 北京
2026-07-22 11:45:31.155 | WARNING  | N/A | 关键词搜索失败: [WinError 10061] 由于目标计算机积极拒绝，无法连接。，仅使用向量搜索
2026-07-22 11:45:33.186 | ERROR    | N/A | _search 执行失败: [WinError 10061] 由于目标计算机积极拒绝，无法连接。
2026-07-22 11:52:12.781 | INFO     | N/A | 🔍 执行混合检索 | Collection: classic_routes | Query: 北京 3日游 经典行程 | City: 北京
2026-07-22 11:52:12.782 | INFO     | N/A | 进入天气查询工具
2026-07-22 11:52:12.784 | INFO     | N/A | 进入天气查询工具
2026-07-22 11:52:12.989 | INFO     | N/A | 进入天气查询工具
2026-07-22 11:52:14.843 | WARNING  | N/A | 关键词搜索失败: [WinError 10061] 由于目标计算机积极拒绝，无法连接。，仅使用向量搜索
2026-07-22 11:52:16.856 | ERROR    | N/A | _search 执行失败: [WinError 10061] 由于目标计算机积极拒绝，无法连接。
2026-07-22 11:52:18.902 | INFO     | N/A | 🔍 执行混合检索 | Collection: user_plans | Query: 北京 文化游 素食 三天 游记 行程 | City: 北京
2026-07-22 11:52:20.950 | WARNING  | N/A | 关键词搜索失败: [WinError 10061] 由于目标计算机积极拒绝，无法连接。，仅使用向量搜索
2026-07-22 11:52:22.966 | ERROR    | N/A | _search 执行失败: [WinError 10061] 由于目标计算机积极拒绝，无法连接。
2026-07-22 11:52:25.003 | INFO     | N/A | 🔍 执行混合检索 | Collection: attractions | Query: 北京 故宫 长城 颐和园 天坛 天安门 景点 历史文化 特色 | City: 北京
2026-07-22 11:52:27.044 | WARNING  | N/A | 关键词搜索失败: [WinError 10061] 由于目标计算机积极拒绝，无法连接。，仅使用向量搜索
2026-07-22 11:52:29.056 | ERROR    | N/A | _search 执行失败: [WinError 10061] 由于目标计算机积极拒绝，无法连接。
2026-07-22 11:52:35.025 | INFO     | N/A | 🔍 执行混合检索 | Collection: attractions | Query: 北京故宫天安门长城颐和园天坛景点门票开放时间 | City: 北京
2026-07-22 11:52:37.070 | WARNING  | N/A | 关键词搜索失败: [WinError 10061] 由于目标计算机积极拒绝，无法连接。，仅使用向量搜索
2026-07-22 11:52:39.083 | ERROR    | N/A | _search 执行失败: [WinError 10061] 由于目标计算机积极拒绝，无法连接。
2026-07-22 11:52:41.104 | INFO     | N/A | 🔍 执行混合检索 | Collection: attractions | Query: 北京素食餐厅素食推荐不吃辣 | City: 北京
2026-07-22 11:52:43.165 | WARNING  | N/A | 关键词搜索失败: [WinError 10061] 由于目标计算机积极拒绝，无法连接。，仅使用向量搜索
2026-07-22 11:52:45.186 | ERROR    | N/A | _search 执行失败: [WinError 10061] 由于目标计算机积极拒绝，无法连接。
2026-07-22 11:52:47.200 | INFO     | N/A | 🔍 执行混合检索 | Collection: classic_routes | Query: 北京三日游经典路线行程规划文化游 | City: 北京
2026-07-22 11:52:49.245 | WARNING  | N/A | 关键词搜索失败: [WinError 10061] 由于目标计算机积极拒绝，无法连接。，仅使用向量搜索
2026-07-22 11:52:51.261 | ERROR    | N/A | _search 执行失败: [WinError 10061] 由于目标计算机积极拒绝，无法连接。
2026-07-22 12:00:14.556 | INFO     | N/A | 进入天气查询工具
2026-07-22 12:00:14.560 | INFO     | N/A | 🔍 执行混合检索 | Collection: classic_routes | Query: 北京 3日游 经典行程 | City: 北京
2026-07-22 12:00:16.599 | WARNING  | N/A | 关键词搜索失败: [WinError 10061] 由于目标计算机积极拒绝，无法连接。，仅使用向量搜索
2026-07-22 12:00:18.611 | ERROR    | N/A | _search 执行失败: [WinError 10061] 由于目标计算机积极拒绝，无法连接。
2026-07-22 12:00:20.634 | INFO     | N/A | 🔍 执行混合检索 | Collection: user_plans | Query: 北京 文化游 3天 中等预算 游记 行程 | City: 北京
2026-07-22 12:00:22.683 | WARNING  | N/A | 关键词搜索失败: [WinError 10061] 由于目标计算机积极拒绝，无法连接。，仅使用向量搜索
2026-07-22 12:00:24.714 | ERROR    | N/A | _search 执行失败: [WinError 10061] 由于目标计算机积极拒绝，无法连接。
2026-07-22 12:00:26.750 | INFO     | N/A | 🔍 执行混合检索 | Collection: attractions | Query: 北京  景点 历史文化 特色 | City: 北京
2026-07-22 12:00:28.796 | WARNING  | N/A | 关键词搜索失败: [WinError 10061] 由于目标计算机积极拒绝，无法连接。，仅使用向量搜索
2026-07-22 12:00:30.824 | ERROR    | N/A | _search 执行失败: [WinError 10061] 由于目标计算机积极拒绝，无法连接。
2026-07-22 12:00:37.505 | INFO     | N/A | 🔍 执行混合检索 | Collection: classic_routes | Query: 北京3日游 经典行程 文化游 | City: 北京
2026-07-22 12:00:39.553 | WARNING  | N/A | 关键词搜索失败: [WinError 10061] 由于目标计算机积极拒绝，无法连接。，仅使用向量搜索
2026-07-22 12:00:41.575 | ERROR    | N/A | _search 执行失败: [WinError 10061] 由于目标计算机积极拒绝，无法连接。
2026-07-22 12:00:43.612 | INFO     | N/A | 🔍 执行混合检索 | Collection: attractions | Query: 北京故宫 天安门 长城 景点 | City: 北京
2026-07-22 12:00:45.656 | WARNING  | N/A | 关键词搜索失败: [WinError 10061] 由于目标计算机积极拒绝，无法连接。，仅使用向量搜索
2026-07-22 12:00:47.679 | ERROR    | N/A | _search 执行失败: [WinError 10061] 由于目标计算机积极拒绝，无法连接。
2026-07-22 12:00:49.709 | INFO     | N/A | 🔍 执行混合检索 | Collection: attractions | Query: 北京 素食 餐厅 美食 推荐 | City: 北京
2026-07-22 12:00:51.756 | WARNING  | N/A | 关键词搜索失败: [WinError 10061] 由于目标计算机积极拒绝，无法连接。，仅使用向量搜索
2026-07-22 12:00:53.790 | ERROR    | N/A | _search 执行失败: [WinError 10061] 由于目标计算机积极拒绝，无法连接。
2026-07-22 12:00:59.345 | INFO     | N/A | 进入天气查询工具
