2026-07-06 14:58:20.969 | INFO     | N/A | 进入天气查询工具
2026-07-06 14:58:20.975 | INFO     | N/A | 🔍 执行混合检索 | Collection: classic_routes | Query: 杭州 2日游 经典行程 | City: 杭州
2026-07-06 14:58:21.207 | INFO     | N/A | 混合检索完成 → 召回 0 条
2026-07-06 14:58:21.214 | INFO     | N/A | 🔍 执行混合检索 | Collection: attractions | Query: 杭州 西湖 景点 历史文化 特色 | City: 杭州
2026-07-06 14:58:21.305 | INFO     | N/A | 混合检索完成 → 召回 2 条
2026-07-06 14:58:21.307 | INFO     | N/A | 🔍 执行混合检索 | Collection: user_plans | Query: 杭州 文化游 适中 素食 游记 行程 | City: 杭州
2026-07-06 14:58:21.335 | INFO     | N/A | 混合检索完成 → 召回 0 条
2026-07-06 15:05:09.771 | INFO     | N/A | 进入天气查询工具
2026-07-06 15:05:09.772 | INFO     | N/A | 进入天气查询工具
2026-07-06 15:05:09.780 | INFO     | N/A | 🔍 执行混合检索 | Collection: classic_routes | Query: 北京 3日游 经典行程 | City: 北京
2026-07-06 15:05:09.780 | INFO     | N/A | 进入天气查询工具
2026-07-06 15:05:09.809 | INFO     | N/A | 混合检索完成 → 召回 0 条
2026-07-06 15:05:09.815 | INFO     | N/A | 🔍 执行混合检索 | Collection: user_plans | Query: 北京 中等预算 适中节奏 文化游 素食 不吃辣 经济型住宿 游记 行程 | City: 北京
2026-07-06 15:05:09.852 | INFO     | N/A | 混合检索完成 → 召回 0 条
2026-07-06 15:05:09.855 | INFO     | N/A | 🔍 执行混合检索 | Collection: attractions | Query: 北京 故宫 天坛 长城 颐和园 景山 胡同 景点 历史文化 特色 | City: 北京
2026-07-06 15:05:09.940 | INFO     | N/A | 混合检索完成 → 召回 3 条
2026-07-06 15:14:16.506 | INFO     | N/A | 进入天气查询工具
2026-07-06 15:14:16.513 | INFO     | N/A | 🔍 执行混合检索 | Collection: attractions | Query: 杭州 西湖 景点 历史文化 特色 | City: 杭州
2026-07-06 15:14:16.610 | INFO     | N/A | 混合检索完成 → 召回 2 条
2026-07-06 15:14:16.614 | INFO     | N/A | 🔍 执行混合检索 | Collection: classic_routes | Query: 杭州 2日游 经典行程 | City: 杭州
2026-07-06 15:14:16.640 | INFO     | N/A | 混合检索完成 → 召回 0 条
2026-07-06 15:14:16.645 | INFO     | N/A | 🔍 执行混合检索 | Collection: user_plans | Query: 杭州 文化游 2天 中等预算 游记 行程 | City: 杭州
2026-07-06 15:14:16.675 | INFO     | N/A | 混合检索完成 → 召回 0 条
2026-07-06 15:14:22.988 | INFO     | N/A | 🔍 执行混合检索 | Collection: attractions | Query: 杭州 雷峰塔 景点 历史文化 特色 | City: 杭州
2026-07-06 15:14:23.058 | INFO     | N/A | 混合检索完成 → 召回 2 条
2026-07-06 15:14:23.062 | INFO     | N/A | 🔍 执行混合检索 | Collection: attractions | Query: 杭州 河坊街 南宋御街 景点 历史文化 特色 | City: 杭州
2026-07-06 15:14:23.163 | INFO     | N/A | 混合检索完成 → 召回 2 条
2026-07-06 15:14:23.169 | INFO     | N/A | 🔍 执行混合检索 | Collection: attractions | Query: 杭州 龙井 景点 历史文化 特色 | City: 杭州
2026-07-06 15:14:23.238 | INFO     | N/A | 混合检索完成 → 召回 2 条
2026-07-06 15:14:23.242 | INFO     | N/A | 🔍 执行混合检索 | Collection: attractions | Query: 杭州美食 龙井虾仁 知味观 素食 推荐餐厅 | City: 杭州
2026-07-06 15:14:23.315 | INFO     | N/A | 混合检索完成 → 召回 2 条
2026-07-06 15:14:27.887 | INFO     | N/A | 🔍 执行混合检索 | Collection: attractions | Query: 杭州 西溪湿地 景点 历史文化 特色 | City: 杭州
2026-07-06 15:14:27.956 | INFO     | N/A | 混合检索完成 → 召回 2 条
2026-07-06 15:14:27.964 | INFO     | N/A | 🔍 执行混合检索 | Collection: attractions | Query: 杭州 九溪 龙井村 满觉陇 景点 历史文化 特色 | City: 杭州
2026-07-06 15:14:28.048 | INFO     | N/A | 混合检索完成 → 召回 2 条
2026-07-06 15:14:28.057 | INFO     | N/A | 🔍 执行混合检索 | Collection: attractions | Query: 杭州 中国丝绸博物馆 京杭大运河 景点 历史文化 特色 | City: 杭州
2026-07-06 15:14:28.140 | INFO     | N/A | 混合检索完成 → 召回 2 条
2026-07-06 15:14:28.143 | INFO     | N/A | 🔍 执行混合检索 | Collection: user_plans | Query: 杭州 文化游 2天 素食 游记 行程 | City: 杭州
2026-07-06 15:14:28.167 | INFO     | N/A | 混合检索完成 → 召回 0 条
2026-07-06 15:14:31.050 | INFO     | N/A | 🔍 执行混合检索 | Collection: attractions | Query: 杭州素食餐厅推荐 知味观 楼外楼 杭州美食 | City: 杭州
2026-07-06 15:14:31.111 | INFO     | N/A | 混合检索完成 → 召回 2 条
2026-07-06 15:15:05.185 | INFO     | N/A | 进入天气查询工具
2026-07-06 15:15:05.189 | INFO     | N/A | 🔍 执行混合检索 | Collection: classic_routes | Query: 杭州 2日游 经典行程 | City: 杭州
2026-07-06 15:15:05.234 | INFO     | N/A | 混合检索完成 → 召回 0 条
2026-07-06 15:15:05.239 | INFO     | N/A | 🔍 执行混合检索 | Collection: user_plans | Query: 杭州 文化游 素食 不吃辣 游记 行程 | City: 杭州
2026-07-06 15:15:05.273 | INFO     | N/A | 混合检索完成 → 召回 0 条
